Archive member included to satisfy reference by file (symbol)

c:/mounriver/mounriver_studio2/resources/app/resources/win32/components/wch/toolchain/risc-v embedded gcc/bin/../lib/gcc/riscv-none-embed/8.2.0/rv32imacxw/ilp32\libgcc.a(_clzsi2.o)
                              ./User/FAT/src/lfs.o (__clzsi2)
c:/mounriver/mounriver_studio2/resources/app/resources/win32/components/wch/toolchain/risc-v embedded gcc/bin/../lib/gcc/riscv-none-embed/8.2.0/rv32imacxw/ilp32\libgcc.a(_ctzsi2.o)
                              ./User/FAT/src/lfs.o (__ctzsi2)
c:/mounriver/mounriver_studio2/resources/app/resources/win32/components/wch/toolchain/risc-v embedded gcc/bin/../lib/gcc/riscv-none-embed/8.2.0/rv32imacxw/ilp32\libgcc.a(_popcountsi2.o)
                              ./User/FAT/src/lfs.o (__popcountsi2)
c:/mounriver/mounriver_studio2/resources/app/resources/win32/components/wch/toolchain/risc-v embedded gcc/bin/../lib/gcc/riscv-none-embed/8.2.0/rv32imacxw/ilp32\libgcc.a(_bswapsi2.o)
                              ./User/FAT/src/lfs.o (__bswapsi2)
c:/mounriver/mounriver_studio2/resources/app/resources/win32/components/wch/toolchain/risc-v embedded gcc/bin/../lib/gcc/riscv-none-embed/8.2.0/rv32imacxw/ilp32\libgcc.a(_divdi3.o)
                              ./Peripheral/src/ch32v20x_usart.o (__divdi3)
c:/mounriver/mounriver_studio2/resources/app/resources/win32/components/wch/toolchain/risc-v embedded gcc/bin/../lib/gcc/riscv-none-embed/8.2.0/rv32imacxw/ilp32\libgcc.a(_udivdi3.o)
                              ./Peripheral/src/ch32v20x_usart.o (__udivdi3)
c:/mounriver/mounriver_studio2/resources/app/resources/win32/components/wch/toolchain/risc-v embedded gcc/bin/../lib/gcc/riscv-none-embed/8.2.0/rv32imacxw/ilp32\libgcc.a(save-restore.o)
                              ./User/VMIOX/src/execute.o (__riscv_save_12)
c:/mounriver/mounriver_studio2/resources/app/resources/win32/components/wch/toolchain/risc-v embedded gcc/bin/../lib/gcc/riscv-none-embed/8.2.0/rv32imacxw/ilp32\libgcc.a(_clz.o)
                              c:/mounriver/mounriver_studio2/resources/app/resources/win32/components/wch/toolchain/risc-v embedded gcc/bin/../lib/gcc/riscv-none-embed/8.2.0/rv32imacxw/ilp32\libgcc.a(_clzsi2.o) (__clz_tab)
c:/mounriver/mounriver_studio2/resources/app/resources/win32/components/wch/toolchain/risc-v embedded gcc/bin/../lib/gcc/riscv-none-embed/8.2.0/../../../../riscv-none-embed/lib/rv32imacxw/ilp32\libg_nano.a(lib_a-assert.o)
                              ./User/FAT/src/lfs.o (__assert_func)
c:/mounriver/mounriver_studio2/resources/app/resources/win32/components/wch/toolchain/risc-v embedded gcc/bin/../lib/gcc/riscv-none-embed/8.2.0/../../../../riscv-none-embed/lib/rv32imacxw/ilp32\libg_nano.a(lib_a-fprintf.o)
                              c:/mounriver/mounriver_studio2/resources/app/resources/win32/components/wch/toolchain/risc-v embedded gcc/bin/../lib/gcc/riscv-none-embed/8.2.0/../../../../riscv-none-embed/lib/rv32imacxw/ilp32\libg_nano.a(lib_a-assert.o) (fiprintf)
c:/mounriver/mounriver_studio2/resources/app/resources/win32/components/wch/toolchain/risc-v embedded gcc/bin/../lib/gcc/riscv-none-embed/8.2.0/../../../../riscv-none-embed/lib/rv32imacxw/ilp32\libg_nano.a(lib_a-impure.o)
                              c:/mounriver/mounriver_studio2/resources/app/resources/win32/components/wch/toolchain/risc-v embedded gcc/bin/../lib/gcc/riscv-none-embed/8.2.0/../../../../riscv-none-embed/lib/rv32imacxw/ilp32\libg_nano.a(lib_a-assert.o) (_impure_ptr)
c:/mounriver/mounriver_studio2/resources/app/resources/win32/components/wch/toolchain/risc-v embedded gcc/bin/../lib/gcc/riscv-none-embed/8.2.0/../../../../riscv-none-embed/lib/rv32imacxw/ilp32\libg_nano.a(lib_a-malloc.o)
                              ./User/FAT/src/lfs.o (malloc)
c:/mounriver/mounriver_studio2/resources/app/resources/win32/components/wch/toolchain/risc-v embedded gcc/bin/../lib/gcc/riscv-none-embed/8.2.0/../../../../riscv-none-embed/lib/rv32imacxw/ilp32\libg_nano.a(lib_a-memcmp.o)
                              ./User/FAT/src/lfs.o (memcmp)
c:/mounriver/mounriver_studio2/resources/app/resources/win32/components/wch/toolchain/risc-v embedded gcc/bin/../lib/gcc/riscv-none-embed/8.2.0/../../../../riscv-none-embed/lib/rv32imacxw/ilp32\libg_nano.a(lib_a-memcpy.o)
                              ./User/comms/src/comms.o (memcpy)
c:/mounriver/mounriver_studio2/resources/app/resources/win32/components/wch/toolchain/risc-v embedded gcc/bin/../lib/gcc/riscv-none-embed/8.2.0/../../../../riscv-none-embed/lib/rv32imacxw/ilp32\libg_nano.a(lib_a-memset.o)
                              ./User/Features/src/adc.o (memset)
c:/mounriver/mounriver_studio2/resources/app/resources/win32/components/wch/toolchain/risc-v embedded gcc/bin/../lib/gcc/riscv-none-embed/8.2.0/../../../../riscv-none-embed/lib/rv32imacxw/ilp32\libg_nano.a(lib_a-nano-freer.o)
[...]
Memory Configuration

Name             Origin             Length             Attributes
FLASH            0x0000000000000000 0x0000000000010000 xr
RAM              0x0000000020000000 0x0000000000005000 xrw
*default*        0x0000000000000000 0xffffffffffffffff

Linker script and memory map

LOAD ./User/comms/src/comms.o
LOAD ./User/comms/src/i2c_device.o
LOAD ./User/comms/src/protocol.o
LOAD ./User/VMIOX/src/execute.o
LOAD ./User/VMIOX/src/opcodes.o
LOAD ./User/USB_Serial/src/ch32v20x_usbfs_device.o
LOAD ./User/USB_Serial/src/usb_desc.o
LOAD ./User/USB_Serial/src/usb_serial.o
LOAD ./User/Features/src/adc.o
LOAD ./User/Features/src/fs.o
LOAD ./User/Features/src/gpio.o
LOAD ./User/Features/src/i2c.o
LOAD ./User/Features/src/neopixel.o
LOAD ./User/Features/src/one_wire.o
LOAD ./User/Features/src/pulse_in.o
LOAD ./User/Features/src/pulse_out.o
LOAD ./User/Features/src/pwm.o
LOAD ./User/Features/src/spi.o
LOAD ./User/Features/src/touchkey.o
LOAD ./User/FAT/src/lfs.o
LOAD ./User/FAT/src/lfs_util.o
LOAD ./User/ch32v20x_it.o
LOAD ./User/main.o
LOAD ./User/system_ch32v20x.o
LOAD ./Startup/startup_ch32v20x_D6.o
LOAD ./Peripheral/src/ch32v20x_adc.o
LOAD ./Peripheral/src/ch32v20x_bkp.o
LOAD ./Peripheral/src/ch32v20x_can.o
LOAD ./Peripheral/src/ch32v20x_crc.o
LOAD ./Peripheral/src/ch32v20x_dbgmcu.o
LOAD ./Peripheral/src/ch32v20x_dma.o
LOAD ./Peripheral/src/ch32v20x_exti.o
LOAD ./Peripheral/src/ch32v20x_flash.o
LOAD ./Peripheral/src/ch32v20x_gpio.o
LOAD ./Peripheral/src/ch32v20x_i2c.o
LOAD ./Peripheral/src/ch32v20x_iwdg.o
LOAD ./Peripheral/src/ch32v20x_misc.o
LOAD ./Peripheral/src/ch32v20x_opa.o
LOAD ./Peripheral/src/ch32v20x_pwr.o
LOAD ./Peripheral/src/ch32v20x_rcc.o
LOAD ./Peripheral/src/ch32v20x_rtc.o
LOAD ./Peripheral/src/ch32v20x_spi.o
LOAD ./Peripheral/src/ch32v20x_tim.o
LOAD ./Peripheral/src/ch32v20x_usart.o
LOAD ./Peripheral/src/ch32v20x_wwdg.o
LOAD ./Debug/debug.o
LOAD ./Core/core_riscv.o
LOAD c:/mounriver/mounriver_studio2/resources/app/resources/win32/components/wch/toolchain/risc-v embedded gcc/bin/../lib/gcc/riscv-none-embed/8.2.0/../../../../riscv-none-embed/lib/rv32imacxw/ilp32\libm.a
LOAD c:/mounriver/mounriver_studio2/resources/app/resources/win32/components/wch/toolchain/risc-v embedded gcc/bin/../lib/gcc/riscv-none-embed/8.2.0/rv32imacxw/ilp32\libgcc.a
LOAD c:/mounriver/mounriver_studio2/resources/app/resources/win32/components/wch/toolchain/risc-v embedded gcc/bin/../lib/gcc/riscv-none-embed/8.2.0/../../../../riscv-none-embed/lib/rv32imacxw/ilp32\libg_nano.a
LOAD c:/mounriver/mounriver_studio2/resources/app/resources/win32/components/wch/toolchain/risc-v embedded gcc/bin/../lib/gcc/riscv-none-embed/8.2.0/../../../../riscv-none-embed/lib/rv32imacxw/ilp32\libc_nano.a
LOAD c:/mounriver/mounriver_studio2/resources/app/resources/win32/components/wch/toolchain/risc-v embedded gcc/bin/../lib/gcc/riscv-none-embed/8.2.0/rv32imacxw/ilp32\libgcc.a
START GROUP
LOAD c:/mounriver/mounriver_studio2/resources/app/resources/win32/components/wch/toolchain/risc-v embedded gcc/bin/../lib/gcc/riscv-none-embed/8.2.0/rv32imacxw/ilp32\libgcc.a
LOAD c:/mounriver/mounriver_studio2/resources/app/resources/win32/components/wch/toolchain/risc-v embedded gcc/bin/../lib/gcc/riscv-none-embed/8.2.0/../../../../riscv-none-embed/lib/rv32imacxw/ilp32\libc_nano.a
LOAD c:/mounriver/mounriver_studio2/resources/app/resources/win32/components/wch/toolchain/risc-v embedded gcc/bin/../lib/gcc/riscv-none-embed/8.2.0/../../../../riscv-none-embed/lib/rv32imacxw/ilp32\libnosys.a
END GROUP
START GROUP
LOAD c:/mounriver/mounriver_studio2/resources/app/resources/win32/components/wch/toolchain/risc-v embedded gcc/bin/../lib/gcc/riscv-none-embed/8.2.0/rv32imacxw/ilp32\libgcc.a
LOAD c:/mounriver/mounriver_studio2/resources/app/resources/win32/components/wch/toolchain/risc-v embedded gcc/bin/../lib/gcc/riscv-none-embed/8.2.0/../../../../riscv-none-embed/lib/rv32imacxw/ilp32\libc_nano.a
LOAD c:/mounriver/mounriver_studio2/resources/app/resources/win32/components/wch/toolchain/risc-v embedded gcc/bin/../lib/gcc/riscv-none-embed/8.2.0/../../../../riscv-none-embed/lib/rv32imacxw/ilp32\libnosys.a
END GROUP
                0x0000000000000800                __stack_size = 0x800
                [!provide]                        PROVIDE (_stack_size = __stack_size)

.init           0x0000000000000000        0x4
                0x0000000000000000                _sinit = .
                0x0000000000000000                . = ALIGN (0x4)
 *(SORT_NONE(.init))
 .init          0x0000000000000000        0x4 ./Startup/startup_ch32v20x_D6.o
                0x0000000000000000                _start
                0x0000000000000004                . = ALIGN (0x4)
                0x0000000000000004                _einit = .

.vector         0x0000000000000004       0xfc
 *(.vector)
 .vector        0x0000000000000004       0xfc ./Startup/startup_ch32v20x_D6.o
                0x0000000000000100                . = ALIGN (0x40)

.text           0x0000000000000100     0xaf4c
                0x0000000000000100                . = ALIGN (0x4)
 *(.text)
 .text          0x0000000000000100       0x60 c:/mounriver/mounriver_studio2/resources/app/resources/win32/components/wch/toolchain/risc-v embedded gcc/bin/../lib/gcc/riscv-none-embed/8.2.0/rv32imacxw/ilp32\libgcc.a(save-restore.o)
                0x0000000000000100                __riscv_save_12
                0x0000000000000108                __riscv_save_9
                0x0000000000000108                __riscv_save_11
                0x0000000000000108                __riscv_save_10
                0x0000000000000108                __riscv_save_8
                0x0000000000000116                __riscv_save_4
                0x0000000000000116                __riscv_save_6
                0x0000000000000116                __riscv_save_5
                0x0000000000000116                __riscv_save_7
                0x0000000000000130                __riscv_save_3
                0x0000000000000130                __riscv_save_2
                0x0000000000000130                __riscv_save_1
                0x0000000000000130                __riscv_save_0
                0x000000000000013c                __riscv_restore_12
                0x0000000000000140                __riscv_restore_11
                0x0000000000000140                __riscv_restore_9
                0x0000000000000140                __riscv_restore_10
                0x0000000000000140                __riscv_restore_8
                0x000000000000014a                __riscv_restore_5
                0x000000000000014a                __riscv_restore_7
                0x000000000000014a                __riscv_restore_6
                0x000000000000014a                __riscv_restore_4
                0x0000000000000154                __riscv_restore_3
                0x0000000000000154                __riscv_restore_0
                0x0000000000000154                __riscv_restore_2
                0x0000000000000154                __riscv_restore_1
 .text          0x0000000000000160       0xa8 c:/mounriver/mounriver_studio2/resources/app/resources/win32/components/wch/toolchain/risc-v embedded gcc/bin/../lib/gcc/riscv-none-embed/8.2.0/../../../../riscv-none-embed/lib/rv32imacxw/ilp32\libg_nano.a(lib_a-memset.o)
                0x0000000000000160                memset
 *(.text.*)
 .text.get_packet
                0x0000000000000208      0x7c6 ./User/comms/src/comms.o
                0x0000000000000208                get_packet
 .text.i2c_device_init
                0x00000000000009ce       0x90 ./User/comms/src/i2c_device.o
                0x00000000000009ce                i2c_device_init
 .text.i2c_device_read
                0x0000000000000a5e       0x78 ./User/comms/src/i2c_device.o
                0x0000000000000a5e                i2c_device_read
 .text.i2c_device_write
                0x0000000000000ad6       0x8e ./User/comms/src/i2c_device.o
                0x0000000000000ad6                i2c_device_write
 .text.comms_init
                0x0000000000000b64       0x2a ./User/comms/src/protocol.o
                0x0000000000000b64                comms_init
 .text.comms_send_buffer
                0x0000000000000b8e       0x24 ./User/comms/src/protocol.o
                0x0000000000000b8e                comms_send_buffer
 .text.comms_send_u32
                0x0000000000000bb2       0x14 ./User/comms/src/protocol.o
                0x0000000000000bb2                comms_send_u32
 .text.comms_send_array
                0x0000000000000bc6       0x1a ./User/comms/src/protocol.o
                0x0000000000000bc6                comms_send_array
 .text.comms_send_string
                0x0000000000000be0       0x14 ./User/comms/src/protocol.o
                0x0000000000000be0                comms_send_string
 .text.comms_recv_buffer
                0x0000000000000bf4       0x26 ./User/comms/src/protocol.o
                0x0000000000000bf4                comms_recv_buffer
 .text.comms_recv_u8
                0x0000000000000c1a       0x16 ./User/comms/src/protocol.o
                0x0000000000000c1a                comms_recv_u8
 .text.comms_recv_u32
                0x0000000000000c30       0x14 ./User/comms/src/protocol.o
                0x0000000000000c30                comms_recv_u32
 .text.comms_recv_array
                0x0000000000000c44       0x1c ./User/comms/src/protocol.o
                0x0000000000000c44                comms_recv_array
 .text.comms_recv_string
                0x0000000000000c60       0x1a ./User/comms/src/protocol.o
                0x0000000000000c60                comms_recv_string
 .text.run      0x0000000000000c7a      0x3d6 ./User/VMIOX/src/execute.o
                0x0000000000000c7a                run
 .text.reads_registers
                0x0000000000001050       0x2c ./User/VMIOX/src/opcodes.o
                0x0000000000001050                reads_registers
 .text.writes_registers
                0x000000000000107c       0x2c ./User/VMIOX/src/opcodes.o
                0x000000000000107c                writes_registers
 .text.reads_pile
                0x00000000000010a8       0x26 ./User/VMIOX/src/opcodes.o
                0x00000000000010a8                reads_pile
 .text.writes_pile
                0x00000000000010ce       0x24 ./User/VMIOX/src/opcodes.o
                0x00000000000010ce                writes_pile
 .text.USBFS_RCC_Init
                0x00000000000010f2       0x16 ./User/USB_Serial/src/ch32v20x_usbfs_device.o
                0x00000000000010f2                USBFS_RCC_Init
 .text.USBFS_Device_Endp_Init
                0x0000000000001108       0x7c ./User/USB_Serial/src/ch32v20x_usbfs_device.o
                0x0000000000001108                USBFS_Device_Endp_Init
 .text.USBFS_Device_Init
                0x0000000000001184       0x56 ./User/USB_Serial/src/ch32v20x_usbfs_device.o
                0x0000000000001184                USBFS_Device_Init
 .text.USBFS_Endp_DataUp
                0x00000000000011da       0xea ./User/USB_Serial/src/ch32v20x_usbfs_device.o
                0x00000000000011da                USBFS_Endp_DataUp
 .text.USBFS_IRQHandler
                0x00000000000012c4      0x604 ./User/USB_Serial/src/ch32v20x_usbfs_device.o
                0x00000000000012c4                USBFS_IRQHandler
 .text.usbSerial_begin
                0x00000000000018c8       0x22 ./User/USB_Serial/src/usb_serial.o
                0x00000000000018c8                usbSerial_begin
 .text.usbSerial_connected
                0x00000000000018ea       0x1a ./User/USB_Serial/src/usb_serial.o
                0x00000000000018ea                usbSerial_connected
 .text.tx_kick  0x0000000000001904       0x90 ./User/USB_Serial/src/usb_serial.o
 .text.usbSerial_available
                0x0000000000001994       0x26 ./User/USB_Serial/src/usb_serial.o
                0x0000000000001994                usbSerial_available
 .text.usbSerial_read
                0x00000000000019ba       0x2e ./User/USB_Serial/src/usb_serial.o
                0x00000000000019ba                usbSerial_read
 .text.usbSerial_blocking_read_u8
                0x00000000000019e8        0xe ./User/USB_Serial/src/usb_serial.o
                0x00000000000019e8                usbSerial_blocking_read_u8
 .text.usbSerial_blocking_read_bytes
                0x00000000000019f6       0x1e ./User/USB_Serial/src/usb_serial.o
                0x00000000000019f6                usbSerial_blocking_read_bytes
 .text.usbSerial_writeP
                0x0000000000001a14       0x74 ./User/USB_Serial/src/usb_serial.o
                0x0000000000001a14                usbSerial_writeP
 .text.usbSerial_blocking_read_u32
                0x0000000000001a88       0x28 ./User/USB_Serial/src/usb_serial.o
                0x0000000000001a88                usbSerial_blocking_read_u32
 .text.usbSerial_flush
                0x0000000000001ab0        0xa ./User/USB_Serial/src/usb_serial.o
                0x0000000000001ab0                usbSerial_flush
 .text.usbSerial_tx_pending
                0x0000000000001aba       0x26 ./User/USB_Serial/src/usb_serial.o
                0x0000000000001aba                usbSerial_tx_pending
 .text.usbSerial_send_zlp
                0x0000000000001ae0       0x40 ./User/USB_Serial/src/usb_serial.o
                0x0000000000001ae0                usbSerial_send_zlp
 .text.usbSerial_blocking_writeP
                0x0000000000001b20       0x28 ./User/USB_Serial/src/usb_serial.o
                0x0000000000001b20                usbSerial_blocking_writeP
 .text.usbSerial_blocking_writeP_u32
                0x0000000000001b48       0x14 ./User/USB_Serial/src/usb_serial.o
                0x0000000000001b48                usbSerial_blocking_writeP_u32
 .text.usbSerial_on_ep2_out
                0x0000000000001b5c       0x72 ./User/USB_Serial/src/usb_serial.o
                0x0000000000001b5c                usbSerial_on_ep2_out
 .text.usbSerial_on_ep3_in_done
                0x0000000000001bce        0x8 ./User/USB_Serial/src/usb_serial.o
                0x0000000000001bce                usbSerial_on_ep3_in_done
 .text.adc_init
                0x0000000000001bd6       0xa6 ./User/Features/src/adc.o
                0x0000000000001bd6                adc_init
 .text.adc_read
                0x0000000000001c7c       0x56 ./User/Features/src/adc.o
                0x0000000000001c7c                adc_read
 .text.flash_sync
                0x0000000000001cd2        0x4 ./User/Features/src/fs.o
                0x0000000000001cd2                flash_sync
 .text.flash_erase
                0x0000000000001cd6       0x4a ./User/Features/src/fs.o
                0x0000000000001cd6                flash_erase
 .text.flash_read
                0x0000000000001d20       0x34 ./User/Features/src/fs.o
                0x0000000000001d20                flash_read
 .text.flash_prog
                0x0000000000001d54       0x70 ./User/Features/src/fs.o
                0x0000000000001d54                flash_prog
 .text.allocate_fh
                0x0000000000001dc4       0x32 ./User/Features/src/fs.o
                0x0000000000001dc4                allocate_fh
 .text.allocate_dh
                0x0000000000001df6       0x32 ./User/Features/src/fs.o
                0x0000000000001df6                allocate_dh
 .text.flashfs_init
                0x0000000000001e28       0x34 ./User/Features/src/fs.o
                0x0000000000001e28                flashfs_init
 .text.flashfs_remove
                0x0000000000001e5c       0x16 ./User/Features/src/fs.o
                0x0000000000001e5c                flashfs_remove
 .text.flashfs_move
                0x0000000000001e72       0x18 ./User/Features/src/fs.o
                0x0000000000001e72                flashfs_move
 .text.flashfs_file_open
                0x0000000000001e8a       0x44 ./User/Features/src/fs.o
                0x0000000000001e8a                flashfs_file_open
 .text.flashfs_file_close
                0x0000000000001ece       0x2c ./User/Features/src/fs.o
                0x0000000000001ece                flashfs_file_close
 .text.flashfs_file_read
                0x0000000000001efa       0x2a ./User/Features/src/fs.o
                0x0000000000001efa                flashfs_file_read
 .text.flashfs_file_write
                0x0000000000001f24       0x2a ./User/Features/src/fs.o
                0x0000000000001f24                flashfs_file_write
 .text.flashfs_file_seek
                0x0000000000001f4e       0x2a ./User/Features/src/fs.o
                0x0000000000001f4e                flashfs_file_seek
 .text.flashfs_file_truncate
                0x0000000000001f78       0x28 ./User/Features/src/fs.o
                0x0000000000001f78                flashfs_file_truncate
 .text.flashfs_mkdir
                0x0000000000001fa0       0x16 ./User/Features/src/fs.o
                0x0000000000001fa0                flashfs_mkdir
 .text.flashfs_dir_open
                0x0000000000001fb6       0x42 ./User/Features/src/fs.o
                0x0000000000001fb6                flashfs_dir_open
 .text.flashfs_dir_close
                0x0000000000001ff8       0x2c ./User/Features/src/fs.o
                0x0000000000001ff8                flashfs_dir_close
 .text.flashfs_dir_read
                0x0000000000002024       0x2e ./User/Features/src/fs.o
                0x0000000000002024                flashfs_dir_read
 .text.gpio_base_init_pins
                0x0000000000002052       0x4a ./User/Features/src/gpio.o
                0x0000000000002052                gpio_base_init_pins
 .text.gpio_init_pin
                0x000000000000209c       0x28 ./User/Features/src/gpio.o
                0x000000000000209c                gpio_init_pin
 .text.gpio_init_default
                0x00000000000020c4       0x48 ./User/Features/src/gpio.o
                0x00000000000020c4                gpio_init_default
 .text.gpio_read_pin
                0x000000000000210c       0x2c ./User/Features/src/gpio.o
                0x000000000000210c                gpio_read_pin
 .text.gpio_set_pin
                0x0000000000002138       0x26 ./User/Features/src/gpio.o
                0x0000000000002138                gpio_set_pin
 .text.gpio_clear_pin
                0x000000000000215e       0x26 ./User/Features/src/gpio.o
                0x000000000000215e                gpio_clear_pin
 .text.i2c_delay
                0x0000000000002184        0xe ./User/Features/src/i2c.o
 .text.i2c_start
                0x0000000000002192       0x40 ./User/Features/src/i2c.o
 .text.i2c_send_byte
                0x00000000000021d2       0x8e ./User/Features/src/i2c.o
 .text.i2c_recv_byte
                0x0000000000002260       0x9a ./User/Features/src/i2c.o
 .text.i2c_stop
                0x00000000000022fa       0x38 ./User/Features/src/i2c.o
 .text.i2c_scan_address
                0x0000000000002332       0x36 ./User/Features/src/i2c.o
                0x0000000000002332                i2c_scan_address
 .text.i2c_send_bytes
                0x0000000000002368       0x54 ./User/Features/src/i2c.o
                0x0000000000002368                i2c_send_bytes
 .text.i2c_recv_bytes
                0x00000000000023bc       0x58 ./User/Features/src/i2c.o
                0x00000000000023bc                i2c_recv_bytes
 .text.i2c_send_recv_bytes
                0x0000000000002414       0x88 ./User/Features/src/i2c.o
                0x0000000000002414                i2c_send_recv_bytes
 .text.neopixel_send_bit
                0x000000000000249c       0x2c ./User/Features/src/neopixel.o
 .text.neopixel_send_byte
                0x00000000000024c8       0x6a ./User/Features/src/neopixel.o
 .text.neopixel_send_buffer
                0x0000000000002532       0x52 ./User/Features/src/neopixel.o
                0x0000000000002532                neopixel_send_buffer
 .text.one_wire_reset
                0x0000000000002584       0x42 ./User/Features/src/one_wire.o
                0x0000000000002584                one_wire_reset
 .text.one_wire_write0
                0x00000000000025c6       0x28 ./User/Features/src/one_wire.o
                0x00000000000025c6                one_wire_write0
 .text.one_wire_write1
                0x00000000000025ee       0x28 ./User/Features/src/one_wire.o
                0x00000000000025ee                one_wire_write1
 .text.one_wire_read
                0x0000000000002616       0x38 ./User/Features/src/one_wire.o
                0x0000000000002616                one_wire_read
 .text.EXTI_INIT
                0x000000000000264e       0x6e ./User/Features/src/pulse_in.o
                0x000000000000264e                EXTI_INIT
 .text.EXTI_DEINIT
                0x00000000000026bc       0x28 ./User/Features/src/pulse_in.o
                0x00000000000026bc                EXTI_DEINIT
 .text.pulseio_in_init
                0x00000000000026e4       0x76 ./User/Features/src/pulse_in.o
                0x00000000000026e4                pulseio_in_init
 .text.pulseio_in_tim4_start
                0x000000000000275a       0x2a ./User/Features/src/pulse_in.o
                0x000000000000275a                pulseio_in_tim4_start
 .text.pulseio_in_tim4_stop
                0x0000000000002784       0x1e ./User/Features/src/pulse_in.o
                0x0000000000002784                pulseio_in_tim4_stop
 .text.pulseio_in_resume
                0x00000000000027a2       0x40 ./User/Features/src/pulse_in.o
                0x00000000000027a2                pulseio_in_resume
 .text.pulseio_in_clear
                0x00000000000027e2       0x1a ./User/Features/src/pulse_in.o
                0x00000000000027e2                pulseio_in_clear
 .text.pulseio_in_stop
                0x00000000000027fc       0x10 ./User/Features/src/pulse_in.o
                0x00000000000027fc                pulseio_in_stop
 .text.pulseio_in_read
                0x000000000000280c       0x62 ./User/Features/src/pulse_in.o
                0x000000000000280c                pulseio_in_read
 .text.pulseio_out_send
                0x000000000000286e       0x50 ./User/Features/src/pulse_out.o
                0x000000000000286e                pulseio_out_send
 .text.pwm_timer_init
                0x00000000000028be       0xa6 ./User/Features/src/pwm.o
                0x00000000000028be                pwm_timer_init
 .text.pwm_init
                0x0000000000002964       0x28 ./User/Features/src/pwm.o
                0x0000000000002964                pwm_init
 .text.pwm_set_duty
                0x000000000000298c       0xb6 ./User/Features/src/pwm.o
                0x000000000000298c                pwm_set_duty
 .text.spi_delay_nops
                0x0000000000002a42        0xe ./User/Features/src/spi.o
 .text.spi_xfer_byte_bb_ch32
                0x0000000000002a50      0x12a ./User/Features/src/spi.o
                0x0000000000002a50                spi_xfer_byte_bb_ch32
 .text.spi_init
                0x0000000000002b7a       0x28 ./User/Features/src/spi.o
                0x0000000000002b7a                spi_init
 .text.spi_read
                0x0000000000002ba2       0x3c ./User/Features/src/spi.o
                0x0000000000002ba2                spi_read
 .text.spi_write
                0x0000000000002bde       0x30 ./User/Features/src/spi.o
                0x0000000000002bde                spi_write
 .text.spi_write_read
                0x0000000000002c0e       0x44 ./User/Features/src/spi.o
                0x0000000000002c0e                spi_write_read
 .text.tkey_read
                0x0000000000002c52       0x70 ./User/Features/src/touchkey.o
                0x0000000000002c52                tkey_read
 .text.lfs_pair_isnull
                0x0000000000002cc2       0x16 ./User/FAT/src/lfs.o
 .text.lfs_pair_cmp
                0x0000000000002cd8       0x24 ./User/FAT/src/lfs.o
 .text.lfs_tag_dsize
                0x0000000000002cfc       0x16 ./User/FAT/src/lfs.o
 .text.lfs_gstate_xor
                0x0000000000002d12       0x1a ./User/FAT/src/lfs.o
 .text.lfs_gstate_iszero
                0x0000000000002d2c       0x16 ./User/FAT/src/lfs.o
 .text.lfs_gstate_hasmovehere
                0x0000000000002d42       0x20 ./User/FAT/src/lfs.o
 .text.lfs_mlist_isopen
                0x0000000000002d62       0x10 ./User/FAT/src/lfs.o
 .text.lfs_alloc_lookahead
                0x0000000000002d72       0x2c ./User/FAT/src/lfs.o
 .text.lfs_dir_traverse_filter
                0x0000000000002d9e       0x88 ./User/FAT/src/lfs.o
 .text.lfs_dir_commit_size
                0x0000000000002e26       0x18 ./User/FAT/src/lfs.o
 .text.lfs_fs_size_count
                0x0000000000002e3e        0xa ./User/FAT/src/lfs.o
 .text.lfs_bd_read
                0x0000000000002e48      0x19e ./User/FAT/src/lfs.o
 .text.lfs_dir_getslice
                0x0000000000002fe6      0x180 ./User/FAT/src/lfs.o
 .text.lfs_dir_get
                0x0000000000003166       0x14 ./User/FAT/src/lfs.o
 .text.lfs_dir_getgstate
                0x000000000000317a       0x34 ./User/FAT/src/lfs.o
 .text.lfs_fs_parent_match
                0x00000000000031ae       0x3a ./User/FAT/src/lfs.o
 .text.lfs_deinit
                0x00000000000031e8       0x30 ./User/FAT/src/lfs.o
 .text.lfs_dir_getinfo
                0x0000000000003218       0x90 ./User/FAT/src/lfs.o
 .text.lfs_bd_erase
                0x00000000000032a8       0x4a ./User/FAT/src/lfs.o
 .text.lfs_fs_preporphans.isra.25
                0x00000000000032f2       0x6c ./User/FAT/src/lfs.o
 .text.lfs_cache_zero.isra.27
                0x000000000000335e       0x1a ./User/FAT/src/lfs.o
 .text.lfs_init
                0x0000000000003378      0x3c2 ./User/FAT/src/lfs.o
 .text.lfs_ctz_index.isra.29
                0x000000000000373a       0x48 ./User/FAT/src/lfs.o
 .text.lfs_ctz_traverse.part.30
                0x0000000000003782       0x78 ./User/FAT/src/lfs.o
 .text.lfs_ctz_find.constprop.41
                0x00000000000037fa       0x96 ./User/FAT/src/lfs.o
 .text.lfs_dir_getread.part.31.constprop.43
                0x0000000000003890       0xac ./User/FAT/src/lfs.o
 .text.lfs_dir_traverse.constprop.45
                0x000000000000393c      0x2ca ./User/FAT/src/lfs.o
 .text.lfs_bd_cmp.constprop.47
                0x0000000000003c06       0x68 ./User/FAT/src/lfs.o
 .text.lfs_dir_find_match
                0x0000000000003c6e       0x38 ./User/FAT/src/lfs.o
 .text.lfs_bd_flush
                0x0000000000003ca6       0xbc ./User/FAT/src/lfs.o
 .text.lfs_bd_prog
                0x0000000000003d62      0x100 ./User/FAT/src/lfs.o
 .text.lfs_dir_commitprog
                0x0000000000003e62       0x3a ./User/FAT/src/lfs.o
 .text.lfs_dir_commitattr
                0x0000000000003e9c       0xa4 ./User/FAT/src/lfs.o
 .text.lfs_dir_commit_commit
                0x0000000000003f40       0x14 ./User/FAT/src/lfs.o
 .text.lfs_bd_sync.constprop.46
                0x0000000000003f54       0x3e ./User/FAT/src/lfs.o
 .text.lfs_bd_crc.constprop.48
                0x0000000000003f92       0x5e ./User/FAT/src/lfs.o
 .text.lfs_dir_commitcrc
                0x0000000000003ff0      0x1ba ./User/FAT/src/lfs.o
 .text.lfs_dir_fetchmatch
                0x00000000000041aa      0x3f4 ./User/FAT/src/lfs.o
 .text.lfs_dir_fetch
                0x000000000000459e       0x16 ./User/FAT/src/lfs.o
 .text.lfs_dir_find
                0x00000000000045b4      0x176 ./User/FAT/src/lfs.o
 .text.lfs_path_islast
                0x000000000000472a       0x2e ./User/FAT/src/lfs.o
 .text.lfs_tortoise_detectcycles
                0x0000000000004758       0x68 ./User/FAT/src/lfs.o
 .text.lfs_fs_parent
                0x00000000000047c0       0x84 ./User/FAT/src/lfs.o
 .text.lfs_fs_pred
                0x0000000000004844       0x60 ./User/FAT/src/lfs.o
 .text.lfs_file_flushedread
                0x00000000000048a4       0xf0 ./User/FAT/src/lfs.o
 .text.lfs_fs_traverse_
                0x0000000000004994      0x14a ./User/FAT/src/lfs.o
 .text.lfs_alloc_scan
                0x0000000000004ade       0x56 ./User/FAT/src/lfs.o
 .text.lfs_alloc
                0x0000000000004b34       0xaa ./User/FAT/src/lfs.o
 .text.lfs_dir_alloc.part.34
                0x0000000000004bde       0x7c ./User/FAT/src/lfs.o
 .text.lfs_file_relocate
                0x0000000000004c5a      0x120 ./User/FAT/src/lfs.o
 .text.lfs_dir_compact
                0x0000000000004d7a      0x24e ./User/FAT/src/lfs.o
 .text.lfs_dir_split
                0x0000000000004fc8       0x76 ./User/FAT/src/lfs.o
 .text.lfs_fs_size_
                0x000000000000503e       0x22 ./User/FAT/src/lfs.o
 .text.lfs_dir_relocatingcommit
                0x0000000000005060      0x49c ./User/FAT/src/lfs.o
 .text.lfs_file_flushedwrite
                0x00000000000054fc      0x27e ./User/FAT/src/lfs.o
 .text.lfs_file_flush
                0x000000000000577a      0x120 ./User/FAT/src/lfs.o
 .text.lfs_file_seek_
                0x000000000000589a       0xa4 ./User/FAT/src/lfs.o
 .text.lfs_dir_orphaningcommit
                0x000000000000593e      0x3aa ./User/FAT/src/lfs.o
 .text.lfs_fs_deorphan.part.36
                0x0000000000005ce8      0x1d0 ./User/FAT/src/lfs.o
 .text.lfs_dir_commit
                0x0000000000005eb8       0x26 ./User/FAT/src/lfs.o
 .text.lfs_fs_forceconsistency
                0x0000000000005ede      0x148 ./User/FAT/src/lfs.o
 .text.lfs_dir_drop
                0x0000000000006026       0x42 ./User/FAT/src/lfs.o
 .text.lfs_file_sync_
                0x0000000000006068       0xc8 ./User/FAT/src/lfs.o
 .text.lfs_file_close_
                0x0000000000006130       0x36 ./User/FAT/src/lfs.o
 .text.lfs_file_opencfg_
                0x0000000000006166      0x260 ./User/FAT/src/lfs.o
 .text.lfs_file_write_
                0x00000000000063c6       0xbc ./User/FAT/src/lfs.o
 .text.lfs_format
                0x0000000000006482       0xf6 ./User/FAT/src/lfs.o
                0x0000000000006482                lfs_format
 .text.lfs_unmount
                0x0000000000006578        0xc ./User/FAT/src/lfs.o
                0x0000000000006578                lfs_unmount
 .text.lfs_mount
                0x0000000000006584      0x2a6 ./User/FAT/src/lfs.o
                0x0000000000006584                lfs_mount
 .text.lfs_remove
                0x000000000000682a      0x10a ./User/FAT/src/lfs.o
                0x000000000000682a                lfs_remove
 .text.lfs_rename
                0x0000000000006934      0x2ac ./User/FAT/src/lfs.o
                0x0000000000006934                lfs_rename
 .text.lfs_file_open
                0x0000000000006be0       0x4e ./User/FAT/src/lfs.o
                0x0000000000006be0                lfs_file_open
 .text.lfs_file_close
                0x0000000000006c2e       0x3c ./User/FAT/src/lfs.o
                0x0000000000006c2e                lfs_file_close
 .text.lfs_file_read
                0x0000000000006c6a       0x82 ./User/FAT/src/lfs.o
                0x0000000000006c6a                lfs_file_read
 .text.lfs_file_write
                0x0000000000006cec       0x48 ./User/FAT/src/lfs.o
                0x0000000000006cec                lfs_file_write
 .text.lfs_file_seek
                0x0000000000006d34       0x48 ./User/FAT/src/lfs.o
                0x0000000000006d34                lfs_file_seek
 .text.lfs_file_truncate
                0x0000000000006d7c      0x14c ./User/FAT/src/lfs.o
                0x0000000000006d7c                lfs_file_truncate
 .text.lfs_mkdir
                0x0000000000006ec8      0x152 ./User/FAT/src/lfs.o
                0x0000000000006ec8                lfs_mkdir
 .text.lfs_dir_open
                0x000000000000701a       0xbe ./User/FAT/src/lfs.o
                0x000000000000701a                lfs_dir_open
 .text.lfs_dir_close
                0x00000000000070d8       0x1a ./User/FAT/src/lfs.o
                0x00000000000070d8                lfs_dir_close
 .text.lfs_dir_read
                0x00000000000070f2       0x98 ./User/FAT/src/lfs.o
                0x00000000000070f2                lfs_dir_read
 .text.lfs_crc  0x000000000000718a       0x3e ./User/FAT/src/lfs_util.o
                0x000000000000718a                lfs_crc
 .text.capture_pulse
                0x00000000000071c8       0x50 ./User/ch32v20x_it.o
 .text.NMI_Handler
                0x0000000000007218        0x2 ./User/ch32v20x_it.o
                0x0000000000007218                NMI_Handler
 .text.HardFault_Handler
                0x000000000000721a       0x10 ./User/ch32v20x_it.o
                0x000000000000721a                HardFault_Handler
 .text.EXTI0_IRQHandler
                0x000000000000722a        0xa ./User/ch32v20x_it.o
                0x000000000000722a                EXTI0_IRQHandler
 .text.EXTI1_IRQHandler
                0x0000000000007234        0xa ./User/ch32v20x_it.o
                0x0000000000007234                EXTI1_IRQHandler
 .text.EXTI2_IRQHandler
                0x000000000000723e        0xa ./User/ch32v20x_it.o
                0x000000000000723e                EXTI2_IRQHandler
 .text.EXTI3_IRQHandler
                0x0000000000007248        0xa ./User/ch32v20x_it.o
                0x0000000000007248                EXTI3_IRQHandler
 .text.EXTI4_IRQHandler
                0x0000000000007252        0xa ./User/ch32v20x_it.o
                0x0000000000007252                EXTI4_IRQHandler
 .text.EXTI9_5_IRQHandler
                0x000000000000725c       0x2c ./User/ch32v20x_it.o
                0x000000000000725c                EXTI9_5_IRQHandler
 .text.EXTI15_10_IRQHandler
                0x0000000000007288       0x2e ./User/ch32v20x_it.o
                0x0000000000007288                EXTI15_10_IRQHandler
 .text.startup.main
                0x00000000000072b6       0xc0 ./User/main.o
                0x00000000000072b6                main
 .text.SystemInit
                0x0000000000007376       0xea ./User/system_ch32v20x.o
                0x0000000000007376                SystemInit
 .text.SystemCoreClockUpdate
                0x0000000000007460       0x8e ./User/system_ch32v20x.o
                0x0000000000007460                SystemCoreClockUpdate
 .text.vector_handler
                0x00000000000074ee        0x2 ./Startup/startup_ch32v20x_D6.o
                0x00000000000074ee                TIM1_CC_IRQHandler
                0x00000000000074ee                SysTick_Handler
                0x00000000000074ee                PVD_IRQHandler
                0x00000000000074ee                I2C2_EV_IRQHandler
                0x00000000000074ee                ADC1_2_IRQHandler
                0x00000000000074ee                Break_Point_Handler
                0x00000000000074ee                SPI1_IRQHandler
                0x00000000000074ee                TAMPER_IRQHandler
                0x00000000000074ee                Ecall_M_Mode_Handler
                0x00000000000074ee                DMA1_Channel4_IRQHandler
                0x00000000000074ee                USART3_IRQHandler
                0x00000000000074ee                RTC_IRQHandler
                0x00000000000074ee                DMA1_Channel7_IRQHandler
                0x00000000000074ee                CAN1_RX1_IRQHandler
                0x00000000000074ee                TIM4_IRQHandler
                0x00000000000074ee                I2C1_EV_IRQHandler
                0x00000000000074ee                DMA1_Channel6_IRQHandler
                0x00000000000074ee                UART4_IRQHandler
                0x00000000000074ee                TIM3_IRQHandler
                0x00000000000074ee                RCC_IRQHandler
                0x00000000000074ee                TIM1_TRG_COM_IRQHandler
                0x00000000000074ee                DMA1_Channel1_IRQHandler
                0x00000000000074ee                DMA1_Channel8_IRQHandler
                0x00000000000074ee                SPI2_IRQHandler
                0x00000000000074ee                DMA1_Channel5_IRQHandler
                0x00000000000074ee                USB_LP_CAN1_RX0_IRQHandler
                0x00000000000074ee                USB_HP_CAN1_TX_IRQHandler
                0x00000000000074ee                DMA1_Channel3_IRQHandler
                0x00000000000074ee                TIM1_UP_IRQHandler
                0x00000000000074ee                WWDG_IRQHandler
                0x00000000000074ee                Ecall_U_Mode_Handler
                0x00000000000074ee                TIM2_IRQHandler
                0x00000000000074ee                SW_Handler
                0x00000000000074ee                TIM1_BRK_IRQHandler
                0x00000000000074ee                RTCAlarm_IRQHandler
                0x00000000000074ee                USART2_IRQHandler
                0x00000000000074ee                I2C2_ER_IRQHandler
                0x00000000000074ee                DMA1_Channel2_IRQHandler
                0x00000000000074ee                CAN1_SCE_IRQHandler
                0x00000000000074ee                FLASH_IRQHandler
                0x00000000000074ee                USBFSWakeUp_IRQHandler
                0x00000000000074ee                USART1_IRQHandler
                0x00000000000074ee                I2C1_ER_IRQHandler
                0x00000000000074ee                USBWakeUp_IRQHandler
 .text.handle_reset
                0x00000000000074f0       0x8a ./Startup/startup_ch32v20x_D6.o
                0x00000000000074f0                handle_reset
 .text.ADC_DeInit
                0x000000000000757a       0x46 ./Peripheral/src/ch32v20x_adc.o
                0x000000000000757a                ADC_DeInit
 .text.ADC_Init
                0x00000000000075c0       0x56 ./Peripheral/src/ch32v20x_adc.o
                0x00000000000075c0                ADC_Init
 .text.ADC_Cmd  0x0000000000007616       0x10 ./Peripheral/src/ch32v20x_adc.o
                0x0000000000007616                ADC_Cmd
 .text.ADC_ResetCalibration
                0x0000000000007626        0xa ./Peripheral/src/ch32v20x_adc.o
                0x0000000000007626                ADC_ResetCalibration
 .text.ADC_GetResetCalibrationStatus
                0x0000000000007630        0x8 ./Peripheral/src/ch32v20x_adc.o
                0x0000000000007630                ADC_GetResetCalibrationStatus
 .text.ADC_StartCalibration
                0x0000000000007638        0xa ./Peripheral/src/ch32v20x_adc.o
                0x0000000000007638                ADC_StartCalibration
 .text.ADC_GetCalibrationStatus
                0x0000000000007642        0x8 ./Peripheral/src/ch32v20x_adc.o
                0x0000000000007642                ADC_GetCalibrationStatus
 .text.ADC_SoftwareStartConvCmd
                0x000000000000764a       0x18 ./Peripheral/src/ch32v20x_adc.o
                0x000000000000764a                ADC_SoftwareStartConvCmd
 .text.ADC_RegularChannelConfig
                0x0000000000007662       0xb8 ./Peripheral/src/ch32v20x_adc.o
                0x0000000000007662                ADC_RegularChannelConfig
 .text.ADC_GetConversionValue
                0x000000000000771a        0x8 ./Peripheral/src/ch32v20x_adc.o
                0x000000000000771a                ADC_GetConversionValue
 .text.ADC_InjectedDiscModeCmd
                0x0000000000007722       0x14 ./Peripheral/src/ch32v20x_adc.o
                0x0000000000007722                ADC_InjectedDiscModeCmd
 .text.ADC_ExternalTrigInjectedConvCmd
                0x0000000000007736       0x14 ./Peripheral/src/ch32v20x_adc.o
                0x0000000000007736                ADC_ExternalTrigInjectedConvCmd
 .text.ADC_GetFlagStatus
                0x000000000000774a        0xa ./Peripheral/src/ch32v20x_adc.o
                0x000000000000774a                ADC_GetFlagStatus
 .text.ADC_ClearFlag
                0x0000000000007754        0x8 ./Peripheral/src/ch32v20x_adc.o
                0x0000000000007754                ADC_ClearFlag
 .text.ADC_BufferCmd
                0x000000000000775c       0x18 ./Peripheral/src/ch32v20x_adc.o
                0x000000000000775c                ADC_BufferCmd
 .text.EXTI_Init
                0x0000000000007774       0x6a ./Peripheral/src/ch32v20x_exti.o
                0x0000000000007774                EXTI_Init
 .text.EXTI_GetITStatus
                0x00000000000077de       0x1e ./Peripheral/src/ch32v20x_exti.o
                0x00000000000077de                EXTI_GetITStatus
 .text.EXTI_ClearITPendingBit
                0x00000000000077fc        0xa ./Peripheral/src/ch32v20x_exti.o
                0x00000000000077fc                EXTI_ClearITPendingBit
 .text.FLASH_Unlock
                0x0000000000007806       0x1a ./Peripheral/src/ch32v20x_flash.o
                0x0000000000007806                FLASH_Unlock
 .text.FLASH_Lock
                0x0000000000007820        0xe ./Peripheral/src/ch32v20x_flash.o
                0x0000000000007820                FLASH_Lock
 .text.FLASH_ClearFlag
                0x000000000000782e        0x8 ./Peripheral/src/ch32v20x_flash.o
                0x000000000000782e                FLASH_ClearFlag
 .text.FLASH_GetBank1Status
                0x0000000000007836       0x18 ./Peripheral/src/ch32v20x_flash.o
                0x0000000000007836                FLASH_GetBank1Status
 .text.FLASH_WaitForLastOperation
                0x000000000000784e       0x24 ./Peripheral/src/ch32v20x_flash.o
                0x000000000000784e                FLASH_WaitForLastOperation
 .text.FLASH_ErasePage
                0x0000000000007872       0x3c ./Peripheral/src/ch32v20x_flash.o
                0x0000000000007872                FLASH_ErasePage
 .text.FLASH_ProgramHalfWord
                0x00000000000078ae       0x38 ./Peripheral/src/ch32v20x_flash.o
                0x00000000000078ae                FLASH_ProgramHalfWord
 .text.GPIO_Init
                0x00000000000078e6       0xf2 ./Peripheral/src/ch32v20x_gpio.o
                0x00000000000078e6                GPIO_Init
 .text.GPIO_PinRemapConfig
                0x00000000000079d8       0xf2 ./Peripheral/src/ch32v20x_gpio.o
                0x00000000000079d8                GPIO_PinRemapConfig
 .text.GPIO_EXTILineConfig
                0x0000000000007aca       0x2c ./Peripheral/src/ch32v20x_gpio.o
                0x0000000000007aca                GPIO_EXTILineConfig
 .text.I2C_Init
                0x0000000000007af6       0xf8 ./Peripheral/src/ch32v20x_i2c.o
                0x0000000000007af6                I2C_Init
 .text.I2C_Cmd  0x0000000000007bee       0x18 ./Peripheral/src/ch32v20x_i2c.o
                0x0000000000007bee                I2C_Cmd
 .text.I2C_AcknowledgeConfig
                0x0000000000007c06       0x1a ./Peripheral/src/ch32v20x_i2c.o
                0x0000000000007c06                I2C_AcknowledgeConfig
 .text.I2C_SendData
                0x0000000000007c20        0x4 ./Peripheral/src/ch32v20x_i2c.o
                0x0000000000007c20                I2C_SendData
 .text.I2C_ReceiveData
                0x0000000000007c24        0x8 ./Peripheral/src/ch32v20x_i2c.o
                0x0000000000007c24                I2C_ReceiveData
 .text.I2C_CheckEvent
                0x0000000000007c2c       0x16 ./Peripheral/src/ch32v20x_i2c.o
                0x0000000000007c2c                I2C_CheckEvent
 .text.I2C_GetFlagStatus
                0x0000000000007c42       0x32 ./Peripheral/src/ch32v20x_i2c.o
                0x0000000000007c42                I2C_GetFlagStatus
 .text.I2C_ClearFlag
                0x0000000000007c74        0xc ./Peripheral/src/ch32v20x_i2c.o
                0x0000000000007c74                I2C_ClearFlag
 .text.NVIC_PriorityGroupConfig
                0x0000000000007c80        0x6 ./Peripheral/src/ch32v20x_misc.o
                0x0000000000007c80                NVIC_PriorityGroupConfig
 .text.NVIC_Init
                0x0000000000007c86       0x62 ./Peripheral/src/ch32v20x_misc.o
                0x0000000000007c86                NVIC_Init
 .text.RCC_USBCLKConfig
                0x0000000000007ce8       0x1a ./Peripheral/src/ch32v20x_rcc.o
                0x0000000000007ce8                RCC_USBCLKConfig
 .text.RCC_ADCCLKConfig
                0x0000000000007d02       0x12 ./Peripheral/src/ch32v20x_rcc.o
                0x0000000000007d02                RCC_ADCCLKConfig
 .text.RCC_GetClocksFreq
                0x0000000000007d14       0xbe ./Peripheral/src/ch32v20x_rcc.o
                0x0000000000007d14                RCC_GetClocksFreq
 .text.RCC_AHBPeriphClockCmd
                0x0000000000007dd2       0x1e ./Peripheral/src/ch32v20x_rcc.o
                0x0000000000007dd2                RCC_AHBPeriphClockCmd
 .text.RCC_APB2PeriphClockCmd
                0x0000000000007df0       0x1e ./Peripheral/src/ch32v20x_rcc.o
                0x0000000000007df0                RCC_APB2PeriphClockCmd
 .text.RCC_APB1PeriphClockCmd
                0x0000000000007e0e       0x1e ./Peripheral/src/ch32v20x_rcc.o
                0x0000000000007e0e                RCC_APB1PeriphClockCmd
 .text.RCC_APB2PeriphResetCmd
                0x0000000000007e2c       0x1e ./Peripheral/src/ch32v20x_rcc.o
                0x0000000000007e2c                RCC_APB2PeriphResetCmd
 .text.TIM_TimeBaseInit
                0x0000000000007e4a       0x62 ./Peripheral/src/ch32v20x_tim.o
                0x0000000000007e4a                TIM_TimeBaseInit
 .text.TIM_OC1Init
                0x0000000000007eac       0x6a ./Peripheral/src/ch32v20x_tim.o
                0x0000000000007eac                TIM_OC1Init
 .text.TIM_OC2Init
                0x0000000000007f16       0x96 ./Peripheral/src/ch32v20x_tim.o
                0x0000000000007f16                TIM_OC2Init
 .text.TIM_OC3Init
                0x0000000000007fac       0x94 ./Peripheral/src/ch32v20x_tim.o
                0x0000000000007fac                TIM_OC3Init
 .text.TIM_OC4Init
                0x0000000000008040       0x6c ./Peripheral/src/ch32v20x_tim.o
                0x0000000000008040                TIM_OC4Init
 .text.TIM_Cmd  0x00000000000080ac       0x18 ./Peripheral/src/ch32v20x_tim.o
                0x00000000000080ac                TIM_Cmd
 .text.TIM_CtrlPWMOutputs
                0x00000000000080c4       0x16 ./Peripheral/src/ch32v20x_tim.o
                0x00000000000080c4                TIM_CtrlPWMOutputs
 .text.TIM_ARRPreloadConfig
                0x00000000000080da       0x1a ./Peripheral/src/ch32v20x_tim.o
                0x00000000000080da                TIM_ARRPreloadConfig
 .text.TIM_OC1PreloadConfig
                0x00000000000080f4        0xe ./Peripheral/src/ch32v20x_tim.o
                0x00000000000080f4                TIM_OC1PreloadConfig
 .text.TIM_OC2PreloadConfig
                0x0000000000008102       0x16 ./Peripheral/src/ch32v20x_tim.o
                0x0000000000008102                TIM_OC2PreloadConfig
 .text.TIM_OC3PreloadConfig
                0x0000000000008118        0xe ./Peripheral/src/ch32v20x_tim.o
                0x0000000000008118                TIM_OC3PreloadConfig
 .text.TIM_OC4PreloadConfig
                0x0000000000008126       0x16 ./Peripheral/src/ch32v20x_tim.o
                0x0000000000008126                TIM_OC4PreloadConfig
 .text.TIM_SetCounter
                0x000000000000813c        0x4 ./Peripheral/src/ch32v20x_tim.o
                0x000000000000813c                TIM_SetCounter
 .text.TIM_ClearFlag
                0x0000000000008140        0xc ./Peripheral/src/ch32v20x_tim.o
                0x0000000000008140                TIM_ClearFlag
 .text.USART_Init
                0x000000000000814c       0xa6 ./Peripheral/src/ch32v20x_usart.o
                0x000000000000814c                USART_Init
 .text.USART_Cmd
                0x00000000000081f2       0x16 ./Peripheral/src/ch32v20x_usart.o
                0x00000000000081f2                USART_Cmd
 .text.USART_SendData
                0x0000000000008208        0x8 ./Peripheral/src/ch32v20x_usart.o
                0x0000000000008208                USART_SendData
 .text.USART_GetFlagStatus
                0x0000000000008210        0xa ./Peripheral/src/ch32v20x_usart.o
                0x0000000000008210                USART_GetFlagStatus
 .text.Delay_Init
                0x000000000000821a       0x26 ./Debug/debug.o
                0x000000000000821a                Delay_Init
 .text.Delay_Us
                0x0000000000008240       0x36 ./Debug/debug.o
                0x0000000000008240                Delay_Us
 .text.Delay_Ms
                0x0000000000008276       0x36 ./Debug/debug.o
                0x0000000000008276                Delay_Ms
 .text.Delay_Ticks
                0x00000000000082ac       0x2e ./Debug/debug.o
                0x00000000000082ac                Delay_Ticks
 .text.start_timer_us_u32
                0x00000000000082da       0x2a ./Debug/debug.o
                0x00000000000082da                start_timer_us_u32
 .text.start_timer_us_u8
                0x0000000000008304       0x12 ./Debug/debug.o
                0x0000000000008304                start_timer_us_u8
 .text.has_timer_timeout
                0x0000000000008316        0xa ./Debug/debug.o
                0x0000000000008316                has_timer_timeout
 .text.reset_timer
                0x0000000000008320        0xc ./Debug/debug.o
                0x0000000000008320                reset_timer
 .text.USART_Printf_Init
                0x000000000000832c       0x60 ./Debug/debug.o
                0x000000000000832c                USART_Printf_Init
 .text._write   0x000000000000838c       0x3e ./Debug/debug.o
                0x000000000000838c                _write
 .text._sbrk    0x00000000000083ca       0x2a ./Debug/debug.o
                0x00000000000083ca                _sbrk
 .text.__clzsi2
                0x00000000000083f4       0x6e c:/mounriver/mounriver_studio2/resources/app/resources/win32/components/wch/toolchain/risc-v embedded gcc/bin/../lib/gcc/riscv-none-embed/8.2.0/rv32imacxw/ilp32\libgcc.a(_clzsi2.o)
                0x00000000000083f4                __clzsi2
 .text.__ctzsi2
                0x0000000000008462       0x6a c:/mounriver/mounriver_studio2/resources/app/resources/win32/components/wch/toolchain/risc-v embedded gcc/bin/../lib/gcc/riscv-none-embed/8.2.0/rv32imacxw/ilp32\libgcc.a(_ctzsi2.o)
                0x0000000000008462                __ctzsi2
 .text.__popcountsi2
                0x00000000000084cc       0x42 c:/mounriver/mounriver_studio2/resources/app/resources/win32/components/wch/toolchain/risc-v embedded gcc/bin/../lib/gcc/riscv-none-embed/8.2.0/rv32imacxw/ilp32\libgcc.a(_popcountsi2.o)
                0x00000000000084cc                __popcountsi2
 .text.__bswapsi2
                0x000000000000850e       0x24 c:/mounriver/mounriver_studio2/resources/app/resources/win32/components/wch/toolchain/risc-v embedded gcc/bin/../lib/gcc/riscv-none-embed/8.2.0/rv32imacxw/ilp32\libgcc.a(_bswapsi2.o)
                0x000000000000850e                __bswapsi2
 .text.__udivdi3
                0x0000000000008532      0x392 c:/mounriver/mounriver_studio2/resources/app/resources/win32/components/wch/toolchain/risc-v embedded gcc/bin/../lib/gcc/riscv-none-embed/8.2.0/rv32imacxw/ilp32\libgcc.a(_udivdi3.o)
                0x0000000000008532                __udivdi3
 .text.__assert_func
                0x00000000000088c4       0x3a c:/mounriver/mounriver_studio2/resources/app/resources/win32/components/wch/toolchain/risc-v embedded gcc/bin/../lib/gcc/riscv-none-embed/8.2.0/../../../../riscv-none-embed/lib/rv32imacxw/ilp32\libg_nano.a(lib_a-assert.o)
                0x00000000000088c4                __assert_func
 .text.fprintf  0x00000000000088fe       0x26 c:/mounriver/mounriver_studio2/resources/app/resources/win32/components/wch/toolchain/risc-v embedded gcc/bin/../lib/gcc/riscv-none-embed/8.2.0/../../../../riscv-none-embed/lib/rv32imacxw/ilp32\libg_nano.a(lib_a-fprintf.o)
                0x00000000000088fe                fiprintf
                0x00000000000088fe                fprintf
 .text.malloc   0x0000000000008924        0xa c:/mounriver/mounriver_studio2/resources/app/resources/win32/components/wch/toolchain/risc-v embedded gcc/bin/../lib/gcc/riscv-none-embed/8.2.0/../../../../riscv-none-embed/lib/rv32imacxw/ilp32\libg_nano.a(lib_a-malloc.o)
                0x0000000000008924                malloc
 .text.free     0x000000000000892e        0xa c:/mounriver/mounriver_studio2/resources/app/resources/win32/components/wch/toolchain/risc-v embedded gcc/bin/../lib/gcc/riscv-none-embed/8.2.0/../../../../riscv-none-embed/lib/rv32imacxw/ilp32\libg_nano.a(lib_a-malloc.o)
                0x000000000000892e                free
 .text.memcmp   0x0000000000008938       0x24 c:/mounriver/mounriver_studio2/resources/app/resources/win32/components/wch/toolchain/risc-v embedded gcc/bin/../lib/gcc/riscv-none-embed/8.2.0/../../../../riscv-none-embed/lib/rv32imacxw/ilp32\libg_nano.a(lib_a-memcmp.o)
                0x0000000000008938                memcmp
 .text.memcpy   0x000000000000895c       0xb2 c:/mounriver/mounriver_studio2/resources/app/resources/win32/components/wch/toolchain/risc-v embedded gcc/bin/../lib/gcc/riscv-none-embed/8.2.0/../../../../riscv-none-embed/lib/rv32imacxw/ilp32\libg_nano.a(lib_a-memcpy.o)
                0x000000000000895c                memcpy
 .text._free_r  0x0000000000008a0e       0xa8 c:/mounriver/mounriver_studio2/resources/app/resources/win32/components/wch/toolchain/risc-v embedded gcc/bin/../lib/gcc/riscv-none-embed/8.2.0/../../../../riscv-none-embed/lib/rv32imacxw/ilp32\libg_nano.a(lib_a-nano-freer.o)
                0x0000000000008a0e                _free_r
 .text._malloc_r
                0x0000000000008ab6       0xda c:/mounriver/mounriver_studio2/resources/app/resources/win32/components/wch/toolchain/risc-v embedded gcc/bin/../lib/gcc/riscv-none-embed/8.2.0/../../../../riscv-none-embed/lib/rv32imacxw/ilp32\libg_nano.a(lib_a-nano-mallocr.o)
                0x0000000000008ab6                _malloc_r
 .text.__sfputc_r
                0x0000000000008b90       0x28 c:/mounriver/mounriver_studio2/resources/app/resources/win32/components/wch/toolchain/risc-v embedded gcc/bin/../lib/gcc/riscv-none-embed/8.2.0/../../../../riscv-none-embed/lib/rv32imacxw/ilp32\libg_nano.a(lib_a-nano-vfprintf.o)
 .text.__sfputs_r
                0x0000000000008bb8       0x42 c:/mounriver/mounriver_studio2/resources/app/resources/win32/components/wch/toolchain/risc-v embedded gcc/bin/../lib/gcc/riscv-none-embed/8.2.0/../../../../riscv-none-embed/lib/rv32imacxw/ilp32\libg_nano.a(lib_a-nano-vfprintf.o)
                0x0000000000008bb8                __sfputs_r
 .text._vfprintf_r
                0x0000000000008bfa      0x28c c:/mounriver/mounriver_studio2/resources/app/resources/win32/components/wch/toolchain/risc-v embedded gcc/bin/../lib/gcc/riscv-none-embed/8.2.0/../../../../riscv-none-embed/lib/rv32imacxw/ilp32\libg_nano.a(lib_a-nano-vfprintf.o)
                0x0000000000008bfa                _vfprintf_r
                0x0000000000008bfa                _vfiprintf_r
 .text._printf_common
                0x0000000000008e86      0x10c c:/mounriver/mounriver_studio2/resources/app/resources/win32/components/wch/toolchain/risc-v embedded gcc/bin/../lib/gcc/riscv-none-embed/8.2.0/../../../../riscv-none-embed/lib/rv32imacxw/ilp32\libg_nano.a(lib_a-nano-vfprintf_i.o)
                0x0000000000008e86                _printf_common
 .text._printf_i
                0x0000000000008f92      0x2a4 c:/mounriver/mounriver_studio2/resources/app/resources/win32/components/wch/toolchain/risc-v embedded gcc/bin/../lib/gcc/riscv-none-embed/8.2.0/../../../../riscv-none-embed/lib/rv32imacxw/ilp32\libg_nano.a(lib_a-nano-vfprintf_i.o)
                0x0000000000008f92                _printf_i
 .text.printf   0x0000000000009236       0x40 c:/mounriver/mounriver_studio2/resources/app/resources/win32/components/wch/toolchain/risc-v embedded gcc/bin/../lib/gcc/riscv-none-embed/8.2.0/../../../../riscv-none-embed/lib/rv32imacxw/ilp32\libg_nano.a(lib_a-printf.o)
                0x0000000000009236                iprintf
                0x0000000000009236                printf
 .text._puts_r  0x0000000000009276       0xd4 c:/mounriver/mounriver_studio2/resources/app/resources/win32/components/wch/toolchain/risc-v embedded gcc/bin/../lib/gcc/riscv-none-embed/8.2.0/../../../../riscv-none-embed/lib/rv32imacxw/ilp32\libg_nano.a(lib_a-puts.o)
                0x0000000000009276                _puts_r
 .text.puts     0x000000000000934a        0xc c:/mounriver/mounriver_studio2/resources/app/resources/win32/components/wch/toolchain/risc-v embedded gcc/bin/../lib/gcc/riscv-none-embed/8.2.0/../../../../riscv-none-embed/lib/rv32imacxw/ilp32\libg_nano.a(lib_a-puts.o)
                0x000000000000934a                puts
 .text._sbrk_r  0x0000000000009356       0x32 c:/mounriver/mounriver_studio2/resources/app/resources/win32/components/wch/toolchain/risc-v embedded gcc/bin/../lib/gcc/riscv-none-embed/8.2.0/../../../../riscv-none-embed/lib/rv32imacxw/ilp32\libg_nano.a(lib_a-sbrkr.o)
                0x0000000000009356                _sbrk_r
 .text.strcpy   0x0000000000009388       0x10 c:/mounriver/mounriver_studio2/resources/app/resources/win32/components/wch/toolchain/risc-v embedded gcc/bin/../lib/gcc/riscv-none-embed/8.2.0/../../../../riscv-none-embed/lib/rv32imacxw/ilp32\libg_nano.a(lib_a-strcpy.o)
                0x0000000000009388                strcpy
 .text.strcspn  0x0000000000009398       0x1e c:/mounriver/mounriver_studio2/resources/app/resources/win32/components/wch/toolchain/risc-v embedded gcc/bin/../lib/gcc/riscv-none-embed/8.2.0/../../../../riscv-none-embed/lib/rv32imacxw/ilp32\libg_nano.a(lib_a-strcspn.o)
                0x0000000000009398                strcspn
 .text.strlen   0x00000000000093b6       0x12 c:/mounriver/mounriver_studio2/resources/app/resources/win32/components/wch/toolchain/risc-v embedded gcc/bin/../lib/gcc/riscv-none-embed/8.2.0/../../../../riscv-none-embed/lib/rv32imacxw/ilp32\libg_nano.a(lib_a-strlen.o)
                0x00000000000093b6                strlen
 .text.strspn   0x00000000000093c8       0x1e c:/mounriver/mounriver_studio2/resources/app/resources/win32/components/wch/toolchain/risc-v embedded gcc/bin/../lib/gcc/riscv-none-embed/8.2.0/../../../../riscv-none-embed/lib/rv32imacxw/ilp32\libg_nano.a(lib_a-strspn.o)
                0x00000000000093c8                strspn
 .text.__swbuf_r
                0x00000000000093e6       0xbc c:/mounriver/mounriver_studio2/resources/app/resources/win32/components/wch/toolchain/risc-v embedded gcc/bin/../lib/gcc/riscv-none-embed/8.2.0/../../../../riscv-none-embed/lib/rv32imacxw/ilp32\libg_nano.a(lib_a-wbuf.o)
                0x00000000000093e6                __swbuf_r
 .text.__swsetup_r
                0x00000000000094a2       0xfe c:/mounriver/mounriver_studio2/resources/app/resources/win32/components/wch/toolchain/risc-v embedded gcc/bin/../lib/gcc/riscv-none-embed/8.2.0/../../../../riscv-none-embed/lib/rv32imacxw/ilp32\libg_nano.a(lib_a-wsetup.o)
                0x00000000000094a2                __swsetup_r
 .text.abort    0x00000000000095a0        0xe c:/mounriver/mounriver_studio2/resources/app/resources/win32/components/wch/toolchain/risc-v embedded gcc/bin/../lib/gcc/riscv-none-embed/8.2.0/../../../../riscv-none-embed/lib/rv32imacxw/ilp32\libg_nano.a(lib_a-abort.o)
                0x00000000000095a0                abort
 .text.__sflush_r
                0x00000000000095ae      0x132 c:/mounriver/mounriver_studio2/resources/app/resources/win32/components/wch/toolchain/risc-v embedded gcc/bin/../lib/gcc/riscv-none-embed/8.2.0/../../../../riscv-none-embed/lib/rv32imacxw/ilp32\libg_nano.a(lib_a-fflush.o)
                0x00000000000095ae                __sflush_r
 .text._fflush_r
                0x00000000000096e0       0x66 c:/mounriver/mounriver_studio2/resources/app/resources/win32/components/wch/toolchain/risc-v embedded gcc/bin/../lib/gcc/riscv-none-embed/8.2.0/../../../../riscv-none-embed/lib/rv32imacxw/ilp32\libg_nano.a(lib_a-fflush.o)
                0x00000000000096e0                _fflush_r
 .text.std      0x0000000000009746       0x66 c:/mounriver/mounriver_studio2/resources/app/resources/win32/components/wch/toolchain/risc-v embedded gcc/bin/../lib/gcc/riscv-none-embed/8.2.0/../../../../riscv-none-embed/lib/rv32imacxw/ilp32\libg_nano.a(lib_a-findfp.o)
 .text._cleanup_r
                0x00000000000097ac        0xa c:/mounriver/mounriver_studio2/resources/app/resources/win32/components/wch/toolchain/risc-v embedded gcc/bin/../lib/gcc/riscv-none-embed/8.2.0/../../../../riscv-none-embed/lib/rv32imacxw/ilp32\libg_nano.a(lib_a-findfp.o)
                0x00000000000097ac                _cleanup_r
 .text.__sfmoreglue
                0x00000000000097b6       0x48 c:/mounriver/mounriver_studio2/resources/app/resources/win32/components/wch/toolchain/risc-v embedded gcc/bin/../lib/gcc/riscv-none-embed/8.2.0/../../../../riscv-none-embed/lib/rv32imacxw/ilp32\libg_nano.a(lib_a-findfp.o)
                0x00000000000097b6                __sfmoreglue
 .text.__sinit  0x00000000000097fe       0x6c c:/mounriver/mounriver_studio2/resources/app/resources/win32/components/wch/toolchain/risc-v embedded gcc/bin/../lib/gcc/riscv-none-embed/8.2.0/../../../../riscv-none-embed/lib/rv32imacxw/ilp32\libg_nano.a(lib_a-findfp.o)
                0x00000000000097fe                __sinit
 .text.__sfp    0x000000000000986a       0xa0 c:/mounriver/mounriver_studio2/resources/app/resources/win32/components/wch/toolchain/risc-v embedded gcc/bin/../lib/gcc/riscv-none-embed/8.2.0/../../../../riscv-none-embed/lib/rv32imacxw/ilp32\libg_nano.a(lib_a-findfp.o)
                0x000000000000986a                __sfp
 .text._fwalk_reent
                0x000000000000990a       0x6a c:/mounriver/mounriver_studio2/resources/app/resources/win32/components/wch/toolchain/risc-v embedded gcc/bin/../lib/gcc/riscv-none-embed/8.2.0/../../../../riscv-none-embed/lib/rv32imacxw/ilp32\libg_nano.a(lib_a-fwalk.o)
                0x000000000000990a                _fwalk_reent
 .text.__swhatbuf_r
                0x0000000000009974       0x56 c:/mounriver/mounriver_studio2/resources/app/resources/win32/components/wch/toolchain/risc-v embedded gcc/bin/../lib/gcc/riscv-none-embed/8.2.0/../../../../riscv-none-embed/lib/rv32imacxw/ilp32\libg_nano.a(lib_a-makebuf.o)
                0x0000000000009974                __swhatbuf_r
 .text.__smakebuf_r
                0x00000000000099ca       0x92 c:/mounriver/mounriver_studio2/resources/app/resources/win32/components/wch/toolchain/risc-v embedded gcc/bin/../lib/gcc/riscv-none-embed/8.2.0/../../../../riscv-none-embed/lib/rv32imacxw/ilp32\libg_nano.a(lib_a-makebuf.o)
                0x00000000000099ca                __smakebuf_r
 .text.memchr   0x0000000000009a5c       0x18 c:/mounriver/mounriver_studio2/resources/app/resources/win32/components/wch/toolchain/risc-v embedded gcc/bin/../lib/gcc/riscv-none-embed/8.2.0/../../../../riscv-none-embed/lib/rv32imacxw/ilp32\libg_nano.a(lib_a-memchr.o)
                0x0000000000009a5c                memchr
 .text.__malloc_lock
                0x0000000000009a74        0x2 c:/mounriver/mounriver_studio2/resources/app/resources/win32/components/wch/toolchain/risc-v embedded gcc/bin/../lib/gcc/riscv-none-embed/8.2.0/../../../../riscv-none-embed/lib/rv32imacxw/ilp32\libg_nano.a(lib_a-mlock.o)
                0x0000000000009a74                __malloc_lock
 .text.__malloc_unlock
                0x0000000000009a76        0x2 c:/mounriver/mounriver_studio2/resources/app/resources/win32/components/wch/toolchain/risc-v embedded gcc/bin/../lib/gcc/riscv-none-embed/8.2.0/../../../../riscv-none-embed/lib/rv32imacxw/ilp32\libg_nano.a(lib_a-mlock.o)
                0x0000000000009a76                __malloc_unlock
 .text._raise_r
                0x0000000000009a78       0x62 c:/mounriver/mounriver_studio2/resources/app/resources/win32/components/wch/toolchain/risc-v embedded gcc/bin/../lib/gcc/riscv-none-embed/8.2.0/../../../../riscv-none-embed/lib/rv32imacxw/ilp32\libg_nano.a(lib_a-signal.o)
                0x0000000000009a78                _raise_r
 .text.raise    0x0000000000009ada        0xc c:/mounriver/mounriver_studio2/resources/app/resources/win32/components/wch/toolchain/risc-v embedded gcc/bin/../lib/gcc/riscv-none-embed/8.2.0/../../../../riscv-none-embed/lib/rv32imacxw/ilp32\libg_nano.a(lib_a-signal.o)
                0x0000000000009ada                raise
 .text._kill_r  0x0000000000009ae6       0x32 c:/mounriver/mounriver_studio2/resources/app/resources/win32/components/wch/toolchain/risc-v embedded gcc/bin/../lib/gcc/riscv-none-embed/8.2.0/../../../../riscv-none-embed/lib/rv32imacxw/ilp32\libg_nano.a(lib_a-signalr.o)
                0x0000000000009ae6                _kill_r
 .text._getpid_r
                0x0000000000009b18        0x2 c:/mounriver/mounriver_studio2/resources/app/resources/win32/components/wch/toolchain/risc-v embedded gcc/bin/../lib/gcc/riscv-none-embed/8.2.0/../../../../riscv-none-embed/lib/rv32imacxw/ilp32\libg_nano.a(lib_a-signalr.o)
                0x0000000000009b18                _getpid_r
 .text.__sread  0x0000000000009b1a       0x2c c:/mounriver/mounriver_studio2/resources/app/resources/win32/components/wch/toolchain/risc-v embedded gcc/bin/../lib/gcc/riscv-none-embed/8.2.0/../../../../riscv-none-embed/lib/rv32imacxw/ilp32\libg_nano.a(lib_a-stdio.o)
                0x0000000000009b1a                __sread
 .text.__swrite
                0x0000000000009b46       0x48 c:/mounriver/mounriver_studio2/resources/app/resources/win32/components/wch/toolchain/risc-v embedded gcc/bin/../lib/gcc/riscv-none-embed/8.2.0/../../../../riscv-none-embed/lib/rv32imacxw/ilp32\libg_nano.a(lib_a-stdio.o)
                0x0000000000009b46                __swrite
 .text.__sseek  0x0000000000009b8e       0x30 c:/mounriver/mounriver_studio2/resources/app/resources/win32/components/wch/toolchain/risc-v embedded gcc/bin/../lib/gcc/riscv-none-embed/8.2.0/../../../../riscv-none-embed/lib/rv32imacxw/ilp32\libg_nano.a(lib_a-stdio.o)
                0x0000000000009b8e                __sseek
 .text.__sclose
                0x0000000000009bbe        0x6 c:/mounriver/mounriver_studio2/resources/app/resources/win32/components/wch/toolchain/risc-v embedded gcc/bin/../lib/gcc/riscv-none-embed/8.2.0/../../../../riscv-none-embed/lib/rv32imacxw/ilp32\libg_nano.a(lib_a-stdio.o)
                0x0000000000009bbe                __sclose
 .text._write_r
                0x0000000000009bc4       0x36 c:/mounriver/mounriver_studio2/resources/app/resources/win32/components/wch/toolchain/risc-v embedded gcc/bin/../lib/gcc/riscv-none-embed/8.2.0/../../../../riscv-none-embed/lib/rv32imacxw/ilp32\libg_nano.a(lib_a-writer.o)
                0x0000000000009bc4                _write_r
 .text._close_r
                0x0000000000009bfa       0x30 c:/mounriver/mounriver_studio2/resources/app/resources/win32/components/wch/toolchain/risc-v embedded gcc/bin/../lib/gcc/riscv-none-embed/8.2.0/../../../../riscv-none-embed/lib/rv32imacxw/ilp32\libg_nano.a(lib_a-closer.o)
                0x0000000000009bfa                _close_r
 .text._fstat_r
                0x0000000000009c2a       0x32 c:/mounriver/mounriver_studio2/resources/app/resources/win32/components/wch/toolchain/risc-v embedded gcc/bin/../lib/gcc/riscv-none-embed/8.2.0/../../../../riscv-none-embed/lib/rv32imacxw/ilp32\libg_nano.a(lib_a-fstatr.o)
                0x0000000000009c2a                _fstat_r
 .text._isatty_r
                0x0000000000009c5c       0x30 c:/mounriver/mounriver_studio2/resources/app/resources/win32/components/wch/toolchain/risc-v embedded gcc/bin/../lib/gcc/riscv-none-embed/8.2.0/../../../../riscv-none-embed/lib/rv32imacxw/ilp32\libg_nano.a(lib_a-isattyr.o)
                0x0000000000009c5c                _isatty_r
 .text._lseek_r
                0x0000000000009c8c       0x34 c:/mounriver/mounriver_studio2/resources/app/resources/win32/components/wch/toolchain/risc-v embedded gcc/bin/../lib/gcc/riscv-none-embed/8.2.0/../../../../riscv-none-embed/lib/rv32imacxw/ilp32\libg_nano.a(lib_a-lseekr.o)
                0x0000000000009c8c                _lseek_r
 .text._read_r  0x0000000000009cc0       0x34 c:/mounriver/mounriver_studio2/resources/app/resources/win32/components/wch/toolchain/risc-v embedded gcc/bin/../lib/gcc/riscv-none-embed/8.2.0/../../../../riscv-none-embed/lib/rv32imacxw/ilp32\libg_nano.a(lib_a-readr.o)
                0x0000000000009cc0                _read_r
 .text._close   0x0000000000009cf4       0x10 c:/mounriver/mounriver_studio2/resources/app/resources/win32/components/wch/toolchain/risc-v embedded gcc/bin/../lib/gcc/riscv-none-embed/8.2.0/../../../../riscv-none-embed/lib/rv32imacxw/ilp32\libnosys.a(close.o)
                0x0000000000009cf4                _close
 .text._fstat   0x0000000000009d04       0x10 c:/mounriver/mounriver_studio2/resources/app/resources/win32/components/wch/toolchain/risc-v embedded gcc/bin/../lib/gcc/riscv-none-embed/8.2.0/../../../../riscv-none-embed/lib/rv32imacxw/ilp32\libnosys.a(fstat.o)
                0x0000000000009d04                _fstat
 .text._getpid  0x0000000000009d14       0x10 c:/mounriver/mounriver_studio2/resources/app/resources/win32/components/wch/toolchain/risc-v embedded gcc/bin/../lib/gcc/riscv-none-embed/8.2.0/../../../../riscv-none-embed/lib/rv32imacxw/ilp32\libnosys.a(getpid.o)
                0x0000000000009d14                _getpid
 .text._isatty  0x0000000000009d24       0x10 c:/mounriver/mounriver_studio2/resources/app/resources/win32/components/wch/toolchain/risc-v embedded gcc/bin/../lib/gcc/riscv-none-embed/8.2.0/../../../../riscv-none-embed/lib/rv32imacxw/ilp32\libnosys.a(isatty.o)
                0x0000000000009d24                _isatty
 .text._kill    0x0000000000009d34       0x10 c:/mounriver/mounriver_studio2/resources/app/resources/win32/components/wch/toolchain/risc-v embedded gcc/bin/../lib/gcc/riscv-none-embed/8.2.0/../../../../riscv-none-embed/lib/rv32imacxw/ilp32\libnosys.a(kill.o)
                0x0000000000009d34                _kill
 .text._lseek   0x0000000000009d44       0x10 c:/mounriver/mounriver_studio2/resources/app/resources/win32/components/wch/toolchain/risc-v embedded gcc/bin/../lib/gcc/riscv-none-embed/8.2.0/../../../../riscv-none-embed/lib/rv32imacxw/ilp32\libnosys.a(lseek.o)
                0x0000000000009d44                _lseek
 .text._read    0x0000000000009d54       0x10 c:/mounriver/mounriver_studio2/resources/app/resources/win32/components/wch/toolchain/risc-v embedded gcc/bin/../lib/gcc/riscv-none-embed/8.2.0/../../../../riscv-none-embed/lib/rv32imacxw/ilp32\libnosys.a(read.o)
                0x0000000000009d54                _read
 .text._exit    0x0000000000009d64        0x2 c:/mounriver/mounriver_studio2/resources/app/resources/win32/components/wch/toolchain/risc-v embedded gcc/bin/../lib/gcc/riscv-none-embed/8.2.0/../../../../riscv-none-embed/lib/rv32imacxw/ilp32\libnosys.a(_exit.o)
                0x0000000000009d64                _exit
 *(.rodata)
 *fill*         0x0000000000009d66        0x2 
 .rodata        0x0000000000009d68       0x10 ./User/FAT/src/lfs.o
 *(.rodata*)
 .rodata.get_packet.str1.4
                0x0000000000009d78       0x15 ./User/comms/src/comms.o
 *fill*         0x0000000000009d8d        0x3 
 .rodata.USBFS_IRQHandler
                0x0000000000009d90       0x30 ./User/USB_Serial/src/ch32v20x_usbfs_device.o
 .rodata.MyCfgDescr
                0x0000000000009dc0       0x43 ./User/USB_Serial/src/usb_desc.o
                0x0000000000009dc0                MyCfgDescr
 *fill*         0x0000000000009e03        0x1 
 .rodata.MyDevDescr
                0x0000000000009e04       0x12 ./User/USB_Serial/src/usb_desc.o
                0x0000000000009e04                MyDevDescr
 *fill*         0x0000000000009e16        0x2 
 .rodata.MyManuInfo
                0x0000000000009e18        0xe ./User/USB_Serial/src/usb_desc.o
                0x0000000000009e18                MyManuInfo
 *fill*         0x0000000000009e26        0x2 
 .rodata.MyProdInfo
                0x0000000000009e28       0x16 ./User/USB_Serial/src/usb_desc.o
                0x0000000000009e28                MyProdInfo
 *fill*         0x0000000000009e3e        0x2 
 .rodata.MySerNumInfo
                0x0000000000009e40       0x16 ./User/USB_Serial/src/usb_desc.o
                0x0000000000009e40                MySerNumInfo
 *fill*         0x0000000000009e56        0x2 
 .rodata.cfg    0x0000000000009e58       0x54 ./User/Features/src/fs.o
                0x0000000000009e58                cfg
 .rodata.__func__.3666
                0x0000000000009eac        0xc ./User/FAT/src/lfs.o
 .rodata.__func__.3712
                0x0000000000009eb8        0xd ./User/FAT/src/lfs.o
 *fill*         0x0000000000009ec5        0x3 
 .rodata.__func__.3723
                0x0000000000009ec8        0xc ./User/FAT/src/lfs.o
 .rodata.__func__.3735
                0x0000000000009ed4        0xc ./User/FAT/src/lfs.o
 .rodata.__func__.3745
                0x0000000000009ee0        0xd ./User/FAT/src/lfs.o
 *fill*         0x0000000000009eed        0x3 
 .rodata.__func__.4022
                0x0000000000009ef0       0x11 ./User/FAT/src/lfs.o
 *fill*         0x0000000000009f01        0x3 
 .rodata.__func__.4106
                0x0000000000009f04       0x11 ./User/FAT/src/lfs.o
 *fill*         0x0000000000009f15        0x3 
 .rodata.__func__.4337
                0x0000000000009f18       0x10 ./User/FAT/src/lfs.o
 .rodata.__func__.4377
                0x0000000000009f28       0x19 ./User/FAT/src/lfs.o
 *fill*         0x0000000000009f41        0x3 
 .rodata.__func__.4434
                0x0000000000009f44       0x18 ./User/FAT/src/lfs.o
 .rodata.__func__.4678
                0x0000000000009f5c        0xf ./User/FAT/src/lfs.o
 *fill*         0x0000000000009f6b        0x1 
 .rodata.__func__.4706
                0x0000000000009f6c       0x10 ./User/FAT/src/lfs.o
 .rodata.__func__.4732
                0x0000000000009f7c       0x13 ./User/FAT/src/lfs.o
 *fill*         0x0000000000009f8f        0x1 
 .rodata.__func__.4776
                0x0000000000009f90        0xc ./User/FAT/src/lfs.o
 .rodata.__func__.4798
                0x0000000000009f9c        0xc ./User/FAT/src/lfs.o
 .rodata.__func__.4840
                0x0000000000009fa8        0x9 ./User/FAT/src/lfs.o
 *fill*         0x0000000000009fb1        0x3 
 .rodata.__func__.4853
                0x0000000000009fb4        0xc ./User/FAT/src/lfs.o
 .rodata.__func__.4978
                0x0000000000009fc0       0x13 ./User/FAT/src/lfs.o
 *fill*         0x0000000000009fd3        0x1 
 .rodata.__func__.4995
                0x0000000000009fd4        0xe ./User/FAT/src/lfs.o
 *fill*         0x0000000000009fe2        0x2 
 .rodata.__func__.5126
                0x0000000000009fe4        0xe ./User/FAT/src/lfs.o
 *fill*         0x0000000000009ff2        0x2 
 .rodata.__func__.5141
                0x0000000000009ff4        0xf ./User/FAT/src/lfs.o
 *fill*         0x000000000000a003        0x1 
 .rodata.__func__.5155
                0x000000000000a004        0xe ./User/FAT/src/lfs.o
 *fill*         0x000000000000a012        0x2 
 .rodata.__func__.5164
                0x000000000000a014        0xf ./User/FAT/src/lfs.o
 *fill*         0x000000000000a023        0x1 
 .rodata.__func__.5173
                0x000000000000a024        0xe ./User/FAT/src/lfs.o
 *fill*         0x000000000000a032        0x2 
 .rodata.__func__.5181
                0x000000000000a034       0x12 ./User/FAT/src/lfs.o
 *fill*         0x000000000000a046        0x2 
 .rodata.__func__.5212
                0x000000000000a048        0xd ./User/FAT/src/lfs.o
 *fill*         0x000000000000a055        0x3 
 .rodata.defaults.4606
                0x000000000000a058        0xc ./User/FAT/src/lfs.o
 .rodata.lfs_alloc.str1.4
                0x000000000000a064       0x29 ./User/FAT/src/lfs.o
 .rodata.lfs_bd_erase.str1.4
                0x000000000000a08d       0x29 ./User/FAT/src/lfs.o
                                         0x19 (size before relaxing)
 *fill*         0x000000000000a08d        0x3 
 .rodata.lfs_bd_flush.str1.4
                0x000000000000a090       0x21 ./User/FAT/src/lfs.o
 *fill*         0x000000000000a0b1        0x3 
 .rodata.lfs_bd_prog.str1.4
                0x000000000000a0b4       0x7f ./User/FAT/src/lfs.o
 *fill*         0x000000000000a133        0x1 
 .rodata.lfs_bd_read.str1.4
                0x000000000000a134       0x52 ./User/FAT/src/lfs.o
 *fill*         0x000000000000a186        0x2 
 .rodata.lfs_dir_compact.str1.4
                0x000000000000a188       0x5e ./User/FAT/src/lfs.o
 *fill*         0x000000000000a1e6        0x2 
 .rodata.lfs_dir_fetchmatch.str1.4
                0x000000000000a1e8       0x35 ./User/FAT/src/lfs.o
                                         0x39 (size before relaxing)
 *fill*         0x000000000000a21d        0x3 
 .rodata.lfs_dir_find.str1.4
                0x000000000000a220        0x3 ./User/FAT/src/lfs.o
 *fill*         0x000000000000a223        0x1 
 .rodata.lfs_dir_getinfo.str1.4
                0x000000000000a224        0x2 ./User/FAT/src/lfs.o
 *fill*         0x000000000000a226        0x2 
 .rodata.lfs_dir_open.str1.4
                0x000000000000a228       0x36 ./User/FAT/src/lfs.o
 *fill*         0x000000000000a25e        0x2 
 .rodata.lfs_dir_orphaningcommit.str1.4
                0x000000000000a260       0xa5 ./User/FAT/src/lfs.o
 *fill*         0x000000000000a305        0x3 
 .rodata.lfs_dir_read.str1.4
                0x000000000000a308        0x2 ./User/FAT/src/lfs.o
 *fill*         0x000000000000a30a        0x2 
 .rodata.lfs_dir_relocatingcommit.str1.4
                0x000000000000a30c       0xa3 ./User/FAT/src/lfs.o
 *fill*         0x000000000000a3af        0x1 
 .rodata.lfs_dir_traverse.constprop.45.str1.4
                0x000000000000a3b0        0x7 ./User/FAT/src/lfs.o
 *fill*         0x000000000000a3b7        0x1 
 .rodata.lfs_file_close.str1.4
                0x000000000000a3b8       0x36 ./User/FAT/src/lfs.o
 *fill*         0x000000000000a3ee        0x2 
 .rodata.lfs_file_open.str1.4
                0x000000000000a3f0       0x37 ./User/FAT/src/lfs.o
 *fill*         0x000000000000a427        0x1 
 .rodata.lfs_file_read.str1.4
                0x000000000000a428       0x2d ./User/FAT/src/lfs.o
 *fill*         0x000000000000a455        0x3 
 .rodata.lfs_file_relocate.str1.4
                0x000000000000a458       0x23 ./User/FAT/src/lfs.o
 *fill*         0x000000000000a47b        0x1 
 .rodata.lfs_file_write_.str1.4
                0x000000000000a47c       0x2d ./User/FAT/src/lfs.o
 *fill*         0x000000000000a4a9        0x3 
 .rodata.lfs_format.str1.4
                0x000000000000a4ac       0x21 ./User/FAT/src/lfs.o
 *fill*         0x000000000000a4cd        0x3 
 .rodata.lfs_fs_deorphan.part.36.str1.4
                0x000000000000a4d0       0xb9 ./User/FAT/src/lfs.o
 *fill*         0x000000000000a589        0x3 
 .rodata.lfs_fs_forceconsistency.str1.4
                0x000000000000a58c       0x99 ./User/FAT/src/lfs.o
 *fill*         0x000000000000a625        0x3 
 .rodata.lfs_fs_preporphans.isra.25.str1.4
                0x000000000000a628       0x6e ./User/FAT/src/lfs.o
 *fill*         0x000000000000a696        0x2 
 .rodata.lfs_init.str1.4
                0x000000000000a698      0x527 ./User/FAT/src/lfs.o
 *fill*         0x000000000000abbf        0x1 
 .rodata.lfs_mount.str1.4
                0x000000000000abc0      0x1af ./User/FAT/src/lfs.o
 *fill*         0x000000000000ad6f        0x1 
 .rodata.lfs_remove.str1.4
                0x000000000000ad70       0x23 ./User/FAT/src/lfs.o
 *fill*         0x000000000000ad93        0x1 
 .rodata.lfs_rename.str1.4
                0x000000000000ad94       0x43 ./User/FAT/src/lfs.o
 *fill*         0x000000000000add7        0x1 
 .rodata.lfs_tortoise_detectcycles.str1.4
                0x000000000000add8       0x2b ./User/FAT/src/lfs.o
 *fill*         0x000000000000ae03        0x1 
 .rodata.rtable.3322
                0x000000000000ae04       0x40 ./User/FAT/src/lfs_util.o
 .rodata.main.str1.4
                0x000000000000ae44       0x29 ./User/main.o
 *fill*         0x000000000000ae6d        0x3 
 .rodata.__clz_tab
                0x000000000000ae70      0x100 c:/mounriver/mounriver_studio2/resources/app/resources/win32/components/wch/toolchain/risc-v embedded gcc/bin/../lib/gcc/riscv-none-embed/8.2.0/rv32imacxw/ilp32\libgcc.a(_clz.o)
                0x000000000000ae70                __clz_tab
 .rodata.__assert_func.str1.4
                0x000000000000af70       0x3f c:/mounriver/mounriver_studio2/resources/app/resources/win32/components/wch/toolchain/risc-v embedded gcc/bin/../lib/gcc/riscv-none-embed/8.2.0/../../../../riscv-none-embed/lib/rv32imacxw/ilp32\libg_nano.a(lib_a-assert.o)
                                         0x43 (size before relaxing)
 *fill*         0x000000000000afaf        0x1 
 .rodata._vfprintf_r.str1.4
                0x000000000000afb0       0x13 c:/mounriver/mounriver_studio2/resources/app/resources/win32/components/wch/toolchain/risc-v embedded gcc/bin/../lib/gcc/riscv-none-embed/8.2.0/../../../../riscv-none-embed/lib/rv32imacxw/ilp32\libg_nano.a(lib_a-nano-vfprintf.o)
 *fill*         0x000000000000afc3        0x1 
 .rodata._printf_i.str1.4
                0x000000000000afc4       0x28 c:/mounriver/mounriver_studio2/resources/app/resources/win32/components/wch/toolchain/risc-v embedded gcc/bin/../lib/gcc/riscv-none-embed/8.2.0/../../../../riscv-none-embed/lib/rv32imacxw/ilp32\libg_nano.a(lib_a-nano-vfprintf_i.o)
                                         0x25 (size before relaxing)
 .rodata.__sf_fake_stderr
                0x000000000000afec       0x20 c:/mounriver/mounriver_studio2/resources/app/resources/win32/components/wch/toolchain/risc-v embedded gcc/bin/../lib/gcc/riscv-none-embed/8.2.0/../../../../riscv-none-embed/lib/rv32imacxw/ilp32\libg_nano.a(lib_a-findfp.o)
                0x000000000000afec                __sf_fake_stderr
 .rodata.__sf_fake_stdin
                0x000000000000b00c       0x20 c:/mounriver/mounriver_studio2/resources/app/resources/win32/components/wch/toolchain/risc-v embedded gcc/bin/../lib/gcc/riscv-none-embed/8.2.0/../../../../riscv-none-embed/lib/rv32imacxw/ilp32\libg_nano.a(lib_a-findfp.o)
                0x000000000000b00c                __sf_fake_stdin
 .rodata.__sf_fake_stdout
                0x000000000000b02c       0x20 c:/mounriver/mounriver_studio2/resources/app/resources/win32/components/wch/toolchain/risc-v embedded gcc/bin/../lib/gcc/riscv-none-embed/8.2.0/../../../../riscv-none-embed/lib/rv32imacxw/ilp32\libg_nano.a(lib_a-findfp.o)
                0x000000000000b02c                __sf_fake_stdout
 *(.gnu.linkonce.t.*)
                0x000000000000b04c                . = ALIGN (0x4)

.rela.dyn       0x000000000000b04c        0x0
 .rela.init     0x000000000000b04c        0x0 ./User/comms/src/comms.o
 .rela.vector   0x000000000000b04c        0x0 ./User/comms/src/comms.o
 .rela.text.handle_reset
                0x000000000000b04c        0x0 ./User/comms/src/comms.o
 .rela.text._sbrk
                0x000000000000b04c        0x0 ./User/comms/src/comms.o
 .rela.sdata.curbrk.4754
                0x000000000000b04c        0x0 ./User/comms/src/comms.o
 .rela.text._vfprintf_r
                0x000000000000b04c        0x0 ./User/comms/src/comms.o
 .rela.text._sbrk_r
                0x000000000000b04c        0x0 ./User/comms/src/comms.o
 .rela.text._kill_r
                0x000000000000b04c        0x0 ./User/comms/src/comms.o
 .rela.text._write_r
                0x000000000000b04c        0x0 ./User/comms/src/comms.o
 .rela.text._close_r
                0x000000000000b04c        0x0 ./User/comms/src/comms.o
 .rela.text._fstat_r
                0x000000000000b04c        0x0 ./User/comms/src/comms.o
 .rela.text._isatty_r
                0x000000000000b04c        0x0 ./User/comms/src/comms.o
 .rela.text._lseek_r
                0x000000000000b04c        0x0 ./User/comms/src/comms.o
 .rela.text._read_r
                0x000000000000b04c        0x0 ./User/comms/src/comms.o
 .rela.text._close
                0x000000000000b04c        0x0 ./User/comms/src/comms.o
 .rela.text._fstat
                0x000000000000b04c        0x0 ./User/comms/src/comms.o
 .rela.text._getpid
                0x000000000000b04c        0x0 ./User/comms/src/comms.o
 .rela.text._isatty
                0x000000000000b04c        0x0 ./User/comms/src/comms.o
 .rela.text._kill
                0x000000000000b04c        0x0 ./User/comms/src/comms.o
 .rela.text._lseek
                0x000000000000b04c        0x0 ./User/comms/src/comms.o
 .rela.text._read
                0x000000000000b04c        0x0 ./User/comms/src/comms.o

.fini           0x000000000000b04c        0x0
 *(SORT_NONE(.fini))
                0x000000000000b04c                . = ALIGN (0x4)
                [!provide]                        PROVIDE (_etext = .)
                [!provide]                        PROVIDE (_eitcm = .)

.preinit_array  0x000000000000b04c        0x0
                [!provide]                        PROVIDE (__preinit_array_start = .)
 *(.preinit_array)
                [!provide]                        PROVIDE (__preinit_array_end = .)

.init_array     0x000000000000b04c        0x0
                [!provide]                        PROVIDE (__init_array_start = .)
 *(SORT_BY_INIT_PRIORITY(.init_array.*) SORT_BY_INIT_PRIORITY(.ctors.*))
 *(.init_array EXCLUDE_FILE(*crtend?.o *crtend.o *crtbegin?.o *crtbegin.o) .ctors)
                [!provide]                        PROVIDE (__init_array_end = .)

.fini_array     0x000000000000b04c        0x0
                [!provide]                        PROVIDE (__fini_array_start = .)
 *(SORT_BY_INIT_PRIORITY(.fini_array.*) SORT_BY_INIT_PRIORITY(.dtors.*))
 *(.fini_array EXCLUDE_FILE(*crtend?.o *crtend.o *crtbegin?.o *crtbegin.o) .dtors)
                [!provide]                        PROVIDE (__fini_array_end = .)

.ctors
 *crtbegin.o(.ctors)
 *crtbegin?.o(.ctors)
 *(EXCLUDE_FILE(*crtend?.o *crtend.o) .ctors)
 *(SORT_BY_NAME(.ctors.*))
 *(.ctors)

.dtors
 *crtbegin.o(.dtors)
 *crtbegin?.o(.dtors)
 *(EXCLUDE_FILE(*crtend?.o *crtend.o) .dtors)
 *(SORT_BY_NAME(.dtors.*))
 *(.dtors)

.dalign         0x0000000020000000        0x0 load address 0x000000000000b04c
                0x0000000020000000                . = ALIGN (0x4)
                0x0000000020000000                PROVIDE (_data_vma = .)

.dlalign        0x000000000000b04c        0x0
                0x000000000000b04c                . = ALIGN (0x4)
                0x000000000000b04c                PROVIDE (_data_lma = .)

.data           0x0000000020000000      0x108 load address 0x000000000000b04c
 *(.gnu.linkonce.r.*)
 *(.data .data.*)
 .data.pin_number_mapping
                0x0000000020000000       0x14 ./User/Features/src/gpio.o
                0x0000000020000000                pin_number_mapping
 .data.pin_port_mapping
                0x0000000020000014       0x50 ./User/Features/src/gpio.o
                0x0000000020000014                pin_port_mapping
 .data.AHBPrescTable
                0x0000000020000064       0x10 ./User/system_ch32v20x.o
                0x0000000020000064                AHBPrescTable
 .data.APBAHBPrescTable
                0x0000000020000074       0x10 ./Peripheral/src/ch32v20x_rcc.o
 .data.impure_data
                0x0000000020000084       0x60 c:/mounriver/mounriver_studio2/resources/app/resources/win32/components/wch/toolchain/risc-v embedded gcc/bin/../lib/gcc/riscv-none-embed/8.2.0/../../../../riscv-none-embed/lib/rv32imacxw/ilp32\libg_nano.a(lib_a-impure.o)
 *(.gnu.linkonce.d.*)
                0x00000000200000e8                . = ALIGN (0x8)
 *fill*         0x00000000200000e4        0x4 
                0x00000000200008e8                PROVIDE (__global_pointer$ = (. + 0x800))
 *(.sdata .sdata.*)
 .sdata.g_line_coding
                0x00000000200000e8        0x7 ./User/USB_Serial/src/ch32v20x_usbfs_device.o
 *fill*         0x00000000200000ef        0x1 
 .sdata.SystemCoreClock
                0x00000000200000f0        0x4 ./User/system_ch32v20x.o
                0x00000000200000f0                SystemCoreClock
 .sdata.ADCPrescTable
                0x00000000200000f4        0x4 ./Peripheral/src/ch32v20x_rcc.o
 .sdata.curbrk.4754
                0x00000000200000f8        0x4 ./Debug/debug.o
 .sdata._impure_ptr
                0x00000000200000fc        0x4 c:/mounriver/mounriver_studio2/resources/app/resources/win32/components/wch/toolchain/risc-v embedded gcc/bin/../lib/gcc/riscv-none-embed/8.2.0/../../../../riscv-none-embed/lib/rv32imacxw/ilp32\libg_nano.a(lib_a-impure.o)
                0x00000000200000fc                _impure_ptr
 *(.sdata2.*)
 .sdata2.MyLangDescr
                0x0000000020000100        0x4 ./User/USB_Serial/src/usb_desc.o
                0x0000000020000100                MyLangDescr
 .sdata2._global_impure_ptr
                0x0000000020000104        0x4 c:/mounriver/mounriver_studio2/resources/app/resources/win32/components/wch/toolchain/risc-v embedded gcc/bin/../lib/gcc/riscv-none-embed/8.2.0/../../../../riscv-none-embed/lib/rv32imacxw/ilp32\libg_nano.a(lib_a-impure.o)
                0x0000000020000104                _global_impure_ptr
 *(.gnu.linkonce.s.*)
                0x0000000020000108                . = ALIGN (0x8)
 *(.srodata.cst16)
 *(.srodata.cst8)
 *(.srodata.cst4)
 *(.srodata.cst2)
 *(.srodata .srodata.*)
                0x0000000020000108                . = ALIGN (0x4)
                0x0000000020000108                PROVIDE (_edata = .)

.bss            0x0000000020000108     0x43e4 load address 0x000000000000b154
                0x0000000020000108                . = ALIGN (0x4)
                0x0000000020000108                PROVIDE (_sbss = .)
 *(.sbss*)
 .sbss.current_mode
                0x0000000020000108        0x4 ./User/comms/src/protocol.o
                0x0000000020000108                current_mode
 .sbss.USBFS_DevAddr
                0x000000002000010c        0x1 ./User/USB_Serial/src/ch32v20x_usbfs_device.o
                0x000000002000010c                USBFS_DevAddr
 .sbss.USBFS_DevConfig
                0x000000002000010d        0x1 ./User/USB_Serial/src/ch32v20x_usbfs_device.o
                0x000000002000010d                USBFS_DevConfig
 .sbss.USBFS_DevEnumStatus
                0x000000002000010e        0x1 ./User/USB_Serial/src/ch32v20x_usbfs_device.o
                0x000000002000010e                USBFS_DevEnumStatus
 .sbss.USBFS_DevSleepStatus
                0x000000002000010f        0x1 ./User/USB_Serial/src/ch32v20x_usbfs_device.o
                0x000000002000010f                USBFS_DevSleepStatus
 .sbss.USBFS_Endp_Busy
                0x0000000020000110        0x8 ./User/USB_Serial/src/ch32v20x_usbfs_device.o
                0x0000000020000110                USBFS_Endp_Busy
 .sbss.USBFS_SetupReqCode
                0x0000000020000118        0x1 ./User/USB_Serial/src/ch32v20x_usbfs_device.o
                0x0000000020000118                USBFS_SetupReqCode
 *fill*         0x0000000020000119        0x1 
 .sbss.USBFS_SetupReqIndex
                0x000000002000011a        0x2 ./User/USB_Serial/src/ch32v20x_usbfs_device.o
                0x000000002000011a                USBFS_SetupReqIndex
 .sbss.USBFS_SetupReqLen
                0x000000002000011c        0x2 ./User/USB_Serial/src/ch32v20x_usbfs_device.o
                0x000000002000011c                USBFS_SetupReqLen
 .sbss.USBFS_SetupReqType
                0x000000002000011e        0x1 ./User/USB_Serial/src/ch32v20x_usbfs_device.o
                0x000000002000011e                USBFS_SetupReqType
 *fill*         0x000000002000011f        0x1 
 .sbss.USBFS_SetupReqValue
                0x0000000020000120        0x2 ./User/USB_Serial/src/ch32v20x_usbfs_device.o
                0x0000000020000120                USBFS_SetupReqValue
 *fill*         0x0000000020000122        0x2 
 .sbss.pUSBFS_Descr
                0x0000000020000124        0x4 ./User/USB_Serial/src/ch32v20x_usbfs_device.o
                0x0000000020000124                pUSBFS_Descr
 .sbss.rx_head  0x0000000020000128        0x2 ./User/USB_Serial/src/usb_serial.o
 .sbss.rx_tail  0x000000002000012a        0x2 ./User/USB_Serial/src/usb_serial.o
 .sbss.tx_head  0x000000002000012c        0x2 ./User/USB_Serial/src/usb_serial.o
 .sbss.tx_pending_kick
                0x000000002000012e        0x1 ./User/USB_Serial/src/usb_serial.o
 *fill*         0x000000002000012f        0x1 
 .sbss.tx_tail  0x0000000020000130        0x2 ./User/USB_Serial/src/usb_serial.o
 *fill*         0x0000000020000132        0x2 
 .sbss.pio_count
                0x0000000020000134        0x4 ./User/ch32v20x_it.o
                0x0000000020000134                pio_count
 .sbss.pio_head
                0x0000000020000138        0x4 ./User/ch32v20x_it.o
                0x0000000020000138                pio_head
 .sbss.MCU_Version
                0x000000002000013c        0x1 ./Peripheral/src/ch32v20x_gpio.o
                0x000000002000013c                MCU_Version
 *fill*         0x000000002000013d        0x3 
 .sbss.NVIC_Priority_Group
                0x0000000020000140        0x4 ./Peripheral/src/ch32v20x_misc.o
                0x0000000020000140                NVIC_Priority_Group
 .sbss.p_ms     0x0000000020000144        0x2 ./Debug/debug.o
 .sbss.p_us     0x0000000020000146        0x1 ./Debug/debug.o
 *fill*         0x0000000020000147        0x1 
 .sbss.__malloc_free_list
                0x0000000020000148        0x4 c:/mounriver/mounriver_studio2/resources/app/resources/win32/components/wch/toolchain/risc-v embedded gcc/bin/../lib/gcc/riscv-none-embed/8.2.0/../../../../riscv-none-embed/lib/rv32imacxw/ilp32\libg_nano.a(lib_a-nano-mallocr.o)
                0x0000000020000148                __malloc_free_list
 .sbss.__malloc_sbrk_start
                0x000000002000014c        0x4 c:/mounriver/mounriver_studio2/resources/app/resources/win32/components/wch/toolchain/risc-v embedded gcc/bin/../lib/gcc/riscv-none-embed/8.2.0/../../../../riscv-none-embed/lib/rv32imacxw/ilp32\libg_nano.a(lib_a-nano-mallocr.o)
                0x000000002000014c                __malloc_sbrk_start
 *(.gnu.linkonce.sb.*)
 *(.bss*)
 .bss.mega_buffer
                0x0000000020000150     0x1400 ./User/comms/src/comms.o
                0x0000000020000150                mega_buffer
 .bss.USBFS_EP0_Buf
                0x0000000020001550       0x40 ./User/USB_Serial/src/ch32v20x_usbfs_device.o
                0x0000000020001550                USBFS_EP0_Buf
 .bss.USBFS_EP1_Buf
                0x0000000020001590       0x40 ./User/USB_Serial/src/ch32v20x_usbfs_device.o
                0x0000000020001590                USBFS_EP1_Buf
 .bss.USBFS_EP2_Buf