Archive member included to satisfy reference by file (symbol)

c:/mounriver/mounriver_studio2/resources/app/resources/win32/components/wch/toolchain/risc-v embedded gcc/bin/../lib/gcc/riscv-none-embed/8.2.0/rv32imacxw/ilp32\libgcc.a(_clzsi2.o)
                              ./User/FAT/src/lfs.o (__clzsi2)
c:/mounriver/mounriver_studio2/resources/app/resources/win32/components/wch/toolchain/risc-v embedded gcc/bin/../lib/gcc/riscv-none-embed/8.2.0/rv32imacxw/ilp32\libgcc.a(_ctzsi2.o)
                              ./User/FAT/src/lfs.o (__ctzsi2)
c:/mounriver/mounriver_studio2/resources/app/resources/win32/components/wch/toolchain/risc-v embedded gcc/bin/../lib/gcc/riscv-none-embed/8.2.0/rv32imacxw/ilp32\libgcc.a(_popcountsi2.o)
                              ./User/FAT/src/lfs.o (__popcountsi2)
c:/mounriver/mounriver_studio2/resources/app/resources/win32/components/wch/toolchain/risc-v embedded gcc/bin/../lib/gcc/riscv-none-embed/8.2.0/rv32imacxw/ilp32\libgcc.a(_bswapsi2.o)
                              ./User/FAT/src/lfs.o (__bswapsi2)
c:/mounriver/mounriver_studio2/resources/app/resources/win32/components/wch/toolchain/risc-v embedded gcc/bin/../lib/gcc/riscv-none-embed/8.2.0/rv32imacxw/ilp32\libgcc.a(_divdi3.o)
                              ./Peripheral/src/ch32v20x_usart.o (__divdi3)
c:/mounriver/mounriver_studio2/resources/app/resources/win32/components/wch/toolchain/risc-v embedded gcc/bin/../lib/gcc/riscv-none-embed/8.2.0/rv32imacxw/ilp32\libgcc.a(_udivdi3.o)
                              ./Peripheral/src/ch32v20x_usart.o (__udivdi3)
c:/mounriver/mounriver_studio2/resources/app/resources/win32/components/wch/toolchain/risc-v embedded gcc/bin/../lib/gcc/riscv-none-embed/8.2.0/rv32imacxw/ilp32\libgcc.a(save-restore.o)
                              ./User/VMIOX/src/execute.o (__riscv_save_12)
c:/mounriver/mounriver_studio2/resources/app/resources/win32/components/wch/toolchain/risc-v embedded gcc/bin/../lib/gcc/riscv-none-embed/8.2.0/rv32imacxw/ilp32\libgcc.a(_clz.o)
                              c:/mounriver/mounriver_studio2/resources/app/resources/win32/components/wch/toolchain/risc-v embedded gcc/bin/../lib/gcc/riscv-none-embed/8.2.0/rv32imacxw/ilp32\libgcc.a(_clzsi2.o) (__clz_tab)
c:/mounriver/mounriver_studio2/resources/app/resources/win32/components/wch/toolchain/risc-v embedded gcc/bin/../lib/gcc/riscv-none-embed/8.2.0/../../../../riscv-none-embed/lib/rv32imacxw/ilp32\libg_nano.a(lib_a-assert.o)
                              ./User/FAT/src/lfs.o (__assert_func)
c:/mounriver/mounriver_studio2/resources/app/resources/win32/components/wch/toolchain/risc-v embedded gcc/bin/../lib/gcc/riscv-none-embed/8.2.0/../../../../riscv-none-embed/lib/rv32imacxw/ilp32\libg_nano.a(lib_a-fprintf.o)
                              c:/mounriver/mounriver_studio2/resources/app/resources/win32/components/wch/toolchain/risc-v embedded gcc/bin/../lib/gcc/riscv-none-embed/8.2.0/../../../../riscv-none-embed/lib/rv32imacxw/ilp32\libg_nano.a(lib_a-assert.o) (fiprintf)
c:/mounriver/mounriver_studio2/resources/app/resources/win32/components/wch/toolchain/risc-v embedded gcc/bin/../lib/gcc/riscv-none-embed/8.2.0/../../../../riscv-none-embed/lib/rv32imacxw/ilp32\libg_nano.a(lib_a-impure.o)
                              c:/mounriver/mounriver_studio2/resources/app/resources/win32/components/wch/toolchain/risc-v embedded gcc/bin/../lib/gcc/riscv-none-embed/8.2.0/../../../../riscv-none-embed/lib/rv32imacxw/ilp32\libg_nano.a(lib_a-assert.o) (_impure_ptr)
c:/mounriver/mounriver_studio2/resources/app/resources/win32/components/wch/toolchain/risc-v embedded gcc/bin/../lib/gcc/riscv-none-embed/8.2.0/../../../../riscv-none-embed/lib/rv32imacxw/ilp32\libg_nano.a(lib_a-malloc.o)
                              ./User/FAT/src/lfs.o (malloc)
c:/mounriver/mounriver_studio2/resources/app/resources/win32/components/wch/toolchain/risc-v embedded gcc/bin/../lib/gcc/riscv-none-embed/8.2.0/../../../../riscv-none-embed/lib/rv32imacxw/ilp32\libg_nano.a(lib_a-memcmp.o)
                              ./User/FAT/src/lfs.o (memcmp)
c:/mounriver/mounriver_studio2/resources/app/resources/win32/components/wch/toolchain/risc-v embedded gcc/bin/../lib/gcc/riscv-none-embed/8.2.0/../../../../riscv-none-embed/lib/rv32imacxw/ilp32\libg_nano.a(lib_a-memcpy.o)
                              ./User/comms/src/comms.o (memcpy)
c:/mounriver/mounriver_studio2/resources/app/resources/win32/components/wch/toolchain/risc-v embedded gcc/bin/../lib/gcc/riscv-none-embed/8.2.0/../../../../riscv-none-embed/lib/rv32imacxw/ilp32\libg_nano.a(lib_a-memset.o)
                              ./User/Features/src/adc.o (memset)
c:/mounriver/mounriver_studio2/resources/app/resources/win32/components/wch/toolchain/risc-v embedded gcc/bin/../lib/gcc/riscv-none-embed/8.2.0/../../../../riscv-none-embed/lib/rv32imacxw/ilp32\libg_nano.a(lib_a-nano-freer.o)
[...]
Memory Configuration

Name             Origin             Length             Attributes
FLASH            0x0000000000000000 0x0000000000010000 xr
RAM              0x0000000020000000 0x0000000000005000 xrw
*default*        0x0000000000000000 0xffffffffffffffff

Linker script and memory map

LOAD ./User/comms/src/comms.o
LOAD ./User/VMIOX/src/execute.o
LOAD ./User/VMIOX/src/opcodes.o
LOAD ./User/USB_Serial/src/ch32v20x_usbfs_device.o
LOAD ./User/USB_Serial/src/usb_desc.o
LOAD ./User/USB_Serial/src/usb_serial.o
LOAD ./User/Features/src/adc.o
LOAD ./User/Features/src/fs.o
LOAD ./User/Features/src/gpio.o
LOAD ./User/Features/src/i2c.o
LOAD ./User/Features/src/neopixel.o
LOAD ./User/Features/src/one_wire.o
LOAD ./User/Features/src/pulse_in.o
LOAD ./User/Features/src/pulse_out.o
LOAD ./User/Features/src/pwm.o
LOAD ./User/Features/src/spi.o
LOAD ./User/Features/src/touchkey.o
LOAD ./User/FAT/src/lfs.o
LOAD ./User/FAT/src/lfs_util.o
LOAD ./User/ch32v20x_it.o
LOAD ./User/main.o
LOAD ./User/system_ch32v20x.o
LOAD ./Startup/startup_ch32v20x_D6.o
LOAD ./Peripheral/src/ch32v20x_adc.o
LOAD ./Peripheral/src/ch32v20x_bkp.o
LOAD ./Peripheral/src/ch32v20x_can.o
LOAD ./Peripheral/src/ch32v20x_crc.o
LOAD ./Peripheral/src/ch32v20x_dbgmcu.o
LOAD ./Peripheral/src/ch32v20x_dma.o
LOAD ./Peripheral/src/ch32v20x_exti.o
LOAD ./Peripheral/src/ch32v20x_flash.o
LOAD ./Peripheral/src/ch32v20x_gpio.o
LOAD ./Peripheral/src/ch32v20x_i2c.o
LOAD ./Peripheral/src/ch32v20x_iwdg.o
LOAD ./Peripheral/src/ch32v20x_misc.o
LOAD ./Peripheral/src/ch32v20x_opa.o
LOAD ./Peripheral/src/ch32v20x_pwr.o
LOAD ./Peripheral/src/ch32v20x_rcc.o
LOAD ./Peripheral/src/ch32v20x_rtc.o
LOAD ./Peripheral/src/ch32v20x_spi.o
LOAD ./Peripheral/src/ch32v20x_tim.o
LOAD ./Peripheral/src/ch32v20x_usart.o
LOAD ./Peripheral/src/ch32v20x_wwdg.o
LOAD ./Debug/debug.o
LOAD ./Core/core_riscv.o
LOAD c:/mounriver/mounriver_studio2/resources/app/resources/win32/components/wch/toolchain/risc-v embedded gcc/bin/../lib/gcc/riscv-none-embed/8.2.0/../../../../riscv-none-embed/lib/rv32imacxw/ilp32\libm.a
LOAD c:/mounriver/mounriver_studio2/resources/app/resources/win32/components/wch/toolchain/risc-v embedded gcc/bin/../lib/gcc/riscv-none-embed/8.2.0/rv32imacxw/ilp32\libgcc.a
LOAD c:/mounriver/mounriver_studio2/resources/app/resources/win32/components/wch/toolchain/risc-v embedded gcc/bin/../lib/gcc/riscv-none-embed/8.2.0/../../../../riscv-none-embed/lib/rv32imacxw/ilp32\libg_nano.a
LOAD c:/mounriver/mounriver_studio2/resources/app/resources/win32/components/wch/toolchain/risc-v embedded gcc/bin/../lib/gcc/riscv-none-embed/8.2.0/../../../../riscv-none-embed/lib/rv32imacxw/ilp32\libc_nano.a
LOAD c:/mounriver/mounriver_studio2/resources/app/resources/win32/components/wch/toolchain/risc-v embedded gcc/bin/../lib/gcc/riscv-none-embed/8.2.0/rv32imacxw/ilp32\libgcc.a
START GROUP
LOAD c:/mounriver/mounriver_studio2/resources/app/resources/win32/components/wch/toolchain/risc-v embedded gcc/bin/../lib/gcc/riscv-none-embed/8.2.0/rv32imacxw/ilp32\libgcc.a
LOAD c:/mounriver/mounriver_studio2/resources/app/resources/win32/components/wch/toolchain/risc-v embedded gcc/bin/../lib/gcc/riscv-none-embed/8.2.0/../../../../riscv-none-embed/lib/rv32imacxw/ilp32\libc_nano.a
LOAD c:/mounriver/mounriver_studio2/resources/app/resources/win32/components/wch/toolchain/risc-v embedded gcc/bin/../lib/gcc/riscv-none-embed/8.2.0/../../../../riscv-none-embed/lib/rv32imacxw/ilp32\libnosys.a
END GROUP
START GROUP
LOAD c:/mounriver/mounriver_studio2/resources/app/resources/win32/components/wch/toolchain/risc-v embedded gcc/bin/../lib/gcc/riscv-none-embed/8.2.0/rv32imacxw/ilp32\libgcc.a
LOAD c:/mounriver/mounriver_studio2/resources/app/resources/win32/components/wch/toolchain/risc-v embedded gcc/bin/../lib/gcc/riscv-none-embed/8.2.0/../../../../riscv-none-embed/lib/rv32imacxw/ilp32\libc_nano.a
LOAD c:/mounriver/mounriver_studio2/resources/app/resources/win32/components/wch/toolchain/risc-v embedded gcc/bin/../lib/gcc/riscv-none-embed/8.2.0/../../../../riscv-none-embed/lib/rv32imacxw/ilp32\libnosys.a
END GROUP
                0x0000000000000800                __stack_size = 0x800
                [!provide]                        PROVIDE (_stack_size = __stack_size)

.init           0x0000000000000000        0x4
                0x0000000000000000                _sinit = .
                0x0000000000000000                . = ALIGN (0x4)
 *(SORT_NONE(.init))
 .init          0x0000000000000000        0x4 ./Startup/startup_ch32v20x_D6.o
                0x0000000000000000                _start
                0x0000000000000004                . = ALIGN (0x4)
                0x0000000000000004                _einit = .

.vector         0x0000000000000004       0xfc
 *(.vector)
 .vector        0x0000000000000004       0xfc ./Startup/startup_ch32v20x_D6.o
                0x0000000000000100                . = ALIGN (0x40)

.text           0x0000000000000100     0x9fb8
                0x0000000000000100                . = ALIGN (0x4)
 *(.text)
 .text          0x0000000000000100       0x60 c:/mounriver/mounriver_studio2/resources/app/resources/win32/components/wch/toolchain/risc-v embedded gcc/bin/../lib/gcc/riscv-none-embed/8.2.0/rv32imacxw/ilp32\libgcc.a(save-restore.o)
                0x0000000000000100                __riscv_save_12
                0x0000000000000108                __riscv_save_9
                0x0000000000000108                __riscv_save_11
                0x0000000000000108                __riscv_save_10
                0x0000000000000108                __riscv_save_8
                0x0000000000000116                __riscv_save_4
                0x0000000000000116                __riscv_save_6
                0x0000000000000116                __riscv_save_5
                0x0000000000000116                __riscv_save_7
                0x0000000000000130                __riscv_save_3
                0x0000000000000130                __riscv_save_2
                0x0000000000000130                __riscv_save_1
                0x0000000000000130                __riscv_save_0
                0x000000000000013c                __riscv_restore_12
                0x0000000000000140                __riscv_restore_11
                0x0000000000000140                __riscv_restore_9
                0x0000000000000140                __riscv_restore_10
                0x0000000000000140                __riscv_restore_8
                0x000000000000014a                __riscv_restore_5
                0x000000000000014a                __riscv_restore_7
                0x000000000000014a                __riscv_restore_6
                0x000000000000014a                __riscv_restore_4
                0x0000000000000154                __riscv_restore_3
                0x0000000000000154                __riscv_restore_0
                0x0000000000000154                __riscv_restore_2
                0x0000000000000154                __riscv_restore_1
 .text          0x0000000000000160       0xa8 c:/mounriver/mounriver_studio2/resources/app/resources/win32/components/wch/toolchain/risc-v embedded gcc/bin/../lib/gcc/riscv-none-embed/8.2.0/../../../../riscv-none-embed/lib/rv32imacxw/ilp32\libg_nano.a(lib_a-memset.o)
                0x0000000000000160                memset
 *(.text.*)
 .text.get_packet
                0x0000000000000208      0x826 ./User/comms/src/comms.o
                0x0000000000000208                get_packet
 .text.run      0x0000000000000a2e      0x3d6 ./User/VMIOX/src/execute.o
                0x0000000000000a2e                run
 .text.reads_registers
                0x0000000000000e04       0x2c ./User/VMIOX/src/opcodes.o
                0x0000000000000e04                reads_registers
 .text.writes_registers
                0x0000000000000e30       0x2c ./User/VMIOX/src/opcodes.o
                0x0000000000000e30                writes_registers
 .text.reads_pile
                0x0000000000000e5c       0x26 ./User/VMIOX/src/opcodes.o
                0x0000000000000e5c                reads_pile
 .text.writes_pile
                0x0000000000000e82       0x24 ./User/VMIOX/src/opcodes.o
                0x0000000000000e82                writes_pile
 .text.USBFS_RCC_Init
                0x0000000000000ea6       0x16 ./User/USB_Serial/src/ch32v20x_usbfs_device.o
                0x0000000000000ea6                USBFS_RCC_Init
 .text.USBFS_Device_Endp_Init
                0x0000000000000ebc       0x6c ./User/USB_Serial/src/ch32v20x_usbfs_device.o
                0x0000000000000ebc                USBFS_Device_Endp_Init
 .text.USBFS_Device_Init
                0x0000000000000f28       0x56 ./User/USB_Serial/src/ch32v20x_usbfs_device.o
                0x0000000000000f28                USBFS_Device_Init
 .text.USBFS_Endp_DataUp
                0x0000000000000f7e       0xea ./User/USB_Serial/src/ch32v20x_usbfs_device.o
                0x0000000000000f7e                USBFS_Endp_DataUp
 .text.USBFS_IRQHandler
                0x0000000000001068      0x5f8 ./User/USB_Serial/src/ch32v20x_usbfs_device.o
                0x0000000000001068                USBFS_IRQHandler
 .text.usbSerial_begin
                0x0000000000001660       0x22 ./User/USB_Serial/src/usb_serial.o
                0x0000000000001660                usbSerial_begin
 .text.usbSerial_connected
                0x0000000000001682       0x1a ./User/USB_Serial/src/usb_serial.o
                0x0000000000001682                usbSerial_connected
 .text.tx_kick  0x000000000000169c       0x90 ./User/USB_Serial/src/usb_serial.o
 .text.usbSerial_available
                0x000000000000172c       0x26 ./User/USB_Serial/src/usb_serial.o
                0x000000000000172c                usbSerial_available
 .text.usbSerial_read
                0x0000000000001752       0x2e ./User/USB_Serial/src/usb_serial.o
                0x0000000000001752                usbSerial_read
 .text.usbSerial_blocking_read_u8
                0x0000000000001780        0xe ./User/USB_Serial/src/usb_serial.o
                0x0000000000001780                usbSerial_blocking_read_u8
 .text.usbSerial_writeP
                0x000000000000178e       0x74 ./User/USB_Serial/src/usb_serial.o
                0x000000000000178e                usbSerial_writeP
 .text.usbSerial_blocking_read_u32
                0x0000000000001802       0x28 ./User/USB_Serial/src/usb_serial.o
                0x0000000000001802                usbSerial_blocking_read_u32
 .text.usbSerial_flush
                0x000000000000182a        0xa ./User/USB_Serial/src/usb_serial.o
                0x000000000000182a                usbSerial_flush
 .text.usbSerial_tx_pending
                0x0000000000001834       0x26 ./User/USB_Serial/src/usb_serial.o
                0x0000000000001834                usbSerial_tx_pending
 .text.usbSerial_send_zlp
                0x000000000000185a       0x3c ./User/USB_Serial/src/usb_serial.o
                0x000000000000185a                usbSerial_send_zlp
 .text.usbSerial_blocking_writeP
                0x0000000000001896       0x26 ./User/USB_Serial/src/usb_serial.o
                0x0000000000001896                usbSerial_blocking_writeP
 .text.usbSerial_blocking_writeP_u32
                0x00000000000018bc       0x14 ./User/USB_Serial/src/usb_serial.o
                0x00000000000018bc                usbSerial_blocking_writeP_u32
 .text.usbSerial_on_ep2_out
                0x00000000000018d0       0x6e ./User/USB_Serial/src/usb_serial.o
                0x00000000000018d0                usbSerial_on_ep2_out
 .text.usbSerial_on_ep3_in_done
                0x000000000000193e        0x8 ./User/USB_Serial/src/usb_serial.o
                0x000000000000193e                usbSerial_on_ep3_in_done
 .text.adc_init
                0x0000000000001946       0xa6 ./User/Features/src/adc.o
                0x0000000000001946                adc_init
 .text.adc_read
                0x00000000000019ec       0x56 ./User/Features/src/adc.o
                0x00000000000019ec                adc_read
 .text.flash_sync
                0x0000000000001a42        0x4 ./User/Features/src/fs.o
                0x0000000000001a42                flash_sync
 .text.flash_erase
                0x0000000000001a46       0x4a ./User/Features/src/fs.o
                0x0000000000001a46                flash_erase
 .text.flash_read
                0x0000000000001a90       0x34 ./User/Features/src/fs.o
                0x0000000000001a90                flash_read
 .text.flash_prog
                0x0000000000001ac4       0x70 ./User/Features/src/fs.o
                0x0000000000001ac4                flash_prog
 .text.allocate_fh
                0x0000000000001b34       0x32 ./User/Features/src/fs.o
                0x0000000000001b34                allocate_fh
 .text.flashfs_init
                0x0000000000001b66       0x34 ./User/Features/src/fs.o
                0x0000000000001b66                flashfs_init
 .text.flashfs_file_open
                0x0000000000001b9a       0x3e ./User/Features/src/fs.o
                0x0000000000001b9a                flashfs_file_open
 .text.flashfs_file_close
                0x0000000000001bd8       0x2c ./User/Features/src/fs.o
                0x0000000000001bd8                flashfs_file_close
 .text.flashfs_file_read
                0x0000000000001c04       0x2a ./User/Features/src/fs.o
                0x0000000000001c04                flashfs_file_read
 .text.flashfs_file_write
                0x0000000000001c2e       0x2a ./User/Features/src/fs.o
                0x0000000000001c2e                flashfs_file_write
 .text.flashfs_file_seek
                0x0000000000001c58       0x2a ./User/Features/src/fs.o
                0x0000000000001c58                flashfs_file_seek
 .text.gpio_init_default
                0x0000000000001c82       0x36 ./User/Features/src/gpio.o
                0x0000000000001c82                gpio_init_default
 .text.gpio_init_port
                0x0000000000001cb8       0x4a ./User/Features/src/gpio.o
                0x0000000000001cb8                gpio_init_port
 .text.gpio_init_ad_pins
                0x0000000000001d02       0x16 ./User/Features/src/gpio.o
                0x0000000000001d02                gpio_init_ad_pins
 .text.gpio_init_f_pins
                0x0000000000001d18       0x34 ./User/Features/src/gpio.o
                0x0000000000001d18                gpio_init_f_pins
 .text.gpio_init_adf_pins
                0x0000000000001d4c       0x14 ./User/Features/src/gpio.o
                0x0000000000001d4c                gpio_init_adf_pins
 .text.gpio_read_adf_pin
                0x0000000000001d60       0x52 ./User/Features/src/gpio.o
                0x0000000000001d60                gpio_read_adf_pin
 .text.gpio_set_adf_pin
                0x0000000000001db2       0x38 ./User/Features/src/gpio.o
                0x0000000000001db2                gpio_set_adf_pin
 .text.gpio_clear_adf_pin
                0x0000000000001dea       0x38 ./User/Features/src/gpio.o
                0x0000000000001dea                gpio_clear_adf_pin
 .text.i2c_delay
                0x0000000000001e22        0xe ./User/Features/src/i2c.o
 .text.i2c_start
                0x0000000000001e30       0x40 ./User/Features/src/i2c.o
 .text.i2c_send_byte
                0x0000000000001e70       0x82 ./User/Features/src/i2c.o
 .text.i2c_recv_byte
                0x0000000000001ef2       0x8c ./User/Features/src/i2c.o
 .text.i2c_stop
                0x0000000000001f7e       0x34 ./User/Features/src/i2c.o
 .text.i2c_scan_address
                0x0000000000001fb2       0x30 ./User/Features/src/i2c.o
                0x0000000000001fb2                i2c_scan_address
 .text.i2c_send_bytes
                0x0000000000001fe2       0x4c ./User/Features/src/i2c.o
                0x0000000000001fe2                i2c_send_bytes
 .text.i2c_recv_bytes
                0x000000000000202e       0x54 ./User/Features/src/i2c.o
                0x000000000000202e                i2c_recv_bytes
 .text.i2c_send_recv_bytes
                0x0000000000002082       0x86 ./User/Features/src/i2c.o
                0x0000000000002082                i2c_send_recv_bytes
 .text.neopixel_send_bit
                0x0000000000002108       0x40 ./User/Features/src/neopixel.o
 .text.neopixel_send_byte
                0x0000000000002148       0x4a ./User/Features/src/neopixel.o
 .text.neopixel_send_buffer
                0x0000000000002192       0x44 ./User/Features/src/neopixel.o
                0x0000000000002192                neopixel_send_buffer
 .text.one_wire_reset
                0x00000000000021d6       0x42 ./User/Features/src/one_wire.o
                0x00000000000021d6                one_wire_reset
 .text.one_wire_write0
                0x0000000000002218       0x28 ./User/Features/src/one_wire.o
                0x0000000000002218                one_wire_write0
 .text.one_wire_write1
                0x0000000000002240       0x28 ./User/Features/src/one_wire.o
                0x0000000000002240                one_wire_write1
 .text.one_wire_read
                0x0000000000002268       0x38 ./User/Features/src/one_wire.o
                0x0000000000002268                one_wire_read
 .text.EXTI_INIT
                0x00000000000022a0       0x6e ./User/Features/src/pulse_in.o
                0x00000000000022a0                EXTI_INIT
 .text.EXTI_DEINIT
                0x000000000000230e       0x28 ./User/Features/src/pulse_in.o
                0x000000000000230e                EXTI_DEINIT
 .text.pulseio_in_init
                0x0000000000002336       0x76 ./User/Features/src/pulse_in.o
                0x0000000000002336                pulseio_in_init
 .text.pulseio_in_tim4_start
                0x00000000000023ac       0x2a ./User/Features/src/pulse_in.o
                0x00000000000023ac                pulseio_in_tim4_start
 .text.pulseio_in_tim4_stop
                0x00000000000023d6       0x1e ./User/Features/src/pulse_in.o
                0x00000000000023d6                pulseio_in_tim4_stop
 .text.pulseio_in_resume
                0x00000000000023f4       0x40 ./User/Features/src/pulse_in.o
                0x00000000000023f4                pulseio_in_resume
 .text.pulseio_in_clear
                0x0000000000002434       0x1a ./User/Features/src/pulse_in.o
                0x0000000000002434                pulseio_in_clear
 .text.pulseio_in_stop
                0x000000000000244e       0x10 ./User/Features/src/pulse_in.o
                0x000000000000244e                pulseio_in_stop
 .text.pulseio_in_read
                0x000000000000245e       0x62 ./User/Features/src/pulse_in.o
                0x000000000000245e                pulseio_in_read
 .text.pulseio_out_send
                0x00000000000024c0       0x50 ./User/Features/src/pulse_out.o
                0x00000000000024c0                pulseio_out_send
 .text.pwm_timer_init
                0x0000000000002510       0xa6 ./User/Features/src/pwm.o
                0x0000000000002510                pwm_timer_init
 .text.pwm_init
                0x00000000000025b6       0x28 ./User/Features/src/pwm.o
                0x00000000000025b6                pwm_init
 .text.pwm_set_duty
                0x00000000000025de       0xb6 ./User/Features/src/pwm.o
                0x00000000000025de                pwm_set_duty
 .text.spi_delay_nops
                0x0000000000002694        0xe ./User/Features/src/spi.o
 .text.spi_xfer_byte_bb_ch32
                0x00000000000026a2      0x12a ./User/Features/src/spi.o
                0x00000000000026a2                spi_xfer_byte_bb_ch32
 .text.spi_init
                0x00000000000027cc       0x28 ./User/Features/src/spi.o
                0x00000000000027cc                spi_init
 .text.spi_read
                0x00000000000027f4       0x3c ./User/Features/src/spi.o
                0x00000000000027f4                spi_read
 .text.spi_write
                0x0000000000002830       0x30 ./User/Features/src/spi.o
                0x0000000000002830                spi_write
 .text.spi_write_read
                0x0000000000002860       0x44 ./User/Features/src/spi.o
                0x0000000000002860                spi_write_read
 .text.tkey_read
                0x00000000000028a4       0x70 ./User/Features/src/touchkey.o
                0x00000000000028a4                tkey_read
 .text.lfs_pair_isnull
                0x0000000000002914       0x16 ./User/FAT/src/lfs.o
 .text.lfs_pair_cmp
                0x000000000000292a       0x24 ./User/FAT/src/lfs.o
 .text.lfs_tag_dsize
                0x000000000000294e       0x16 ./User/FAT/src/lfs.o
 .text.lfs_gstate_xor
                0x0000000000002964       0x1a ./User/FAT/src/lfs.o
 .text.lfs_gstate_iszero
                0x000000000000297e       0x16 ./User/FAT/src/lfs.o
 .text.lfs_gstate_hasmovehere
                0x0000000000002994       0x20 ./User/FAT/src/lfs.o
 .text.lfs_mlist_isopen
                0x00000000000029b4       0x10 ./User/FAT/src/lfs.o
 .text.lfs_alloc_lookahead
                0x00000000000029c4       0x2c ./User/FAT/src/lfs.o
 .text.lfs_dir_traverse_filter
                0x00000000000029f0       0x88 ./User/FAT/src/lfs.o
 .text.lfs_dir_commit_size
                0x0000000000002a78       0x18 ./User/FAT/src/lfs.o
 .text.lfs_fs_size_count
                0x0000000000002a90        0xa ./User/FAT/src/lfs.o
 .text.lfs_bd_read
                0x0000000000002a9a      0x19e ./User/FAT/src/lfs.o
 .text.lfs_dir_getslice
                0x0000000000002c38      0x180 ./User/FAT/src/lfs.o
 .text.lfs_dir_get
                0x0000000000002db8       0x14 ./User/FAT/src/lfs.o
 .text.lfs_dir_getgstate
                0x0000000000002dcc       0x34 ./User/FAT/src/lfs.o
 .text.lfs_fs_parent_match
                0x0000000000002e00       0x3a ./User/FAT/src/lfs.o
 .text.lfs_deinit
                0x0000000000002e3a       0x30 ./User/FAT/src/lfs.o
 .text.lfs_bd_erase
                0x0000000000002e6a       0x4a ./User/FAT/src/lfs.o
 .text.lfs_fs_preporphans.isra.25
                0x0000000000002eb4       0x6c ./User/FAT/src/lfs.o
 .text.lfs_cache_zero.isra.27
                0x0000000000002f20       0x1a ./User/FAT/src/lfs.o
 .text.lfs_init
                0x0000000000002f3a      0x3c2 ./User/FAT/src/lfs.o
 .text.lfs_ctz_index.isra.29
                0x00000000000032fc       0x48 ./User/FAT/src/lfs.o
 .text.lfs_ctz_traverse.part.30
                0x0000000000003344       0x78 ./User/FAT/src/lfs.o
 .text.lfs_ctz_find.constprop.41
                0x00000000000033bc       0x96 ./User/FAT/src/lfs.o
 .text.lfs_dir_getread.part.31.constprop.43
                0x0000000000003452       0xac ./User/FAT/src/lfs.o
 .text.lfs_dir_traverse.constprop.45
                0x00000000000034fe      0x2ca ./User/FAT/src/lfs.o
 .text.lfs_bd_cmp.constprop.47
                0x00000000000037c8       0x68 ./User/FAT/src/lfs.o
 .text.lfs_dir_find_match
                0x0000000000003830       0x38 ./User/FAT/src/lfs.o
 .text.lfs_bd_flush
                0x0000000000003868       0xbc ./User/FAT/src/lfs.o
 .text.lfs_bd_prog
                0x0000000000003924      0x100 ./User/FAT/src/lfs.o
 .text.lfs_dir_commitprog
                0x0000000000003a24       0x3a ./User/FAT/src/lfs.o
 .text.lfs_dir_commitattr
                0x0000000000003a5e       0xa4 ./User/FAT/src/lfs.o
 .text.lfs_dir_commit_commit
                0x0000000000003b02       0x14 ./User/FAT/src/lfs.o
 .text.lfs_bd_sync.constprop.46
                0x0000000000003b16       0x3e ./User/FAT/src/lfs.o
 .text.lfs_bd_crc.constprop.48
                0x0000000000003b54       0x5e ./User/FAT/src/lfs.o
 .text.lfs_dir_commitcrc
                0x0000000000003bb2      0x1ba ./User/FAT/src/lfs.o
 .text.lfs_dir_fetchmatch
                0x0000000000003d6c      0x3f4 ./User/FAT/src/lfs.o
 .text.lfs_dir_fetch
                0x0000000000004160       0x16 ./User/FAT/src/lfs.o
 .text.lfs_dir_find
                0x0000000000004176      0x176 ./User/FAT/src/lfs.o
 .text.lfs_path_islast
                0x00000000000042ec       0x2e ./User/FAT/src/lfs.o
 .text.lfs_tortoise_detectcycles
                0x000000000000431a       0x68 ./User/FAT/src/lfs.o
 .text.lfs_fs_parent
                0x0000000000004382       0x84 ./User/FAT/src/lfs.o
 .text.lfs_fs_pred
                0x0000000000004406       0x60 ./User/FAT/src/lfs.o
 .text.lfs_file_flushedread
                0x0000000000004466       0xf0 ./User/FAT/src/lfs.o
 .text.lfs_fs_traverse_
                0x0000000000004556      0x14a ./User/FAT/src/lfs.o
 .text.lfs_alloc_scan
                0x00000000000046a0       0x56 ./User/FAT/src/lfs.o
 .text.lfs_alloc
                0x00000000000046f6       0xaa ./User/FAT/src/lfs.o
 .text.lfs_dir_alloc.part.34
                0x00000000000047a0       0x7c ./User/FAT/src/lfs.o
 .text.lfs_file_relocate
                0x000000000000481c      0x120 ./User/FAT/src/lfs.o
 .text.lfs_dir_compact
                0x000000000000493c      0x24e ./User/FAT/src/lfs.o
 .text.lfs_dir_split
                0x0000000000004b8a       0x76 ./User/FAT/src/lfs.o
 .text.lfs_fs_size_
                0x0000000000004c00       0x22 ./User/FAT/src/lfs.o
 .text.lfs_dir_relocatingcommit
                0x0000000000004c22      0x49c ./User/FAT/src/lfs.o
 .text.lfs_file_flushedwrite
                0x00000000000050be      0x27e ./User/FAT/src/lfs.o
 .text.lfs_file_flush
                0x000000000000533c      0x120 ./User/FAT/src/lfs.o
 .text.lfs_file_seek_
                0x000000000000545c       0xa4 ./User/FAT/src/lfs.o
 .text.lfs_dir_orphaningcommit
                0x0000000000005500      0x3aa ./User/FAT/src/lfs.o
 .text.lfs_fs_deorphan.part.36
                0x00000000000058aa      0x1d0 ./User/FAT/src/lfs.o
 .text.lfs_dir_commit
                0x0000000000005a7a       0x26 ./User/FAT/src/lfs.o
 .text.lfs_fs_forceconsistency
                0x0000000000005aa0      0x148 ./User/FAT/src/lfs.o
 .text.lfs_file_sync_
                0x0000000000005be8       0xc8 ./User/FAT/src/lfs.o
 .text.lfs_file_close_
                0x0000000000005cb0       0x36 ./User/FAT/src/lfs.o
 .text.lfs_file_opencfg_
                0x0000000000005ce6      0x260 ./User/FAT/src/lfs.o
 .text.lfs_file_write_
                0x0000000000005f46       0xbc ./User/FAT/src/lfs.o
 .text.lfs_format
                0x0000000000006002       0xf6 ./User/FAT/src/lfs.o
                0x0000000000006002                lfs_format
 .text.lfs_unmount
                0x00000000000060f8        0xc ./User/FAT/src/lfs.o
                0x00000000000060f8                lfs_unmount
 .text.lfs_mount
                0x0000000000006104      0x2a6 ./User/FAT/src/lfs.o
                0x0000000000006104                lfs_mount
 .text.lfs_file_open
                0x00000000000063aa       0x4e ./User/FAT/src/lfs.o
                0x00000000000063aa                lfs_file_open
 .text.lfs_file_close
                0x00000000000063f8       0x3c ./User/FAT/src/lfs.o
                0x00000000000063f8                lfs_file_close
 .text.lfs_file_read
                0x0000000000006434       0x82 ./User/FAT/src/lfs.o
                0x0000000000006434                lfs_file_read
 .text.lfs_file_write
                0x00000000000064b6       0x48 ./User/FAT/src/lfs.o
                0x00000000000064b6                lfs_file_write
 .text.lfs_file_seek
                0x00000000000064fe       0x48 ./User/FAT/src/lfs.o
                0x00000000000064fe                lfs_file_seek
 .text.lfs_crc  0x0000000000006546       0x3e ./User/FAT/src/lfs_util.o
                0x0000000000006546                lfs_crc
 .text.capture_pulse
                0x0000000000006584       0x50 ./User/ch32v20x_it.o
 .text.NMI_Handler
                0x00000000000065d4        0x2 ./User/ch32v20x_it.o
                0x00000000000065d4                NMI_Handler
 .text.HardFault_Handler
                0x00000000000065d6       0x10 ./User/ch32v20x_it.o
                0x00000000000065d6                HardFault_Handler
 .text.EXTI0_IRQHandler
                0x00000000000065e6        0xa ./User/ch32v20x_it.o
                0x00000000000065e6                EXTI0_IRQHandler
 .text.EXTI1_IRQHandler
                0x00000000000065f0        0xa ./User/ch32v20x_it.o
                0x00000000000065f0                EXTI1_IRQHandler
 .text.EXTI2_IRQHandler
                0x00000000000065fa        0xa ./User/ch32v20x_it.o
                0x00000000000065fa                EXTI2_IRQHandler
 .text.EXTI3_IRQHandler
                0x0000000000006604        0xa ./User/ch32v20x_it.o
                0x0000000000006604                EXTI3_IRQHandler
 .text.EXTI4_IRQHandler
                0x000000000000660e        0xa ./User/ch32v20x_it.o
                0x000000000000660e                EXTI4_IRQHandler
 .text.EXTI9_5_IRQHandler
                0x0000000000006618       0x2c ./User/ch32v20x_it.o
                0x0000000000006618                EXTI9_5_IRQHandler
 .text.EXTI15_10_IRQHandler
                0x0000000000006644       0x2e ./User/ch32v20x_it.o
                0x0000000000006644                EXTI15_10_IRQHandler
 .text.test_lfs
                0x0000000000006672       0x56 ./User/main.o
                0x0000000000006672                test_lfs
 .text.startup.main
                0x00000000000066c8       0xb6 ./User/main.o
                0x00000000000066c8                main
 .text.SystemInit
                0x000000000000677e       0xea ./User/system_ch32v20x.o
                0x000000000000677e                SystemInit
 .text.SystemCoreClockUpdate
                0x0000000000006868       0x8e ./User/system_ch32v20x.o
                0x0000000000006868                SystemCoreClockUpdate
 .text.vector_handler
                0x00000000000068f6        0x2 ./Startup/startup_ch32v20x_D6.o
                0x00000000000068f6                TIM1_CC_IRQHandler
                0x00000000000068f6                SysTick_Handler
                0x00000000000068f6                PVD_IRQHandler
                0x00000000000068f6                I2C2_EV_IRQHandler
                0x00000000000068f6                ADC1_2_IRQHandler
                0x00000000000068f6                Break_Point_Handler
                0x00000000000068f6                SPI1_IRQHandler
                0x00000000000068f6                TAMPER_IRQHandler
                0x00000000000068f6                Ecall_M_Mode_Handler
                0x00000000000068f6                DMA1_Channel4_IRQHandler
                0x00000000000068f6                USART3_IRQHandler
                0x00000000000068f6                RTC_IRQHandler
                0x00000000000068f6                DMA1_Channel7_IRQHandler
                0x00000000000068f6                CAN1_RX1_IRQHandler
                0x00000000000068f6                TIM4_IRQHandler
                0x00000000000068f6                I2C1_EV_IRQHandler
                0x00000000000068f6                DMA1_Channel6_IRQHandler
                0x00000000000068f6                UART4_IRQHandler
                0x00000000000068f6                TIM3_IRQHandler
                0x00000000000068f6                RCC_IRQHandler
                0x00000000000068f6                TIM1_TRG_COM_IRQHandler
                0x00000000000068f6                DMA1_Channel1_IRQHandler
                0x00000000000068f6                DMA1_Channel8_IRQHandler
                0x00000000000068f6                SPI2_IRQHandler
                0x00000000000068f6                DMA1_Channel5_IRQHandler
                0x00000000000068f6                USB_LP_CAN1_RX0_IRQHandler
                0x00000000000068f6                USB_HP_CAN1_TX_IRQHandler
                0x00000000000068f6                DMA1_Channel3_IRQHandler
                0x00000000000068f6                TIM1_UP_IRQHandler
                0x00000000000068f6                WWDG_IRQHandler
                0x00000000000068f6                Ecall_U_Mode_Handler
                0x00000000000068f6                TIM2_IRQHandler
                0x00000000000068f6                SW_Handler
                0x00000000000068f6                TIM1_BRK_IRQHandler
                0x00000000000068f6                RTCAlarm_IRQHandler
                0x00000000000068f6                USART2_IRQHandler
                0x00000000000068f6                I2C2_ER_IRQHandler
                0x00000000000068f6                DMA1_Channel2_IRQHandler
                0x00000000000068f6                CAN1_SCE_IRQHandler
                0x00000000000068f6                FLASH_IRQHandler
                0x00000000000068f6                USBFSWakeUp_IRQHandler
                0x00000000000068f6                USART1_IRQHandler
                0x00000000000068f6                I2C1_ER_IRQHandler
                0x00000000000068f6                USBWakeUp_IRQHandler
 .text.handle_reset
                0x00000000000068f8       0x8a ./Startup/startup_ch32v20x_D6.o
                0x00000000000068f8                handle_reset
 .text.ADC_DeInit
                0x0000000000006982       0x40 ./Peripheral/src/ch32v20x_adc.o
                0x0000000000006982                ADC_DeInit
 .text.ADC_Init
                0x00000000000069c2       0x56 ./Peripheral/src/ch32v20x_adc.o
                0x00000000000069c2                ADC_Init
 .text.ADC_Cmd  0x0000000000006a18       0x10 ./Peripheral/src/ch32v20x_adc.o
                0x0000000000006a18                ADC_Cmd
 .text.ADC_ResetCalibration
                0x0000000000006a28        0xa ./Peripheral/src/ch32v20x_adc.o
                0x0000000000006a28                ADC_ResetCalibration
 .text.ADC_GetResetCalibrationStatus
                0x0000000000006a32        0x8 ./Peripheral/src/ch32v20x_adc.o
                0x0000000000006a32                ADC_GetResetCalibrationStatus
 .text.ADC_StartCalibration
                0x0000000000006a3a        0xa ./Peripheral/src/ch32v20x_adc.o
                0x0000000000006a3a                ADC_StartCalibration
 .text.ADC_GetCalibrationStatus
                0x0000000000006a44        0x8 ./Peripheral/src/ch32v20x_adc.o
                0x0000000000006a44                ADC_GetCalibrationStatus
 .text.ADC_SoftwareStartConvCmd
                0x0000000000006a4c       0x18 ./Peripheral/src/ch32v20x_adc.o
                0x0000000000006a4c                ADC_SoftwareStartConvCmd
 .text.ADC_RegularChannelConfig
                0x0000000000006a64       0xb8 ./Peripheral/src/ch32v20x_adc.o
                0x0000000000006a64                ADC_RegularChannelConfig
 .text.ADC_GetConversionValue
                0x0000000000006b1c        0x8 ./Peripheral/src/ch32v20x_adc.o
                0x0000000000006b1c                ADC_GetConversionValue
 .text.ADC_InjectedDiscModeCmd
                0x0000000000006b24       0x14 ./Peripheral/src/ch32v20x_adc.o
                0x0000000000006b24                ADC_InjectedDiscModeCmd
 .text.ADC_ExternalTrigInjectedConvCmd
                0x0000000000006b38       0x14 ./Peripheral/src/ch32v20x_adc.o
                0x0000000000006b38                ADC_ExternalTrigInjectedConvCmd
 .text.ADC_GetFlagStatus
                0x0000000000006b4c        0xa ./Peripheral/src/ch32v20x_adc.o
                0x0000000000006b4c                ADC_GetFlagStatus
 .text.ADC_ClearFlag
                0x0000000000006b56        0x8 ./Peripheral/src/ch32v20x_adc.o
                0x0000000000006b56                ADC_ClearFlag
 .text.ADC_BufferCmd
                0x0000000000006b5e       0x18 ./Peripheral/src/ch32v20x_adc.o
                0x0000000000006b5e                ADC_BufferCmd
 .text.EXTI_Init
                0x0000000000006b76       0x6a ./Peripheral/src/ch32v20x_exti.o
                0x0000000000006b76                EXTI_Init
 .text.EXTI_GetITStatus
                0x0000000000006be0       0x1e ./Peripheral/src/ch32v20x_exti.o
                0x0000000000006be0                EXTI_GetITStatus
 .text.EXTI_ClearITPendingBit
                0x0000000000006bfe        0xa ./Peripheral/src/ch32v20x_exti.o
                0x0000000000006bfe                EXTI_ClearITPendingBit
 .text.FLASH_Unlock
                0x0000000000006c08       0x1a ./Peripheral/src/ch32v20x_flash.o
                0x0000000000006c08                FLASH_Unlock
 .text.FLASH_Lock
                0x0000000000006c22        0xe ./Peripheral/src/ch32v20x_flash.o
                0x0000000000006c22                FLASH_Lock
 .text.FLASH_ClearFlag
                0x0000000000006c30        0x8 ./Peripheral/src/ch32v20x_flash.o
                0x0000000000006c30                FLASH_ClearFlag
 .text.FLASH_GetBank1Status
                0x0000000000006c38       0x18 ./Peripheral/src/ch32v20x_flash.o
                0x0000000000006c38                FLASH_GetBank1Status
 .text.FLASH_WaitForLastOperation
                0x0000000000006c50       0x24 ./Peripheral/src/ch32v20x_flash.o
                0x0000000000006c50                FLASH_WaitForLastOperation
 .text.FLASH_ErasePage
                0x0000000000006c74       0x3c ./Peripheral/src/ch32v20x_flash.o
                0x0000000000006c74                FLASH_ErasePage
 .text.FLASH_ProgramHalfWord
                0x0000000000006cb0       0x38 ./Peripheral/src/ch32v20x_flash.o
                0x0000000000006cb0                FLASH_ProgramHalfWord
 .text.GPIO_Init
                0x0000000000006ce8       0xf2 ./Peripheral/src/ch32v20x_gpio.o
                0x0000000000006ce8                GPIO_Init
 .text.GPIO_EXTILineConfig
                0x0000000000006dda       0x2c ./Peripheral/src/ch32v20x_gpio.o
                0x0000000000006dda                GPIO_EXTILineConfig
 .text.NVIC_PriorityGroupConfig
                0x0000000000006e06        0x6 ./Peripheral/src/ch32v20x_misc.o
                0x0000000000006e06                NVIC_PriorityGroupConfig
 .text.NVIC_Init
                0x0000000000006e0c       0x62 ./Peripheral/src/ch32v20x_misc.o
                0x0000000000006e0c                NVIC_Init
 .text.RCC_USBCLKConfig
                0x0000000000006e6e       0x1a ./Peripheral/src/ch32v20x_rcc.o
                0x0000000000006e6e                RCC_USBCLKConfig
 .text.RCC_ADCCLKConfig
                0x0000000000006e88       0x12 ./Peripheral/src/ch32v20x_rcc.o
                0x0000000000006e88                RCC_ADCCLKConfig
 .text.RCC_GetClocksFreq
                0x0000000000006e9a       0xbe ./Peripheral/src/ch32v20x_rcc.o
                0x0000000000006e9a                RCC_GetClocksFreq
 .text.RCC_AHBPeriphClockCmd
                0x0000000000006f58       0x1e ./Peripheral/src/ch32v20x_rcc.o
                0x0000000000006f58                RCC_AHBPeriphClockCmd
 .text.RCC_APB2PeriphClockCmd
                0x0000000000006f76       0x1e ./Peripheral/src/ch32v20x_rcc.o
                0x0000000000006f76                RCC_APB2PeriphClockCmd
 .text.RCC_APB1PeriphClockCmd
                0x0000000000006f94       0x1e ./Peripheral/src/ch32v20x_rcc.o
                0x0000000000006f94                RCC_APB1PeriphClockCmd
 .text.RCC_APB2PeriphResetCmd
                0x0000000000006fb2       0x1e ./Peripheral/src/ch32v20x_rcc.o
                0x0000000000006fb2                RCC_APB2PeriphResetCmd
 .text.TIM_TimeBaseInit
                0x0000000000006fd0       0x62 ./Peripheral/src/ch32v20x_tim.o
                0x0000000000006fd0                TIM_TimeBaseInit
 .text.TIM_OC1Init
                0x0000000000007032       0x6a ./Peripheral/src/ch32v20x_tim.o
                0x0000000000007032                TIM_OC1Init
 .text.TIM_OC2Init
                0x000000000000709c       0x96 ./Peripheral/src/ch32v20x_tim.o
                0x000000000000709c                TIM_OC2Init
 .text.TIM_OC3Init
                0x0000000000007132       0x94 ./Peripheral/src/ch32v20x_tim.o
                0x0000000000007132                TIM_OC3Init
 .text.TIM_OC4Init
                0x00000000000071c6       0x6c ./Peripheral/src/ch32v20x_tim.o
                0x00000000000071c6                TIM_OC4Init
 .text.TIM_Cmd  0x0000000000007232       0x18 ./Peripheral/src/ch32v20x_tim.o
                0x0000000000007232                TIM_Cmd
 .text.TIM_CtrlPWMOutputs
                0x000000000000724a       0x16 ./Peripheral/src/ch32v20x_tim.o
                0x000000000000724a                TIM_CtrlPWMOutputs
 .text.TIM_ARRPreloadConfig
                0x0000000000007260       0x1a ./Peripheral/src/ch32v20x_tim.o
                0x0000000000007260                TIM_ARRPreloadConfig
 .text.TIM_OC1PreloadConfig
                0x000000000000727a        0xe ./Peripheral/src/ch32v20x_tim.o
                0x000000000000727a                TIM_OC1PreloadConfig
 .text.TIM_OC2PreloadConfig
                0x0000000000007288       0x16 ./Peripheral/src/ch32v20x_tim.o
                0x0000000000007288                TIM_OC2PreloadConfig
 .text.TIM_OC3PreloadConfig
                0x000000000000729e        0xe ./Peripheral/src/ch32v20x_tim.o
                0x000000000000729e                TIM_OC3PreloadConfig
 .text.TIM_OC4PreloadConfig
                0x00000000000072ac       0x16 ./Peripheral/src/ch32v20x_tim.o
                0x00000000000072ac                TIM_OC4PreloadConfig
 .text.TIM_SetCounter
                0x00000000000072c2        0x4 ./Peripheral/src/ch32v20x_tim.o
                0x00000000000072c2                TIM_SetCounter
 .text.TIM_ClearFlag
                0x00000000000072c6        0xc ./Peripheral/src/ch32v20x_tim.o
                0x00000000000072c6                TIM_ClearFlag
 .text.USART_Init
                0x00000000000072d2       0xa6 ./Peripheral/src/ch32v20x_usart.o
                0x00000000000072d2                USART_Init
 .text.USART_Cmd
                0x0000000000007378       0x16 ./Peripheral/src/ch32v20x_usart.o
                0x0000000000007378                USART_Cmd
 .text.USART_SendData
                0x000000000000738e        0x8 ./Peripheral/src/ch32v20x_usart.o
                0x000000000000738e                USART_SendData
 .text.USART_GetFlagStatus
                0x0000000000007396        0xa ./Peripheral/src/ch32v20x_usart.o
                0x0000000000007396                USART_GetFlagStatus
 .text.Delay_Init
                0x00000000000073a0       0x26 ./Debug/debug.o
                0x00000000000073a0                Delay_Init
 .text.Delay_Us
                0x00000000000073c6       0x36 ./Debug/debug.o
                0x00000000000073c6                Delay_Us
 .text.Delay_Ms
                0x00000000000073fc       0x36 ./Debug/debug.o
                0x00000000000073fc                Delay_Ms
 .text.Delay_Ticks
                0x0000000000007432       0x2e ./Debug/debug.o
                0x0000000000007432                Delay_Ticks
 .text.start_timer_us_u32
                0x0000000000007460       0x2a ./Debug/debug.o
                0x0000000000007460                start_timer_us_u32
 .text.start_timer_us_u8
                0x000000000000748a       0x12 ./Debug/debug.o
                0x000000000000748a                start_timer_us_u8
 .text.has_timer_timeout
                0x000000000000749c        0xa ./Debug/debug.o
                0x000000000000749c                has_timer_timeout
 .text.reset_timer
                0x00000000000074a6        0xc ./Debug/debug.o
                0x00000000000074a6                reset_timer
 .text.USART_Printf_Init
                0x00000000000074b2       0x60 ./Debug/debug.o
                0x00000000000074b2                USART_Printf_Init
 .text._write   0x0000000000007512       0x3e ./Debug/debug.o
                0x0000000000007512                _write
 .text._sbrk    0x0000000000007550       0x2a ./Debug/debug.o
                0x0000000000007550                _sbrk
 .text.__clzsi2
                0x000000000000757a       0x6e c:/mounriver/mounriver_studio2/resources/app/resources/win32/components/wch/toolchain/risc-v embedded gcc/bin/../lib/gcc/riscv-none-embed/8.2.0/rv32imacxw/ilp32\libgcc.a(_clzsi2.o)
                0x000000000000757a                __clzsi2
 .text.__ctzsi2
                0x00000000000075e8       0x6a c:/mounriver/mounriver_studio2/resources/app/resources/win32/components/wch/toolchain/risc-v embedded gcc/bin/../lib/gcc/riscv-none-embed/8.2.0/rv32imacxw/ilp32\libgcc.a(_ctzsi2.o)
                0x00000000000075e8                __ctzsi2
 .text.__popcountsi2
                0x0000000000007652       0x42 c:/mounriver/mounriver_studio2/resources/app/resources/win32/components/wch/toolchain/risc-v embedded gcc/bin/../lib/gcc/riscv-none-embed/8.2.0/rv32imacxw/ilp32\libgcc.a(_popcountsi2.o)
                0x0000000000007652                __popcountsi2
 .text.__bswapsi2
                0x0000000000007694       0x24 c:/mounriver/mounriver_studio2/resources/app/resources/win32/components/wch/toolchain/risc-v embedded gcc/bin/../lib/gcc/riscv-none-embed/8.2.0/rv32imacxw/ilp32\libgcc.a(_bswapsi2.o)
                0x0000000000007694                __bswapsi2
 .text.__udivdi3
                0x00000000000076b8      0x392 c:/mounriver/mounriver_studio2/resources/app/resources/win32/components/wch/toolchain/risc-v embedded gcc/bin/../lib/gcc/riscv-none-embed/8.2.0/rv32imacxw/ilp32\libgcc.a(_udivdi3.o)
                0x00000000000076b8                __udivdi3
 .text.__assert_func
                0x0000000000007a4a       0x3a c:/mounriver/mounriver_studio2/resources/app/resources/win32/components/wch/toolchain/risc-v embedded gcc/bin/../lib/gcc/riscv-none-embed/8.2.0/../../../../riscv-none-embed/lib/rv32imacxw/ilp32\libg_nano.a(lib_a-assert.o)
                0x0000000000007a4a                __assert_func
 .text.fprintf  0x0000000000007a84       0x26 c:/mounriver/mounriver_studio2/resources/app/resources/win32/components/wch/toolchain/risc-v embedded gcc/bin/../lib/gcc/riscv-none-embed/8.2.0/../../../../riscv-none-embed/lib/rv32imacxw/ilp32\libg_nano.a(lib_a-fprintf.o)
                0x0000000000007a84                fiprintf
                0x0000000000007a84                fprintf
 .text.malloc   0x0000000000007aaa        0xa c:/mounriver/mounriver_studio2/resources/app/resources/win32/components/wch/toolchain/risc-v embedded gcc/bin/../lib/gcc/riscv-none-embed/8.2.0/../../../../riscv-none-embed/lib/rv32imacxw/ilp32\libg_nano.a(lib_a-malloc.o)
                0x0000000000007aaa                malloc
 .text.free     0x0000000000007ab4        0xa c:/mounriver/mounriver_studio2/resources/app/resources/win32/components/wch/toolchain/risc-v embedded gcc/bin/../lib/gcc/riscv-none-embed/8.2.0/../../../../riscv-none-embed/lib/rv32imacxw/ilp32\libg_nano.a(lib_a-malloc.o)
                0x0000000000007ab4                free
 .text.memcmp   0x0000000000007abe       0x24 c:/mounriver/mounriver_studio2/resources/app/resources/win32/components/wch/toolchain/risc-v embedded gcc/bin/../lib/gcc/riscv-none-embed/8.2.0/../../../../riscv-none-embed/lib/rv32imacxw/ilp32\libg_nano.a(lib_a-memcmp.o)
                0x0000000000007abe                memcmp
 .text.memcpy   0x0000000000007ae2       0xb2 c:/mounriver/mounriver_studio2/resources/app/resources/win32/components/wch/toolchain/risc-v embedded gcc/bin/../lib/gcc/riscv-none-embed/8.2.0/../../../../riscv-none-embed/lib/rv32imacxw/ilp32\libg_nano.a(lib_a-memcpy.o)
                0x0000000000007ae2                memcpy
 .text._free_r  0x0000000000007b94       0xa8 c:/mounriver/mounriver_studio2/resources/app/resources/win32/components/wch/toolchain/risc-v embedded gcc/bin/../lib/gcc/riscv-none-embed/8.2.0/../../../../riscv-none-embed/lib/rv32imacxw/ilp32\libg_nano.a(lib_a-nano-freer.o)
                0x0000000000007b94                _free_r
 .text._malloc_r
                0x0000000000007c3c       0xda c:/mounriver/mounriver_studio2/resources/app/resources/win32/components/wch/toolchain/risc-v embedded gcc/bin/../lib/gcc/riscv-none-embed/8.2.0/../../../../riscv-none-embed/lib/rv32imacxw/ilp32\libg_nano.a(lib_a-nano-mallocr.o)
                0x0000000000007c3c                _malloc_r
 .text.__sfputc_r
                0x0000000000007d16       0x28 c:/mounriver/mounriver_studio2/resources/app/resources/win32/components/wch/toolchain/risc-v embedded gcc/bin/../lib/gcc/riscv-none-embed/8.2.0/../../../../riscv-none-embed/lib/rv32imacxw/ilp32\libg_nano.a(lib_a-nano-vfprintf.o)
 .text.__sfputs_r
                0x0000000000007d3e       0x42 c:/mounriver/mounriver_studio2/resources/app/resources/win32/components/wch/toolchain/risc-v embedded gcc/bin/../lib/gcc/riscv-none-embed/8.2.0/../../../../riscv-none-embed/lib/rv32imacxw/ilp32\libg_nano.a(lib_a-nano-vfprintf.o)
                0x0000000000007d3e                __sfputs_r
 .text._vfprintf_r
                0x0000000000007d80      0x28c c:/mounriver/mounriver_studio2/resources/app/resources/win32/components/wch/toolchain/risc-v embedded gcc/bin/../lib/gcc/riscv-none-embed/8.2.0/../../../../riscv-none-embed/lib/rv32imacxw/ilp32\libg_nano.a(lib_a-nano-vfprintf.o)
                0x0000000000007d80                _vfprintf_r
                0x0000000000007d80                _vfiprintf_r
 .text._printf_common
                0x000000000000800c      0x10c c:/mounriver/mounriver_studio2/resources/app/resources/win32/components/wch/toolchain/risc-v embedded gcc/bin/../lib/gcc/riscv-none-embed/8.2.0/../../../../riscv-none-embed/lib/rv32imacxw/ilp32\libg_nano.a(lib_a-nano-vfprintf_i.o)
                0x000000000000800c                _printf_common
 .text._printf_i
                0x0000000000008118      0x2a4 c:/mounriver/mounriver_studio2/resources/app/resources/win32/components/wch/toolchain/risc-v embedded gcc/bin/../lib/gcc/riscv-none-embed/8.2.0/../../../../riscv-none-embed/lib/rv32imacxw/ilp32\libg_nano.a(lib_a-nano-vfprintf_i.o)
                0x0000000000008118                _printf_i
 .text.printf   0x00000000000083bc       0x40 c:/mounriver/mounriver_studio2/resources/app/resources/win32/components/wch/toolchain/risc-v embedded gcc/bin/../lib/gcc/riscv-none-embed/8.2.0/../../../../riscv-none-embed/lib/rv32imacxw/ilp32\libg_nano.a(lib_a-printf.o)
                0x00000000000083bc                iprintf
                0x00000000000083bc                printf
 .text._puts_r  0x00000000000083fc       0xd4 c:/mounriver/mounriver_studio2/resources/app/resources/win32/components/wch/toolchain/risc-v embedded gcc/bin/../lib/gcc/riscv-none-embed/8.2.0/../../../../riscv-none-embed/lib/rv32imacxw/ilp32\libg_nano.a(lib_a-puts.o)
                0x00000000000083fc                _puts_r
 .text.puts     0x00000000000084d0        0xc c:/mounriver/mounriver_studio2/resources/app/resources/win32/components/wch/toolchain/risc-v embedded gcc/bin/../lib/gcc/riscv-none-embed/8.2.0/../../../../riscv-none-embed/lib/rv32imacxw/ilp32\libg_nano.a(lib_a-puts.o)
                0x00000000000084d0                puts
 .text._sbrk_r  0x00000000000084dc       0x32 c:/mounriver/mounriver_studio2/resources/app/resources/win32/components/wch/toolchain/risc-v embedded gcc/bin/../lib/gcc/riscv-none-embed/8.2.0/../../../../riscv-none-embed/lib/rv32imacxw/ilp32\libg_nano.a(lib_a-sbrkr.o)
                0x00000000000084dc                _sbrk_r
 .text.strcspn  0x000000000000850e       0x1e c:/mounriver/mounriver_studio2/resources/app/resources/win32/components/wch/toolchain/risc-v embedded gcc/bin/../lib/gcc/riscv-none-embed/8.2.0/../../../../riscv-none-embed/lib/rv32imacxw/ilp32\libg_nano.a(lib_a-strcspn.o)
                0x000000000000850e                strcspn
 .text.strspn   0x000000000000852c       0x1e c:/mounriver/mounriver_studio2/resources/app/resources/win32/components/wch/toolchain/risc-v embedded gcc/bin/../lib/gcc/riscv-none-embed/8.2.0/../../../../riscv-none-embed/lib/rv32imacxw/ilp32\libg_nano.a(lib_a-strspn.o)
                0x000000000000852c                strspn
 .text.__swbuf_r
                0x000000000000854a       0xbc c:/mounriver/mounriver_studio2/resources/app/resources/win32/components/wch/toolchain/risc-v embedded gcc/bin/../lib/gcc/riscv-none-embed/8.2.0/../../../../riscv-none-embed/lib/rv32imacxw/ilp32\libg_nano.a(lib_a-wbuf.o)
                0x000000000000854a                __swbuf_r
 .text.__swsetup_r
                0x0000000000008606       0xfe c:/mounriver/mounriver_studio2/resources/app/resources/win32/components/wch/toolchain/risc-v embedded gcc/bin/../lib/gcc/riscv-none-embed/8.2.0/../../../../riscv-none-embed/lib/rv32imacxw/ilp32\libg_nano.a(lib_a-wsetup.o)
                0x0000000000008606                __swsetup_r
 .text.abort    0x0000000000008704        0xe c:/mounriver/mounriver_studio2/resources/app/resources/win32/components/wch/toolchain/risc-v embedded gcc/bin/../lib/gcc/riscv-none-embed/8.2.0/../../../../riscv-none-embed/lib/rv32imacxw/ilp32\libg_nano.a(lib_a-abort.o)
                0x0000000000008704                abort
 .text.__sflush_r
                0x0000000000008712      0x132 c:/mounriver/mounriver_studio2/resources/app/resources/win32/components/wch/toolchain/risc-v embedded gcc/bin/../lib/gcc/riscv-none-embed/8.2.0/../../../../riscv-none-embed/lib/rv32imacxw/ilp32\libg_nano.a(lib_a-fflush.o)
                0x0000000000008712                __sflush_r
 .text._fflush_r
                0x0000000000008844       0x66 c:/mounriver/mounriver_studio2/resources/app/resources/win32/components/wch/toolchain/risc-v embedded gcc/bin/../lib/gcc/riscv-none-embed/8.2.0/../../../../riscv-none-embed/lib/rv32imacxw/ilp32\libg_nano.a(lib_a-fflush.o)
                0x0000000000008844                _fflush_r
 .text.std      0x00000000000088aa       0x66 c:/mounriver/mounriver_studio2/resources/app/resources/win32/components/wch/toolchain/risc-v embedded gcc/bin/../lib/gcc/riscv-none-embed/8.2.0/../../../../riscv-none-embed/lib/rv32imacxw/ilp32\libg_nano.a(lib_a-findfp.o)
 .text._cleanup_r
                0x0000000000008910        0xa c:/mounriver/mounriver_studio2/resources/app/resources/win32/components/wch/toolchain/risc-v embedded gcc/bin/../lib/gcc/riscv-none-embed/8.2.0/../../../../riscv-none-embed/lib/rv32imacxw/ilp32\libg_nano.a(lib_a-findfp.o)
                0x0000000000008910                _cleanup_r
 .text.__sfmoreglue
                0x000000000000891a       0x48 c:/mounriver/mounriver_studio2/resources/app/resources/win32/components/wch/toolchain/risc-v embedded gcc/bin/../lib/gcc/riscv-none-embed/8.2.0/../../../../riscv-none-embed/lib/rv32imacxw/ilp32\libg_nano.a(lib_a-findfp.o)
                0x000000000000891a                __sfmoreglue
 .text.__sinit  0x0000000000008962       0x6c c:/mounriver/mounriver_studio2/resources/app/resources/win32/components/wch/toolchain/risc-v embedded gcc/bin/../lib/gcc/riscv-none-embed/8.2.0/../../../../riscv-none-embed/lib/rv32imacxw/ilp32\libg_nano.a(lib_a-findfp.o)
                0x0000000000008962                __sinit
 .text.__sfp    0x00000000000089ce       0xa0 c:/mounriver/mounriver_studio2/resources/app/resources/win32/components/wch/toolchain/risc-v embedded gcc/bin/../lib/gcc/riscv-none-embed/8.2.0/../../../../riscv-none-embed/lib/rv32imacxw/ilp32\libg_nano.a(lib_a-findfp.o)
                0x00000000000089ce                __sfp
 .text._fwalk_reent
                0x0000000000008a6e       0x6a c:/mounriver/mounriver_studio2/resources/app/resources/win32/components/wch/toolchain/risc-v embedded gcc/bin/../lib/gcc/riscv-none-embed/8.2.0/../../../../riscv-none-embed/lib/rv32imacxw/ilp32\libg_nano.a(lib_a-fwalk.o)
                0x0000000000008a6e                _fwalk_reent
 .text.__swhatbuf_r
                0x0000000000008ad8       0x56 c:/mounriver/mounriver_studio2/resources/app/resources/win32/components/wch/toolchain/risc-v embedded gcc/bin/../lib/gcc/riscv-none-embed/8.2.0/../../../../riscv-none-embed/lib/rv32imacxw/ilp32\libg_nano.a(lib_a-makebuf.o)
                0x0000000000008ad8                __swhatbuf_r
 .text.__smakebuf_r
                0x0000000000008b2e       0x92 c:/mounriver/mounriver_studio2/resources/app/resources/win32/components/wch/toolchain/risc-v embedded gcc/bin/../lib/gcc/riscv-none-embed/8.2.0/../../../../riscv-none-embed/lib/rv32imacxw/ilp32\libg_nano.a(lib_a-makebuf.o)
                0x0000000000008b2e                __smakebuf_r
 .text.memchr   0x0000000000008bc0       0x18 c:/mounriver/mounriver_studio2/resources/app/resources/win32/components/wch/toolchain/risc-v embedded gcc/bin/../lib/gcc/riscv-none-embed/8.2.0/../../../../riscv-none-embed/lib/rv32imacxw/ilp32\libg_nano.a(lib_a-memchr.o)
                0x0000000000008bc0                memchr
 .text.__malloc_lock
                0x0000000000008bd8        0x2 c:/mounriver/mounriver_studio2/resources/app/resources/win32/components/wch/toolchain/risc-v embedded gcc/bin/../lib/gcc/riscv-none-embed/8.2.0/../../../../riscv-none-embed/lib/rv32imacxw/ilp32\libg_nano.a(lib_a-mlock.o)
                0x0000000000008bd8                __malloc_lock
 .text.__malloc_unlock
                0x0000000000008bda        0x2 c:/mounriver/mounriver_studio2/resources/app/resources/win32/components/wch/toolchain/risc-v embedded gcc/bin/../lib/gcc/riscv-none-embed/8.2.0/../../../../riscv-none-embed/lib/rv32imacxw/ilp32\libg_nano.a(lib_a-mlock.o)
                0x0000000000008bda                __malloc_unlock
 .text._raise_r
                0x0000000000008bdc       0x62 c:/mounriver/mounriver_studio2/resources/app/resources/win32/components/wch/toolchain/risc-v embedded gcc/bin/../lib/gcc/riscv-none-embed/8.2.0/../../../../riscv-none-embed/lib/rv32imacxw/ilp32\libg_nano.a(lib_a-signal.o)
                0x0000000000008bdc                _raise_r
 .text.raise    0x0000000000008c3e        0xc c:/mounriver/mounriver_studio2/resources/app/resources/win32/components/wch/toolchain/risc-v embedded gcc/bin/../lib/gcc/riscv-none-embed/8.2.0/../../../../riscv-none-embed/lib/rv32imacxw/ilp32\libg_nano.a(lib_a-signal.o)
                0x0000000000008c3e                raise
 .text._kill_r  0x0000000000008c4a       0x32 c:/mounriver/mounriver_studio2/resources/app/resources/win32/components/wch/toolchain/risc-v embedded gcc/bin/../lib/gcc/riscv-none-embed/8.2.0/../../../../riscv-none-embed/lib/rv32imacxw/ilp32\libg_nano.a(lib_a-signalr.o)
                0x0000000000008c4a                _kill_r
 .text._getpid_r
                0x0000000000008c7c        0x2 c:/mounriver/mounriver_studio2/resources/app/resources/win32/components/wch/toolchain/risc-v embedded gcc/bin/../lib/gcc/riscv-none-embed/8.2.0/../../../../riscv-none-embed/lib/rv32imacxw/ilp32\libg_nano.a(lib_a-signalr.o)
                0x0000000000008c7c                _getpid_r
 .text.__sread  0x0000000000008c7e       0x2c c:/mounriver/mounriver_studio2/resources/app/resources/win32/components/wch/toolchain/risc-v embedded gcc/bin/../lib/gcc/riscv-none-embed/8.2.0/../../../../riscv-none-embed/lib/rv32imacxw/ilp32\libg_nano.a(lib_a-stdio.o)
                0x0000000000008c7e                __sread
 .text.__swrite
                0x0000000000008caa       0x48 c:/mounriver/mounriver_studio2/resources/app/resources/win32/components/wch/toolchain/risc-v embedded gcc/bin/../lib/gcc/riscv-none-embed/8.2.0/../../../../riscv-none-embed/lib/rv32imacxw/ilp32\libg_nano.a(lib_a-stdio.o)
                0x0000000000008caa                __swrite
 .text.__sseek  0x0000000000008cf2       0x30 c:/mounriver/mounriver_studio2/resources/app/resources/win32/components/wch/toolchain/risc-v embedded gcc/bin/../lib/gcc/riscv-none-embed/8.2.0/../../../../riscv-none-embed/lib/rv32imacxw/ilp32\libg_nano.a(lib_a-stdio.o)
                0x0000000000008cf2                __sseek
 .text.__sclose
                0x0000000000008d22        0x6 c:/mounriver/mounriver_studio2/resources/app/resources/win32/components/wch/toolchain/risc-v embedded gcc/bin/../lib/gcc/riscv-none-embed/8.2.0/../../../../riscv-none-embed/lib/rv32imacxw/ilp32\libg_nano.a(lib_a-stdio.o)
                0x0000000000008d22                __sclose
 .text._write_r
                0x0000000000008d28       0x36 c:/mounriver/mounriver_studio2/resources/app/resources/win32/components/wch/toolchain/risc-v embedded gcc/bin/../lib/gcc/riscv-none-embed/8.2.0/../../../../riscv-none-embed/lib/rv32imacxw/ilp32\libg_nano.a(lib_a-writer.o)
                0x0000000000008d28                _write_r
 .text._close_r
                0x0000000000008d5e       0x30 c:/mounriver/mounriver_studio2/resources/app/resources/win32/components/wch/toolchain/risc-v embedded gcc/bin/../lib/gcc/riscv-none-embed/8.2.0/../../../../riscv-none-embed/lib/rv32imacxw/ilp32\libg_nano.a(lib_a-closer.o)
                0x0000000000008d5e                _close_r
 .text._fstat_r
                0x0000000000008d8e       0x32 c:/mounriver/mounriver_studio2/resources/app/resources/win32/components/wch/toolchain/risc-v embedded gcc/bin/../lib/gcc/riscv-none-embed/8.2.0/../../../../riscv-none-embed/lib/rv32imacxw/ilp32\libg_nano.a(lib_a-fstatr.o)
                0x0000000000008d8e                _fstat_r
 .text._isatty_r
                0x0000000000008dc0       0x30 c:/mounriver/mounriver_studio2/resources/app/resources/win32/components/wch/toolchain/risc-v embedded gcc/bin/../lib/gcc/riscv-none-embed/8.2.0/../../../../riscv-none-embed/lib/rv32imacxw/ilp32\libg_nano.a(lib_a-isattyr.o)
                0x0000000000008dc0                _isatty_r
 .text._lseek_r
                0x0000000000008df0       0x34 c:/mounriver/mounriver_studio2/resources/app/resources/win32/components/wch/toolchain/risc-v embedded gcc/bin/../lib/gcc/riscv-none-embed/8.2.0/../../../../riscv-none-embed/lib/rv32imacxw/ilp32\libg_nano.a(lib_a-lseekr.o)
                0x0000000000008df0                _lseek_r
 .text._read_r  0x0000000000008e24       0x34 c:/mounriver/mounriver_studio2/resources/app/resources/win32/components/wch/toolchain/risc-v embedded gcc/bin/../lib/gcc/riscv-none-embed/8.2.0/../../../../riscv-none-embed/lib/rv32imacxw/ilp32\libg_nano.a(lib_a-readr.o)
                0x0000000000008e24                _read_r
 .text._close   0x0000000000008e58       0x10 c:/mounriver/mounriver_studio2/resources/app/resources/win32/components/wch/toolchain/risc-v embedded gcc/bin/../lib/gcc/riscv-none-embed/8.2.0/../../../../riscv-none-embed/lib/rv32imacxw/ilp32\libnosys.a(close.o)
                0x0000000000008e58                _close
 .text._fstat   0x0000000000008e68       0x10 c:/mounriver/mounriver_studio2/resources/app/resources/win32/components/wch/toolchain/risc-v embedded gcc/bin/../lib/gcc/riscv-none-embed/8.2.0/../../../../riscv-none-embed/lib/rv32imacxw/ilp32\libnosys.a(fstat.o)
                0x0000000000008e68                _fstat
 .text._getpid  0x0000000000008e78       0x10 c:/mounriver/mounriver_studio2/resources/app/resources/win32/components/wch/toolchain/risc-v embedded gcc/bin/../lib/gcc/riscv-none-embed/8.2.0/../../../../riscv-none-embed/lib/rv32imacxw/ilp32\libnosys.a(getpid.o)
                0x0000000000008e78                _getpid
 .text._isatty  0x0000000000008e88       0x10 c:/mounriver/mounriver_studio2/resources/app/resources/win32/components/wch/toolchain/risc-v embedded gcc/bin/../lib/gcc/riscv-none-embed/8.2.0/../../../../riscv-none-embed/lib/rv32imacxw/ilp32\libnosys.a(isatty.o)
                0x0000000000008e88                _isatty
 .text._kill    0x0000000000008e98       0x10 c:/mounriver/mounriver_studio2/resources/app/resources/win32/components/wch/toolchain/risc-v embedded gcc/bin/../lib/gcc/riscv-none-embed/8.2.0/../../../../riscv-none-embed/lib/rv32imacxw/ilp32\libnosys.a(kill.o)
                0x0000000000008e98                _kill
 .text._lseek   0x0000000000008ea8       0x10 c:/mounriver/mounriver_studio2/resources/app/resources/win32/components/wch/toolchain/risc-v embedded gcc/bin/../lib/gcc/riscv-none-embed/8.2.0/../../../../riscv-none-embed/lib/rv32imacxw/ilp32\libnosys.a(lseek.o)
                0x0000000000008ea8                _lseek
 .text._read    0x0000000000008eb8       0x10 c:/mounriver/mounriver_studio2/resources/app/resources/win32/components/wch/toolchain/risc-v embedded gcc/bin/../lib/gcc/riscv-none-embed/8.2.0/../../../../riscv-none-embed/lib/rv32imacxw/ilp32\libnosys.a(read.o)
                0x0000000000008eb8                _read
 .text._exit    0x0000000000008ec8        0x2 c:/mounriver/mounriver_studio2/resources/app/resources/win32/components/wch/toolchain/risc-v embedded gcc/bin/../lib/gcc/riscv-none-embed/8.2.0/../../../../riscv-none-embed/lib/rv32imacxw/ilp32\libnosys.a(_exit.o)
                0x0000000000008ec8                _exit
 *(.rodata)
 *fill*         0x0000000000008eca        0x2 
 .rodata        0x0000000000008ecc       0x10 ./User/FAT/src/lfs.o
 *(.rodata*)
 .rodata.get_packet.str1.4
                0x0000000000008edc        0x9 ./User/comms/src/comms.o
 *fill*         0x0000000000008ee5        0x3 
 .rodata.USBFS_IRQHandler
                0x0000000000008ee8       0x30 ./User/USB_Serial/src/ch32v20x_usbfs_device.o
 .rodata.MyCfgDescr
                0x0000000000008f18       0x43 ./User/USB_Serial/src/usb_desc.o
                0x0000000000008f18                MyCfgDescr
 *fill*         0x0000000000008f5b        0x1 
 .rodata.MyDevDescr
                0x0000000000008f5c       0x12 ./User/USB_Serial/src/usb_desc.o
                0x0000000000008f5c                MyDevDescr
 *fill*         0x0000000000008f6e        0x2 
 .rodata.MyManuInfo
                0x0000000000008f70        0xe ./User/USB_Serial/src/usb_desc.o
                0x0000000000008f70                MyManuInfo
 *fill*         0x0000000000008f7e        0x2 
 .rodata.MyProdInfo
                0x0000000000008f80       0x16 ./User/USB_Serial/src/usb_desc.o
                0x0000000000008f80                MyProdInfo
 *fill*         0x0000000000008f96        0x2 
 .rodata.MySerNumInfo
                0x0000000000008f98       0x16 ./User/USB_Serial/src/usb_desc.o
                0x0000000000008f98                MySerNumInfo
 *fill*         0x0000000000008fae        0x2 
 .rodata.cfg    0x0000000000008fb0       0x54 ./User/Features/src/fs.o
                0x0000000000008fb0                cfg
 .rodata.__func__.3666
                0x0000000000009004        0xc ./User/FAT/src/lfs.o
 .rodata.__func__.3712
                0x0000000000009010        0xd ./User/FAT/src/lfs.o
 *fill*         0x000000000000901d        0x3 
 .rodata.__func__.3723
                0x0000000000009020        0xc ./User/FAT/src/lfs.o
 .rodata.__func__.3735
                0x000000000000902c        0xc ./User/FAT/src/lfs.o
 .rodata.__func__.3745
                0x0000000000009038        0xd ./User/FAT/src/lfs.o
 *fill*         0x0000000000009045        0x3 
 .rodata.__func__.4022
                0x0000000000009048       0x11 ./User/FAT/src/lfs.o
 *fill*         0x0000000000009059        0x3 
 .rodata.__func__.4106
                0x000000000000905c       0x11 ./User/FAT/src/lfs.o
 *fill*         0x000000000000906d        0x3 
 .rodata.__func__.4337
                0x0000000000009070       0x10 ./User/FAT/src/lfs.o
 .rodata.__func__.4377
                0x0000000000009080       0x19 ./User/FAT/src/lfs.o
 *fill*         0x0000000000009099        0x3 
 .rodata.__func__.4434
                0x000000000000909c       0x18 ./User/FAT/src/lfs.o
 .rodata.__func__.4678
                0x00000000000090b4        0xf ./User/FAT/src/lfs.o
 *fill*         0x00000000000090c3        0x1 
 .rodata.__func__.4706
                0x00000000000090c4       0x10 ./User/FAT/src/lfs.o
 .rodata.__func__.4840
                0x00000000000090d4        0x9 ./User/FAT/src/lfs.o
 *fill*         0x00000000000090dd        0x3 
 .rodata.__func__.4853
                0x00000000000090e0        0xc ./User/FAT/src/lfs.o
 .rodata.__func__.4978
                0x00000000000090ec       0x13 ./User/FAT/src/lfs.o
 *fill*         0x00000000000090ff        0x1 
 .rodata.__func__.4995
                0x0000000000009100        0xe ./User/FAT/src/lfs.o
 *fill*         0x000000000000910e        0x2 
 .rodata.__func__.5126
                0x0000000000009110        0xe ./User/FAT/src/lfs.o
 *fill*         0x000000000000911e        0x2 
 .rodata.__func__.5141
                0x0000000000009120        0xf ./User/FAT/src/lfs.o
 *fill*         0x000000000000912f        0x1 
 .rodata.__func__.5155
                0x0000000000009130        0xe ./User/FAT/src/lfs.o
 *fill*         0x000000000000913e        0x2 
 .rodata.__func__.5164
                0x0000000000009140        0xf ./User/FAT/src/lfs.o
 *fill*         0x000000000000914f        0x1 
 .rodata.__func__.5173
                0x0000000000009150        0xe ./User/FAT/src/lfs.o
 *fill*         0x000000000000915e        0x2 
 .rodata.defaults.4606
                0x0000000000009160        0xc ./User/FAT/src/lfs.o
 .rodata.lfs_alloc.str1.4
                0x000000000000916c       0x29 ./User/FAT/src/lfs.o
 .rodata.lfs_bd_erase.str1.4
                0x0000000000009195       0x29 ./User/FAT/src/lfs.o
                                         0x19 (size before relaxing)
 *fill*         0x0000000000009195        0x3 
 .rodata.lfs_bd_flush.str1.4
                0x0000000000009198       0x21 ./User/FAT/src/lfs.o
 *fill*         0x00000000000091b9        0x3 
 .rodata.lfs_bd_prog.str1.4
                0x00000000000091bc       0x7f ./User/FAT/src/lfs.o
 *fill*         0x000000000000923b        0x1 
 .rodata.lfs_bd_read.str1.4
                0x000000000000923c       0x52 ./User/FAT/src/lfs.o
 *fill*         0x000000000000928e        0x2 
 .rodata.lfs_dir_compact.str1.4
                0x0000000000009290       0x5e ./User/FAT/src/lfs.o
 *fill*         0x00000000000092ee        0x2 
 .rodata.lfs_dir_fetchmatch.str1.4
                0x00000000000092f0       0x35 ./User/FAT/src/lfs.o
                                         0x39 (size before relaxing)
 *fill*         0x0000000000009325        0x3 
 .rodata.lfs_dir_find.str1.4
                0x0000000000009328        0x3 ./User/FAT/src/lfs.o
 *fill*         0x000000000000932b        0x1 
 .rodata.lfs_dir_getinfo.str1.4
                0x000000000000932c        0x2 ./User/FAT/src/lfs.o
 *fill*         0x000000000000932e        0x2 
 .rodata.lfs_dir_orphaningcommit.str1.4
                0x0000000000009330       0xa5 ./User/FAT/src/lfs.o
 *fill*         0x00000000000093d5        0x3 
 .rodata.lfs_dir_relocatingcommit.str1.4
                0x00000000000093d8       0xa3 ./User/FAT/src/lfs.o
 *fill*         0x000000000000947b        0x1 
 .rodata.lfs_dir_traverse.constprop.45.str1.4
                0x000000000000947c        0x7 ./User/FAT/src/lfs.o
 *fill*         0x0000000000009483        0x1 
 .rodata.lfs_file_close.str1.4
                0x0000000000009484       0x36 ./User/FAT/src/lfs.o
 *fill*         0x00000000000094ba        0x2 
 .rodata.lfs_file_open.str1.4
                0x00000000000094bc       0x37 ./User/FAT/src/lfs.o
 *fill*         0x00000000000094f3        0x1 
 .rodata.lfs_file_read.str1.4
                0x00000000000094f4       0x2d ./User/FAT/src/lfs.o
 *fill*         0x0000000000009521        0x3 
 .rodata.lfs_file_relocate.str1.4
                0x0000000000009524       0x23 ./User/FAT/src/lfs.o
 *fill*         0x0000000000009547        0x1 
 .rodata.lfs_file_write_.str1.4
                0x0000000000009548       0x2d ./User/FAT/src/lfs.o
 *fill*         0x0000000000009575        0x3 
 .rodata.lfs_format.str1.4
                0x0000000000009578       0x21 ./User/FAT/src/lfs.o
 *fill*         0x0000000000009599        0x3 
 .rodata.lfs_fs_deorphan.part.36.str1.4
                0x000000000000959c       0xb9 ./User/FAT/src/lfs.o
 *fill*         0x0000000000009655        0x3 
 .rodata.lfs_fs_forceconsistency.str1.4
                0x0000000000009658       0x99 ./User/FAT/src/lfs.o
 *fill*         0x00000000000096f1        0x3 
 .rodata.lfs_fs_preporphans.isra.25.str1.4
                0x00000000000096f4       0x6e ./User/FAT/src/lfs.o
 *fill*         0x0000000000009762        0x2 
 .rodata.lfs_init.str1.4
                0x0000000000009764      0x527 ./User/FAT/src/lfs.o
 *fill*         0x0000000000009c8b        0x1 
 .rodata.lfs_mount.str1.4
                0x0000000000009c8c      0x1af ./User/FAT/src/lfs.o
 *fill*         0x0000000000009e3b        0x1 
 .rodata.lfs_tortoise_detectcycles.str1.4
                0x0000000000009e3c       0x2b ./User/FAT/src/lfs.o
 *fill*         0x0000000000009e67        0x1 
 .rodata.rtable.3322
                0x0000000000009e68       0x40 ./User/FAT/src/lfs_util.o
 .rodata.main.str1.4
                0x0000000000009ea8       0x16 ./User/main.o
 *fill*         0x0000000000009ebe        0x2 
 .rodata.test_lfs.str1.4
                0x0000000000009ec0       0x1c ./User/main.o
 .rodata.__clz_tab
                0x0000000000009edc      0x100 c:/mounriver/mounriver_studio2/resources/app/resources/win32/components/wch/toolchain/risc-v embedded gcc/bin/../lib/gcc/riscv-none-embed/8.2.0/rv32imacxw/ilp32\libgcc.a(_clz.o)
                0x0000000000009edc                __clz_tab
 .rodata.__assert_func.str1.4
                0x0000000000009fdc       0x3f c:/mounriver/mounriver_studio2/resources/app/resources/win32/components/wch/toolchain/risc-v embedded gcc/bin/../lib/gcc/riscv-none-embed/8.2.0/../../../../riscv-none-embed/lib/rv32imacxw/ilp32\libg_nano.a(lib_a-assert.o)
                                         0x43 (size before relaxing)
 *fill*         0x000000000000a01b        0x1 
 .rodata._vfprintf_r.str1.4
                0x000000000000a01c       0x13 c:/mounriver/mounriver_studio2/resources/app/resources/win32/components/wch/toolchain/risc-v embedded gcc/bin/../lib/gcc/riscv-none-embed/8.2.0/../../../../riscv-none-embed/lib/rv32imacxw/ilp32\libg_nano.a(lib_a-nano-vfprintf.o)
 *fill*         0x000000000000a02f        0x1 
 .rodata._printf_i.str1.4
                0x000000000000a030       0x28 c:/mounriver/mounriver_studio2/resources/app/resources/win32/components/wch/toolchain/risc-v embedded gcc/bin/../lib/gcc/riscv-none-embed/8.2.0/../../../../riscv-none-embed/lib/rv32imacxw/ilp32\libg_nano.a(lib_a-nano-vfprintf_i.o)
                                         0x25 (size before relaxing)
 .rodata.__sf_fake_stderr
                0x000000000000a058       0x20 c:/mounriver/mounriver_studio2/resources/app/resources/win32/components/wch/toolchain/risc-v embedded gcc/bin/../lib/gcc/riscv-none-embed/8.2.0/../../../../riscv-none-embed/lib/rv32imacxw/ilp32\libg_nano.a(lib_a-findfp.o)
                0x000000000000a058                __sf_fake_stderr
 .rodata.__sf_fake_stdin
                0x000000000000a078       0x20 c:/mounriver/mounriver_studio2/resources/app/resources/win32/components/wch/toolchain/risc-v embedded gcc/bin/../lib/gcc/riscv-none-embed/8.2.0/../../../../riscv-none-embed/lib/rv32imacxw/ilp32\libg_nano.a(lib_a-findfp.o)
                0x000000000000a078                __sf_fake_stdin
 .rodata.__sf_fake_stdout
                0x000000000000a098       0x20 c:/mounriver/mounriver_studio2/resources/app/resources/win32/components/wch/toolchain/risc-v embedded gcc/bin/../lib/gcc/riscv-none-embed/8.2.0/../../../../riscv-none-embed/lib/rv32imacxw/ilp32\libg_nano.a(lib_a-findfp.o)
                0x000000000000a098                __sf_fake_stdout
 *(.gnu.linkonce.t.*)
                0x000000000000a0b8                . = ALIGN (0x4)

.rela.dyn       0x000000000000a0b8        0x0
 .rela.init     0x000000000000a0b8        0x0 ./User/comms/src/comms.o
 .rela.vector   0x000000000000a0b8        0x0 ./User/comms/src/comms.o
 .rela.text.handle_reset
                0x000000000000a0b8        0x0 ./User/comms/src/comms.o
 .rela.text._sbrk
                0x000000000000a0b8        0x0 ./User/comms/src/comms.o
 .rela.sdata.curbrk.4749
                0x000000000000a0b8        0x0 ./User/comms/src/comms.o
 .rela.text._vfprintf_r
                0x000000000000a0b8        0x0 ./User/comms/src/comms.o
 .rela.text._sbrk_r
                0x000000000000a0b8        0x0 ./User/comms/src/comms.o
 .rela.text._kill_r
                0x000000000000a0b8        0x0 ./User/comms/src/comms.o
 .rela.text._write_r
                0x000000000000a0b8        0x0 ./User/comms/src/comms.o
 .rela.text._close_r
                0x000000000000a0b8        0x0 ./User/comms/src/comms.o
 .rela.text._fstat_r
                0x000000000000a0b8        0x0 ./User/comms/src/comms.o
 .rela.text._isatty_r
                0x000000000000a0b8        0x0 ./User/comms/src/comms.o
 .rela.text._lseek_r
                0x000000000000a0b8        0x0 ./User/comms/src/comms.o
 .rela.text._read_r
                0x000000000000a0b8        0x0 ./User/comms/src/comms.o
 .rela.text._close
                0x000000000000a0b8        0x0 ./User/comms/src/comms.o
 .rela.text._fstat
                0x000000000000a0b8        0x0 ./User/comms/src/comms.o
 .rela.text._getpid
                0x000000000000a0b8        0x0 ./User/comms/src/comms.o
 .rela.text._isatty
                0x000000000000a0b8        0x0 ./User/comms/src/comms.o
 .rela.text._kill
                0x000000000000a0b8        0x0 ./User/comms/src/comms.o
 .rela.text._lseek
                0x000000000000a0b8        0x0 ./User/comms/src/comms.o
 .rela.text._read
                0x000000000000a0b8        0x0 ./User/comms/src/comms.o

.fini           0x000000000000a0b8        0x0
 *(SORT_NONE(.fini))
                0x000000000000a0b8                . = ALIGN (0x4)
                [!provide]                        PROVIDE (_etext = .)
                [!provide]                        PROVIDE (_eitcm = .)

.preinit_array  0x000000000000a0b8        0x0
                [!provide]                        PROVIDE (__preinit_array_start = .)
 *(.preinit_array)
                [!provide]                        PROVIDE (__preinit_array_end = .)

.init_array     0x000000000000a0b8        0x0
                [!provide]                        PROVIDE (__init_array_start = .)
 *(SORT_BY_INIT_PRIORITY(.init_array.*) SORT_BY_INIT_PRIORITY(.ctors.*))
 *(.init_array EXCLUDE_FILE(*crtend?.o *crtend.o *crtbegin?.o *crtbegin.o) .ctors)
                [!provide]                        PROVIDE (__init_array_end = .)

.fini_array     0x000000000000a0b8        0x0
                [!provide]                        PROVIDE (__fini_array_start = .)
 *(SORT_BY_INIT_PRIORITY(.fini_array.*) SORT_BY_INIT_PRIORITY(.dtors.*))
 *(.fini_array EXCLUDE_FILE(*crtend?.o *crtend.o *crtbegin?.o *crtbegin.o) .dtors)
                [!provide]                        PROVIDE (__fini_array_end = .)

.ctors
 *crtbegin.o(.ctors)
 *crtbegin?.o(.ctors)
 *(EXCLUDE_FILE(*crtend?.o *crtend.o) .ctors)
 *(SORT_BY_NAME(.ctors.*))
 *(.ctors)

.dtors
 *crtbegin.o(.dtors)
 *crtbegin?.o(.dtors)
 *(EXCLUDE_FILE(*crtend?.o *crtend.o) .dtors)
 *(SORT_BY_NAME(.dtors.*))
 *(.dtors)

.dalign         0x0000000020000000        0x0 load address 0x000000000000a0b8
                0x0000000020000000                . = ALIGN (0x4)
                0x0000000020000000                PROVIDE (_data_vma = .)

.dlalign        0x000000000000a0b8        0x0
                0x000000000000a0b8                . = ALIGN (0x4)
                0x000000000000a0b8                PROVIDE (_data_lma = .)

.data           0x0000000020000000       0xa0 load address 0x000000000000a0b8
 *(.gnu.linkonce.r.*)
 *(.data .data.*)
 .data.AHBPrescTable
                0x0000000020000000       0x10 ./User/system_ch32v20x.o
                0x0000000020000000                AHBPrescTable
 .data.APBAHBPrescTable
                0x0000000020000010       0x10 ./Peripheral/src/ch32v20x_rcc.o
 .data.impure_data
                0x0000000020000020       0x60 c:/mounriver/mounriver_studio2/resources/app/resources/win32/components/wch/toolchain/risc-v embedded gcc/bin/../lib/gcc/riscv-none-embed/8.2.0/../../../../riscv-none-embed/lib/rv32imacxw/ilp32\libg_nano.a(lib_a-impure.o)
 *(.gnu.linkonce.d.*)
                0x0000000020000080                . = ALIGN (0x8)
                0x0000000020000880                PROVIDE (__global_pointer$ = (. + 0x800))
 *(.sdata .sdata.*)
 .sdata.g_line_coding
                0x0000000020000080        0x7 ./User/USB_Serial/src/ch32v20x_usbfs_device.o
 *fill*         0x0000000020000087        0x1 
 .sdata.SystemCoreClock
                0x0000000020000088        0x4 ./User/system_ch32v20x.o
                0x0000000020000088                SystemCoreClock
 .sdata.ADCPrescTable
                0x000000002000008c        0x4 ./Peripheral/src/ch32v20x_rcc.o
 .sdata.curbrk.4749
                0x0000000020000090        0x4 ./Debug/debug.o
 .sdata._impure_ptr
                0x0000000020000094        0x4 c:/mounriver/mounriver_studio2/resources/app/resources/win32/components/wch/toolchain/risc-v embedded gcc/bin/../lib/gcc/riscv-none-embed/8.2.0/../../../../riscv-none-embed/lib/rv32imacxw/ilp32\libg_nano.a(lib_a-impure.o)
                0x0000000020000094                _impure_ptr
 *(.sdata2.*)
 .sdata2.MyLangDescr
                0x0000000020000098        0x4 ./User/USB_Serial/src/usb_desc.o
                0x0000000020000098                MyLangDescr
 .sdata2._global_impure_ptr
                0x000000002000009c        0x4 c:/mounriver/mounriver_studio2/resources/app/resources/win32/components/wch/toolchain/risc-v embedded gcc/bin/../lib/gcc/riscv-none-embed/8.2.0/../../../../riscv-none-embed/lib/rv32imacxw/ilp32\libg_nano.a(lib_a-impure.o)
                0x000000002000009c                _global_impure_ptr
 *(.gnu.linkonce.s.*)
                0x00000000200000a0                . = ALIGN (0x8)
 *(.srodata.cst16)
 *(.srodata.cst8)
 *(.srodata.cst4)
 *(.srodata.cst2)
 *(.srodata .srodata.*)
                0x00000000200000a0                . = ALIGN (0x4)
                0x00000000200000a0                PROVIDE (_edata = .)

.bss            0x00000000200000a0     0x2ca8 load address 0x000000000000a158
                0x00000000200000a0                . = ALIGN (0x4)
                0x00000000200000a0                PROVIDE (_sbss = .)
 *(.sbss*)
 .sbss.USBFS_DevAddr
                0x00000000200000a0        0x1 ./User/USB_Serial/src/ch32v20x_usbfs_device.o
                0x00000000200000a0                USBFS_DevAddr
 .sbss.USBFS_DevConfig
                0x00000000200000a1        0x1 ./User/USB_Serial/src/ch32v20x_usbfs_device.o
                0x00000000200000a1                USBFS_DevConfig
 .sbss.USBFS_DevEnumStatus
                0x00000000200000a2        0x1 ./User/USB_Serial/src/ch32v20x_usbfs_device.o
                0x00000000200000a2                USBFS_DevEnumStatus
 .sbss.USBFS_DevSleepStatus
                0x00000000200000a3        0x1 ./User/USB_Serial/src/ch32v20x_usbfs_device.o
                0x00000000200000a3                USBFS_DevSleepStatus
 .sbss.USBFS_Endp_Busy
                0x00000000200000a4        0x8 ./User/USB_Serial/src/ch32v20x_usbfs_device.o
                0x00000000200000a4                USBFS_Endp_Busy
 .sbss.USBFS_SetupReqCode
                0x00000000200000ac        0x1 ./User/USB_Serial/src/ch32v20x_usbfs_device.o
                0x00000000200000ac                USBFS_SetupReqCode
 *fill*         0x00000000200000ad        0x1 
 .sbss.USBFS_SetupReqIndex
                0x00000000200000ae        0x2 ./User/USB_Serial/src/ch32v20x_usbfs_device.o
                0x00000000200000ae                USBFS_SetupReqIndex
 .sbss.USBFS_SetupReqLen
                0x00000000200000b0        0x2 ./User/USB_Serial/src/ch32v20x_usbfs_device.o
                0x00000000200000b0                USBFS_SetupReqLen
 .sbss.USBFS_SetupReqType
                0x00000000200000b2        0x1 ./User/USB_Serial/src/ch32v20x_usbfs_device.o
                0x00000000200000b2                USBFS_SetupReqType
 *fill*         0x00000000200000b3        0x1 
 .sbss.USBFS_SetupReqValue
                0x00000000200000b4        0x2 ./User/USB_Serial/src/ch32v20x_usbfs_device.o
                0x00000000200000b4                USBFS_SetupReqValue
 *fill*         0x00000000200000b6        0x2 
 .sbss.pUSBFS_Descr
                0x00000000200000b8        0x4 ./User/USB_Serial/src/ch32v20x_usbfs_device.o
                0x00000000200000b8                pUSBFS_Descr
 .sbss.rx_head  0x00000000200000bc        0x2 ./User/USB_Serial/src/usb_serial.o
 .sbss.rx_tail  0x00000000200000be        0x2 ./User/USB_Serial/src/usb_serial.o
 .sbss.tx_head  0x00000000200000c0        0x2 ./User/USB_Serial/src/usb_serial.o
 .sbss.tx_pending_kick
                0x00000000200000c2        0x1 ./User/USB_Serial/src/usb_serial.o
 *fill*         0x00000000200000c3        0x1 
 .sbss.tx_tail  0x00000000200000c4        0x2 ./User/USB_Serial/src/usb_serial.o
 *fill*         0x00000000200000c6        0x2 
 .sbss.pio_count
                0x00000000200000c8        0x4 ./User/ch32v20x_it.o
                0x00000000200000c8                pio_count
 .sbss.pio_head
                0x00000000200000cc        0x4 ./User/ch32v20x_it.o
                0x00000000200000cc                pio_head
 .sbss.MCU_Version
                0x00000000200000d0        0x1 ./Peripheral/src/ch32v20x_gpio.o
                0x00000000200000d0                MCU_Version
 *fill*         0x00000000200000d1        0x3 
 .sbss.NVIC_Priority_Group
                0x00000000200000d4        0x4 ./Peripheral/src/ch32v20x_misc.o
                0x00000000200000d4                NVIC_Priority_Group
 .sbss.p_ms     0x00000000200000d8        0x2 ./Debug/debug.o
 .sbss.p_us     0x00000000200000da        0x1 ./Debug/debug.o
 *fill*         0x00000000200000db        0x1 
 .sbss.__malloc_free_list
                0x00000000200000dc        0x4 c:/mounriver/mounriver_studio2/resources/app/resources/win32/components/wch/toolchain/risc-v embedded gcc/bin/../lib/gcc/riscv-none-embed/8.2.0/../../../../riscv-none-embed/lib/rv32imacxw/ilp32\libg_nano.a(lib_a-nano-mallocr.o)
                0x00000000200000dc                __malloc_free_list
 .sbss.__malloc_sbrk_start
                0x00000000200000e0        0x4 c:/mounriver/mounriver_studio2/resources/app/resources/win32/components/wch/toolchain/risc-v embedded gcc/bin/../lib/gcc/riscv-none-embed/8.2.0/../../../../riscv-none-embed/lib/rv32imacxw/ilp32\libg_nano.a(lib_a-nano-mallocr.o)
                0x00000000200000e0                __malloc_sbrk_start
 *(.gnu.linkonce.sb.*)
 *(.bss*)
 .bss.USBFS_EP0_Buf
                0x00000000200000e4       0x40 ./User/USB_Serial/src/ch32v20x_usbfs_device.o
                0x00000000200000e4                USBFS_EP0_Buf
 .bss.USBFS_EP1_Buf
                0x0000000020000124       0x40 ./User/USB_Serial/src/ch32v20x_usbfs_device.o
                0x0000000020000124                USBFS_EP1_Buf
 .bss.USBFS_EP2_Buf
                0x0000000020000164       0x40 ./User/USB_Serial/src/ch32v20x_usbfs_device.o
                0x0000000020000164                USBFS_EP2_Buf
 .bss.USBFS_EP3_Buf
                0x00000000200001a4       0x40 ./User/USB_Serial/src/ch32v20x_usbfs_device.o
                0x00000000200001a4                USBFS_EP3_Buf
 .bss.rx_ring   0x00000000200001e4      0x800 ./User/USB_Serial/src/usb_serial.o
 .bss.tx_ring   0x00000000200009e4      0x800 ./User/USB_Serial/src/usb_serial.o
 .bss.file_handles
                0x00000000200011e4      0x370 ./User/Features/src/fs.o
                0x00000000200011e4                file_handles
 .bss.lfs       0x0000000020001554       0x80 ./User/Features/src/fs.o
                0x0000000020001554                lfs
 .bss.pio_buffer
                0x00000000200015d4     0x1770 ./User/ch32v20x_it.o
                0x00000000200015d4                pio_buffer
 *(.gnu.linkonce.b.*)
 *(COMMON*)
 COMMON         0x0000000020002d44        0x4 c:/mounriver/mounriver_studio2/resources/app/resources/win32/components/wch/toolchain/risc-v embedded gcc/bin/../lib/gcc/riscv-none-embed/8.2.0/../../../../riscv-none-embed/lib/rv32imacxw/ilp32\libg_nano.a(lib_a-reent.o)
                0x0000000020002d44                errno
                0x0000000020002d48                . = ALIGN (0x4)
                0x0000000020002d48                PROVIDE (_ebss = .)
                0x0000000020002d48                PROVIDE (_end = _ebss)
                [!provide]                        PROVIDE (end = .)

.stack          0x0000000020004800      0x800
                0x0000000020004800                PROVIDE (_heap_end = .)
                0x0000000020004800                . = ALIGN (0x4)
                [!provide]                        PROVIDE (_susrstack = .)
                0x0000000020005000                . = (. + __stack_size)
 *fill*         0x0000000020004800      0x800 
                0x0000000020005000                PROVIDE (_eusrstack = .)
OUTPUT(not232.elf elf32-littleriscv)

.debug_info     0x0000000000000000    0x2e9b3
 .debug_info    0x0000000000000000     0x1d61 ./User/comms/src/comms.o
 .debug_info    0x0000000000001d61     0x117c ./User/VMIOX/src/execute.o
 .debug_info    0x0000000000002edd      0xad9 ./User/VMIOX/src/opcodes.o
 .debug_info    0x00000000000039b6     0x17c6 ./User/USB_Serial/src/ch32v20x_usbfs_device.o
 .debug_info    0x000000000000517c      0xa4c ./User/USB_Serial/src/usb_desc.o
 .debug_info    0x0000000000005bc8     0x1377 ./User/USB_Serial/src/usb_serial.o
 .debug_info    0x0000000000006f3f      0xe6b ./User/Features/src/adc.o
 .debug_info    0x0000000000007daa     0x1d0b ./User/Features/src/fs.o
 .debug_info    0x0000000000009ab5      0xd90 ./User/Features/src/gpio.o
 .debug_info    0x000000000000a845     0x1353 ./User/Features/src/i2c.o
 .debug_info    0x000000000000bb98      0xe12 ./User/Features/src/neopixel.o
 .debug_info    0x000000000000c9aa      0xd10 ./User/Features/src/one_wire.o
 .debug_info    0x000000000000d6ba     0x16fe ./User/Features/src/pulse_in.o
 .debug_info    0x000000000000edb8      0xa8f ./User/Features/src/pulse_out.o
 .debug_info    0x000000000000f847     0x10a4 ./User/Features/src/pwm.o
 .debug_info    0x00000000000108eb     0x10c1 ./User/Features/src/spi.o
 .debug_info    0x00000000000119ac      0xba5 ./User/Features/src/touchkey.o
 .debug_info    0x0000000000012551     0xcc3f ./User/FAT/src/lfs.o
 .debug_info    0x000000000001f190      0xa09 ./User/FAT/src/lfs_util.o
 .debug_info    0x000000000001fb99      0xef7 ./User/ch32v20x_it.o
 .debug_info    0x0000000000020a90     0x15e7 ./User/main.o
 .debug_info    0x0000000000022077      0xbbe ./User/system_ch32v20x.o
 .debug_info    0x0000000000022c35       0x22 ./Startup/startup_ch32v20x_D6.o
 .debug_info    0x0000000000022c57     0x172b ./Peripheral/src/ch32v20x_adc.o
 .debug_info    0x0000000000024382      0xc5a ./Peripheral/src/ch32v20x_exti.o
 .debug_info    0x0000000000024fdc     0x1636 ./Peripheral/src/ch32v20x_flash.o
 .debug_info    0x0000000000026612     0x1370 ./Peripheral/src/ch32v20x_gpio.o
 .debug_info    0x0000000000027982      0xeb4 ./Peripheral/src/ch32v20x_misc.o
 .debug_info    0x0000000000028836     0x12a8 ./Peripheral/src/ch32v20x_rcc.o
 .debug_info    0x0000000000029ade     0x2aff ./Peripheral/src/ch32v20x_tim.o
 .debug_info    0x000000000002c5dd     0x1391 ./Peripheral/src/ch32v20x_usart.o
 .debug_info    0x000000000002d96e     0x1045 ./Debug/debug.o

.debug_abbrev   0x0000000000000000     0x66a3
 .debug_abbrev  0x0000000000000000      0x2ee ./User/comms/src/comms.o
 .debug_abbrev  0x00000000000002ee      0x323 ./User/VMIOX/src/execute.o
 .debug_abbrev  0x0000000000000611      0x232 ./User/VMIOX/src/opcodes.o
 .debug_abbrev  0x0000000000000843      0x3bb ./User/USB_Serial/src/ch32v20x_usbfs_device.o
 .debug_abbrev  0x0000000000000bfe      0x1ce ./User/USB_Serial/src/usb_desc.o
 .debug_abbrev  0x0000000000000dcc      0x45e ./User/USB_Serial/src/usb_serial.o
 .debug_abbrev  0x000000000000122a      0x2b0 ./User/Features/src/adc.o
 .debug_abbrev  0x00000000000014da      0x4e6 ./User/Features/src/fs.o
 .debug_abbrev  0x00000000000019c0      0x356 ./User/Features/src/gpio.o
 .debug_abbrev  0x0000000000001d16      0x38a ./User/Features/src/i2c.o
 .debug_abbrev  0x00000000000020a0      0x378 ./User/Features/src/neopixel.o
 .debug_abbrev  0x0000000000002418      0x2f2 ./User/Features/src/one_wire.o
 .debug_abbrev  0x000000000000270a      0x39f ./User/Features/src/pulse_in.o
 .debug_abbrev  0x0000000000002aa9      0x247 ./User/Features/src/pulse_out.o
 .debug_abbrev  0x0000000000002cf0      0x2a2 ./User/Features/src/pwm.o
 .debug_abbrev  0x0000000000002f92      0x367 ./User/Features/src/spi.o
 .debug_abbrev  0x00000000000032f9      0x283 ./User/Features/src/touchkey.o
 .debug_abbrev  0x000000000000357c      0x65e ./User/FAT/src/lfs.o
 .debug_abbrev  0x0000000000003bda      0x223 ./User/FAT/src/lfs_util.o
 .debug_abbrev  0x0000000000003dfd      0x314 ./User/ch32v20x_it.o
 .debug_abbrev  0x0000000000004111      0x30c ./User/main.o
 .debug_abbrev  0x000000000000441d      0x2c9 ./User/system_ch32v20x.o
 .debug_abbrev  0x00000000000046e6       0x12 ./Startup/startup_ch32v20x_D6.o
 .debug_abbrev  0x00000000000046f8      0x3b2 ./Peripheral/src/ch32v20x_adc.o
 .debug_abbrev  0x0000000000004aaa      0x2e3 ./Peripheral/src/ch32v20x_exti.o
 .debug_abbrev  0x0000000000004d8d      0x49f ./Peripheral/src/ch32v20x_flash.o
 .debug_abbrev  0x000000000000522c      0x354 ./Peripheral/src/ch32v20x_gpio.o
 .debug_abbrev  0x0000000000005580      0x2e1 ./Peripheral/src/ch32v20x_misc.o
 .debug_abbrev  0x0000000000005861      0x374 ./Peripheral/src/ch32v20x_rcc.o
 .debug_abbrev  0x0000000000005bd5      0x418 ./Peripheral/src/ch32v20x_tim.o
 .debug_abbrev  0x0000000000005fed      0x337 ./Peripheral/src/ch32v20x_usart.o
 .debug_abbrev  0x0000000000006324      0x37f ./Debug/debug.o

.debug_loc      0x0000000000000000    0x10ec3
 .debug_loc     0x0000000000000000      0xad8 ./User/comms/src/comms.o
 .debug_loc     0x0000000000000ad8      0x4d6 ./User/VMIOX/src/execute.o
 .debug_loc     0x0000000000000fae      0x164 ./User/VMIOX/src/opcodes.o
 .debug_loc     0x0000000000001112      0x464 ./User/USB_Serial/src/ch32v20x_usbfs_device.o
 .debug_loc     0x0000000000001576      0x55b ./User/USB_Serial/src/usb_serial.o
 .debug_loc     0x0000000000001ad1       0x34 ./User/Features/src/adc.o
 .debug_loc     0x0000000000001b05      0x940 ./User/Features/src/fs.o
 .debug_loc     0x0000000000002445      0x3dc ./User/Features/src/gpio.o
 .debug_loc     0x0000000000002821      0x784 ./User/Features/src/i2c.o
 .debug_loc     0x0000000000002fa5      0x261 ./User/Features/src/neopixel.o
 .debug_loc     0x0000000000003206      0x13f ./User/Features/src/one_wire.o
 .debug_loc     0x0000000000003345      0x168 ./User/Features/src/pulse_in.o
 .debug_loc     0x00000000000034ad       0xc8 ./User/Features/src/pulse_out.o
 .debug_loc     0x0000000000003575       0x1e ./User/Features/src/pwm.o
 .debug_loc     0x0000000000003593      0x998 ./User/Features/src/spi.o
 .debug_loc     0x0000000000003f2b       0x60 ./User/Features/src/touchkey.o
 .debug_loc     0x0000000000003f8b     0x834c ./User/FAT/src/lfs.o
 .debug_loc     0x000000000000c2d7       0x60 ./User/FAT/src/lfs_util.o